Component: Arm Compiler for Embedded 6.21 Tool: armlink [5ec1fa00]

==============================================================================

Section Cross References

    startup_stm32f103xe.o(STACK) refers (Special) to heapauxi.o(.text) for __use_two_region_memory
    startup_stm32f103xe.o(HEAP) refers (Special) to heapauxi.o(.text) for __use_two_region_memory
    startup_stm32f103xe.o(RESET) refers (Special) to heapauxi.o(.text) for __use_two_region_memory
    startup_stm32f103xe.o(RESET) refers to startup_stm32f103xe.o(STACK) for __initial_sp
    startup_stm32f103xe.o(RESET) refers to startup_stm32f103xe.o(.text) for Reset_Handler
    startup_stm32f103xe.o(RESET) refers to stm32f1xx_it.o(.text.NMI_Handler) for NMI_Handler
    startup_stm32f103xe.o(RESET) refers to stm32f1xx_it.o(.text.HardFault_Handler) for HardFault_Handler
    startup_stm32f103xe.o(RESET) refers to stm32f1xx_it.o(.text.MemManage_Handler) for MemManage_Handler
    startup_stm32f103xe.o(RESET) refers to stm32f1xx_it.o(.text.BusFault_Handler) for BusFault_Handler
    startup_stm32f103xe.o(RESET) refers to stm32f1xx_it.o(.text.UsageFault_Handler) for UsageFault_Handler
    startup_stm32f103xe.o(RESET) refers to stm32f1xx_it.o(.text.SVC_Handler) for SVC_Handler
    startup_stm32f103xe.o(RESET) refers to stm32f1xx_it.o(.text.DebugMon_Handler) for DebugMon_Handler
    startup_stm32f103xe.o(RESET) refers to stm32f1xx_it.o(.text.PendSV_Handler) for PendSV_Handler
    startup_stm32f103xe.o(RESET) refers to stm32f1xx_it.o(.text.SysTick_Handler) for SysTick_Handler
    startup_stm32f103xe.o(RESET) refers to stm32f1xx_it.o(.text.EXTI0_IRQHandler) for EXTI0_IRQHandler
    startup_stm32f103xe.o(RESET) refers to stm32f1xx_it.o(.text.EXTI1_IRQHandler) for EXTI1_IRQHandler
    startup_stm32f103xe.o(RESET) refers to stm32f1xx_it.o(.text.EXTI2_IRQHandler) for EXTI2_IRQHandler
    startup_stm32f103xe.o(RESET) refers to stm32f1xx_it.o(.text.EXTI3_IRQHandler) for EXTI3_IRQHandler
    startup_stm32f103xe.o(RESET) refers to stm32f1xx_it.o(.text.EXTI4_IRQHandler) for EXTI4_IRQHandler
    startup_stm32f103xe.o(RESET) refers to stm32f1xx_it.o(.text.DMA1_Channel1_IRQHandler) for DMA1_Channel1_IRQHandler
    startup_stm32f103xe.o(RESET) refers to stm32f1xx_it.o(.text.EXTI9_5_IRQHandler) for EXTI9_5_IRQHandler
    startup_stm32f103xe.o(RESET) refers to stm32f1xx_it.o(.text.EXTI15_10_IRQHandler) for EXTI15_10_IRQHandler
    startup_stm32f103xe.o(.text) refers (Special) to heapauxi.o(.text) for __use_two_region_memory
    startup_stm32f103xe.o(.text) refers to system_stm32f1xx.o(.text.SystemInit) for SystemInit
    startup_stm32f103xe.o(.text) refers to __main.o(!!!main) for __main
    startup_stm32f103xe.o(.text) refers to startup_stm32f103xe.o(HEAP) for Heap_Mem
    startup_stm32f103xe.o(.text) refers to startup_stm32f103xe.o(STACK) for Stack_Mem
    main.o(.text) refers (Special) to _printf_percent.o(.ARM.Collect$$_printf_percent$$00000000) for _printf_percent
    main.o(.text) refers (Special) to _printf_d.o(.ARM.Collect$$_printf_percent$$00000009) for _printf_d
    main.o(.text) refers (Special) to _printf_dec.o(.text) for _printf_int_dec
    main.o(.text.HAL_ADC_ConvCpltCallback) refers (Special) to _printf_percent.o(.ARM.Collect$$_printf_percent$$00000000) for _printf_percent
    main.o(.text.HAL_ADC_ConvCpltCallback) refers (Special) to _printf_d.o(.ARM.Collect$$_printf_percent$$00000009) for _printf_d
    main.o(.text.HAL_ADC_ConvCpltCallback) refers (Special) to _printf_dec.o(.text) for _printf_int_dec
    main.o(.text.HAL_ADC_ConvCpltCallback) refers to main.o(.bss..L_MergedGlobals.20) for .L_MergedGlobals.20
    main.o(.text.HAL_ADC_ConvCpltCallback) refers to stm32f1xx_hal_adc.o(.text.HAL_ADC_Start_DMA) for HAL_ADC_Start_DMA
    main.o(.ARM.exidx.text.HAL_ADC_ConvCpltCallback) refers (Special) to _printf_percent.o(.ARM.Collect$$_printf_percent$$00000000) for _printf_percent
    main.o(.ARM.exidx.text.HAL_ADC_ConvCpltCallback) refers (Special) to _printf_d.o(.ARM.Collect$$_printf_percent$$00000009) for _printf_d
    main.o(.ARM.exidx.text.HAL_ADC_ConvCpltCallback) refers (Special) to _printf_dec.o(.text) for _printf_int_dec
    main.o(.ARM.exidx.text.HAL_ADC_ConvCpltCallback) refers to main.o(.text.HAL_ADC_ConvCpltCallback) for [Anonymous Symbol]
    main.o(.text.LCD_init) refers (Special) to _printf_percent.o(.ARM.Collect$$_printf_percent$$00000000) for _printf_percent
    main.o(.text.LCD_init) refers (Special) to _printf_d.o(.ARM.Collect$$_printf_percent$$00000009) for _printf_d
    main.o(.text.LCD_init) refers (Special) to _printf_dec.o(.text) for _printf_int_dec
    main.o(.text.LCD_init) refers to stm32f1xx_hal_gpio.o(.text.HAL_GPIO_WritePin) for HAL_GPIO_WritePin
    main.o(.text.LCD_init) refers to mygpio.o(.text.BUZZER) for BUZZER
    main.o(.text.LCD_init) refers to ili9341.o(.text.LCDInit) for LCDInit
    main.o(.text.LCD_init) refers to ili9341.o(.text.ClearScreen) for ClearScreen
[...]
    i.__kernel_poly                          0x08005584   Section        0  poly.o(i.__kernel_poly)
    i.__mathlib_dbl_divzero                  0x08005630   Section        0  dunder.o(i.__mathlib_dbl_divzero)
    i.__mathlib_dbl_infnan                   0x08005640   Section        0  dunder.o(i.__mathlib_dbl_infnan)
    i.__mathlib_dbl_invalid                  0x08005646   Section        0  dunder.o(i.__mathlib_dbl_invalid)
    i.fputc                                  0x08005652   Section        0  fputc.o(i.fputc)
    i.log                                    0x08005670   Section        0  log.o(i.log)
    x$fpl$d2f                                0x080059cc   Section       98  d2f.o(x$fpl$d2f)
    x$fpl$dadd                               0x08005a30   Section      336  daddsub_clz.o(x$fpl$dadd)
    _dadd1                                   0x08005a41   Thumb Code     0  daddsub_clz.o(x$fpl$dadd)
    x$fpl$dcheck1                            0x08005b80   Section       16  dcheck1.o(x$fpl$dcheck1)
    x$fpl$dcmpinf                            0x08005b90   Section       24  dcmpi.o(x$fpl$dcmpinf)
    x$fpl$ddiv                               0x08005ba8   Section      692  ddiv.o(x$fpl$ddiv)
    ddiv_entry                               0x08005baf   Thumb Code     0  ddiv.o(x$fpl$ddiv)
    x$fpl$deqf                               0x08005e5c   Section      120  deqf.o(x$fpl$deqf)
    x$fpl$dflt                               0x08005ed4   Section       46  dflt_clz.o(x$fpl$dflt)
    x$fpl$dfltu                              0x08005f02   Section       38  dflt_clz.o(x$fpl$dfltu)
    x$fpl$dmul                               0x08005f28   Section      340  dmul.o(x$fpl$dmul)
    x$fpl$dnaninf                            0x0800607c   Section      156  dnaninf.o(x$fpl$dnaninf)
    x$fpl$dretinf                            0x08006118   Section       12  dretinf.o(x$fpl$dretinf)
    x$fpl$drsb                               0x08006124   Section       22  daddsub_clz.o(x$fpl$drsb)
    x$fpl$dsub                               0x0800613c   Section      476  daddsub_clz.o(x$fpl$dsub)
    _dsub1                                   0x0800614d   Thumb Code     0  daddsub_clz.o(x$fpl$dsub)
    x$fpl$f2d                                0x08006318   Section       86  f2d.o(x$fpl$f2d)
    x$fpl$fcmp                               0x0800636e   Section       84  fcmp.o(x$fpl$fcmp)
    x$fpl$fcmpinf                            0x080063c2   Section       24  fcmpi.o(x$fpl$fcmpinf)
    _fdiv1                                   0x080063dd   Thumb Code     0  fdiv.o(x$fpl$fdiv)
    x$fpl$fdiv                               0x080063dc   Section      388  fdiv.o(x$fpl$fdiv)
    x$fpl$feqf                               0x08006560   Section      104  feqf.o(x$fpl$feqf)
    x$fpl$ffix                               0x080065c8   Section       54  ffix.o(x$fpl$ffix)
    x$fpl$fgeqf                              0x08006600   Section      104  fgeqf.o(x$fpl$fgeqf)
    x$fpl$fleqf                              0x08006668   Section      104  fleqf.o(x$fpl$fleqf)
    x$fpl$fmul                               0x080066d0   Section      258  fmul.o(x$fpl$fmul)
    x$fpl$fnaninf                            0x080067d2   Section      140  fnaninf.o(x$fpl$fnaninf)
    x$fpl$fretinf                            0x0800685e   Section       10  fretinf.o(x$fpl$fretinf)
    x$fpl$retnan                             0x08006868   Section      100  retnan.o(x$fpl$retnan)
    x$fpl$scalbn                             0x080068cc   Section       92  scalbn.o(x$fpl$scalbn)
    x$fpl$trapveneer                         0x08006928   Section       48  trapv.o(x$fpl$trapveneer)
    Lg2                                      0x08006958   Data          24  log.o(.constdata)
    .constdata                               0x08006958   Section       56  log.o(.constdata)
    x$fpl$usenofp                            0x08006958   Section        0  usenofp.o(x$fpl$usenofp)
    Lg                                       0x08006970   Data          32  log.o(.constdata)
    .constdata                               0x08006990   Section        8  qnan.o(.constdata)
    HAL_RCC_GetSysClockFreq.aPredivFactorTable 0x080069b0   Data           2  stm32f1xx_hal_rcc.o(.rodata.HAL_RCC_GetSysClockFreq.aPredivFactorTable)
    [Anonymous Symbol]                       0x080069b0   Section        0  stm32f1xx_hal_rcc.o(.rodata.HAL_RCC_GetSysClockFreq.aPredivFactorTable)
    HAL_RCC_GetSysClockFreq.aPLLMULFactorTable 0x0800b7f3   Data          16  stm32f1xx_hal_rcc.o(.rodata.cst16)
    [Anonymous Symbol]                       0x0800b7f3   Section        0  stm32f1xx_hal_rcc.o(.rodata.cst16)
    .L.str.6                                 0x0800c45c   Data          11  main.o(.rodata.str1.1)
    [Anonymous Symbol]                       0x0800c45c   Section        0  main.o(.rodata.str1.1)
    .L.str.3                                 0x0800c467   Data          15  main.o(.rodata.str1.1)
    .L.str.4                                 0x0800c476   Data          15  main.o(.rodata.str1.1)
    .L.str.9                                 0x0800c478   Data          13  main.o(.rodata.str1.1)
    .data                                    0x20000000   Section        4  stdio_streams.o(.data)
    .data                                    0x20000004   Section        4  stdio_streams.o(.data)
    .data                                    0x20000008   Section        4  stdio_streams.o(.data)
    .L_MergedGlobals                         0x2000000c   Data          12  main.o(.data..L_MergedGlobals)
    [Anonymous Symbol]                       0x2000000c   Section        0  main.o(.data..L_MergedGlobals)
    .L_MergedGlobals                         0x20000018   Data           8  stm32f1xx_hal.o(.data..L_MergedGlobals)
    [Anonymous Symbol]                       0x20000018   Section        0  stm32f1xx_hal.o(.data..L_MergedGlobals)
    .bss                                     0x20000028   Section       84  stdio_streams.o(.bss)
    .bss                                     0x2000007c   Section       84  stdio_streams.o(.bss)
    .bss                                     0x200000d0   Section       84  stdio_streams.o(.bss)
    .bss                                     0x20000124   Section       96  libspace.o(.bss)
    .L_MergedGlobals.20                      0x20000184   Data          68  main.o(.bss..L_MergedGlobals.20)
    [Anonymous Symbol]                       0x20000184   Section        0  main.o(.bss..L_MergedGlobals.20)
    Heap_Mem                                 0x20000460   Data         768  startup_stm32f103xe.o(HEAP)
    HEAP                                     0x20000460   Section      768  startup_stm32f103xe.o(HEAP)
    Stack_Mem                                0x20000760   Data        1536  startup_stm32f103xe.o(STACK)
    STACK                                    0x20000760   Section     1536  startup_stm32f103xe.o(STACK)
    __initial_sp                             0x20000d60   Data           0  startup_stm32f103xe.o(STACK)

    Global Symbols

    Symbol Name                              Value     Ov Type        Size  Object(Section)

    BuildAttributes$$THM_ISAv4$P$D$K$B$S$PE$A:L22UL41UL21$X:L11$S22US41US21$IEEE1$IW$~IW$USESV6$~STKCKD$USESV7$~SHL$OTIME$ROPI$IEEEX$EBA8$UX$STANDARDLIB$REQ8$PRES8$EABIv2 0x00000000   Number         0  anon$$obj.o ABSOLUTE
    __fp_init_empty                          0x00000000   Number         0  fpinit_empty.o ABSOLUTE
    __ARM_exceptions_init                     - Undefined Weak Reference
    __alloca_initialize                       - Undefined Weak Reference
    __arm_preinit_                            - Undefined Weak Reference
    __arm_relocate_pie_                       - Undefined Weak Reference
    __cpp_initialize__aeabi_                  - Undefined Weak Reference
    __cxa_finalize                            - Undefined Weak Reference
    __rt_locale                               - Undefined Weak Reference
    __sigvec_lookup                           - Undefined Weak Reference
    __user_heap_extent                        - Undefined Weak Reference
    _atexit_init                              - Undefined Weak Reference
    _call_atexit_fns                          - Undefined Weak Reference
    _clock_init                               - Undefined Weak Reference
    _fp_trap_init                             - Undefined Weak Reference
    _fp_trap_shutdown                         - Undefined Weak Reference
    _get_lc_collate                           - Undefined Weak Reference
    _get_lc_ctype                             - Undefined Weak Reference
    _get_lc_monetary                          - Undefined Weak Reference
    _get_lc_numeric                           - Undefined Weak Reference
    _get_lc_time                              - Undefined Weak Reference
    _getenv_init                              - Undefined Weak Reference
    _handle_redirection                       - Undefined Weak Reference
    _mutex_acquire                            - Undefined Weak Reference
    _mutex_free                               - Undefined Weak Reference
    _mutex_release                            - Undefined Weak Reference
    _printf_post_padding                      - Undefined Weak Reference
    _printf_pre_padding                       - Undefined Weak Reference
    _printf_truncate_signed                   - Undefined Weak Reference
    _printf_truncate_unsigned                 - Undefined Weak Reference
    _rand_init                                - Undefined Weak Reference
    _signal_finish                            - Undefined Weak Reference
    _signal_init                              - Undefined Weak Reference
    __Vectors_Size                           0x00000130   Number         0  startup_stm32f103xe.o ABSOLUTE
    __Vectors                                0x08000000   Data           4  startup_stm32f103xe.o(RESET)
    __Vectors_End                            0x08000130   Data           0  startup_stm32f103xe.o(RESET)
    __main                                   0x08000131   Thumb Code     8  __main.o(!!!main)
    __scatterload                            0x08000139   Thumb Code     0  __scatter.o(!!!scatter)
    __scatterload_rt2                        0x08000139   Thumb Code    84  __scatter.o(!!!scatter)
    __scatterload_rt2_thumb_only             0x08000139   Thumb Code     0  __scatter.o(!!!scatter)
    __scatterload_loop                       0x08000143   Thumb Code     0  __scatter.o(!!!scatter)
    __scatterload_copy                       0x08000195   Thumb Code    26  __scatter_copy.o(!!handler_copy)
    __scatterload_null                       0x080001b1   Thumb Code     2  __scatter.o(!!handler_null)
    __scatterload_zeroinit                   0x080001b5   Thumb Code    28  __scatter_zi.o(!!handler_zi)
    _printf_d                                0x080001d1   Thumb Code     0  _printf_d.o(.ARM.Collect$$_printf_percent$$00000009)
    _printf_percent                          0x080001d1   Thumb Code     0  _printf_percent.o(.ARM.Collect$$_printf_percent$$00000000)
    _printf_percent_end                      0x080001d7   Thumb Code     0  _printf_percent_end.o(.ARM.Collect$$_printf_percent$$00000017)
    __rt_lib_init                            0x080001db   Thumb Code     0  libinit.o(.ARM.Collect$$libinit$$00000000)
    __rt_lib_init_fp_1                       0x080001dd   Thumb Code     0  libinit2.o(.ARM.Collect$$libinit$$00000002)
    __rt_lib_init_heap_2                     0x080001dd   Thumb Code     0  libinit2.o(.ARM.Collect$$libinit$$00000007)
    __rt_lib_init_preinit_1                  0x080001dd   Thumb Code     0  libinit2.o(.ARM.Collect$$libinit$$00000006)
    __rt_lib_init_relocate_pie_1             0x080001dd   Thumb Code     0  libinit2.o(.ARM.Collect$$libinit$$00000004)
    __rt_lib_init_atexit_1                   0x080001e5   Thumb Code     0  libinit2.o(.ARM.Collect$$libinit$$0000001D)
    __rt_lib_init_clock_1                    0x080001e5   Thumb Code     0  libinit2.o(.ARM.Collect$$libinit$$00000023)
    __rt_lib_init_fp_trap_1                  0x080001e5   Thumb Code     0  libinit2.o(.ARM.Collect$$libinit$$00000021)
    __rt_lib_init_getenv_1                   0x080001e5   Thumb Code     0  libinit2.o(.ARM.Collect$$libinit$$00000025)
    __rt_lib_init_heap_1                     0x080001e5   Thumb Code     0  libinit2.o(.ARM.Collect$$libinit$$0000000C)
    __rt_lib_init_lc_collate_1               0x080001e5   Thumb Code     0  libinit2.o(.ARM.Collect$$libinit$$00000013)
    __rt_lib_init_lc_ctype_1                 0x080001e5   Thumb Code     0  libinit2.o(.ARM.Collect$$libinit$$00000015)
    __rt_lib_init_lc_monetary_1              0x080001e5   Thumb Code     0  libinit2.o(.ARM.Collect$$libinit$$00000017)
    __rt_lib_init_lc_numeric_1               0x080001e5   Thumb Code     0  libinit2.o(.ARM.Collect$$libinit$$00000019)
    __rt_lib_init_lc_time_1                  0x080001e5   Thumb Code     0  libinit2.o(.ARM.Collect$$libinit$$0000001B)
    __rt_lib_init_rand_1                     0x080001e5   Thumb Code     0  libinit2.o(.ARM.Collect$$libinit$$00000010)
    __rt_lib_init_signal_1                   0x080001e5   Thumb Code     0  libinit2.o(.ARM.Collect$$libinit$$0000001F)
    __rt_lib_init_stdio_2                    0x080001e5   Thumb Code     0  libinit2.o(.ARM.Collect$$libinit$$00000026)
    __rt_lib_init_user_alloc_1               0x080001e5   Thumb Code     0  libinit2.o(.ARM.Collect$$libinit$$0000000E)
    __rt_lib_init_alloca_1                   0x080001e9   Thumb Code     0  libinit2.o(.ARM.Collect$$libinit$$00000030)
    __rt_lib_init_argv_1                     0x080001e9   Thumb Code     0  libinit2.o(.ARM.Collect$$libinit$$0000002E)
    __rt_lib_init_cpp_1                      0x080001e9   Thumb Code     0  libinit2.o(.ARM.Collect$$libinit$$00000034)
    __rt_lib_init_exceptions_1               0x080001e9   Thumb Code     0  libinit2.o(.ARM.Collect$$libinit$$00000032)
    __rt_lib_init_return                     0x080001e9   Thumb Code     0  libinit2.o(.ARM.Collect$$libinit$$00000035)
    __rt_lib_init_stdio_1                    0x080001e9   Thumb Code     0  libinit2.o(.ARM.Collect$$libinit$$00000027)
    __rt_lib_shutdown                        0x080001eb   Thumb Code     0  libshutdown.o(.ARM.Collect$$libshutdown$$00000000)
    __rt_lib_shutdown_cpp_1                  0x080001ed   Thumb Code     0  libshutdown2.o(.ARM.Collect$$libshutdown$$00000002)
    __rt_lib_shutdown_stdio_2                0x080001ed   Thumb Code     0  libshutdown2.o(.ARM.Collect$$libshutdown$$00000003)
    __rt_lib_shutdown_fp_trap_1              0x080001f1   Thumb Code     0  libshutdown2.o(.ARM.Collect$$libshutdown$$00000007)
    __rt_lib_shutdown_heap_1                 0x080001f1   Thumb Code     0  libshutdown2.o(.ARM.Collect$$libshutdown$$0000000F)
    __rt_lib_shutdown_return                 0x080001f1   Thumb Code     0  libshutdown2.o(.ARM.Collect$$libshutdown$$00000010)
    __rt_lib_shutdown_signal_1               0x080001f1   Thumb Code     0  libshutdown2.o(.ARM.Collect$$libshutdown$$0000000A)
    __rt_lib_shutdown_stdio_1                0x080001f1   Thumb Code     0  libshutdown2.o(.ARM.Collect$$libshutdown$$00000004)
    __rt_lib_shutdown_user_alloc_1           0x080001f1   Thumb Code     0  libshutdown2.o(.ARM.Collect$$libshutdown$$0000000C)
    __rt_entry                               0x080001f3   Thumb Code     0  __rtentry.o(.ARM.Collect$$rtentry$$00000000)
    __rt_entry_presh_1                       0x080001f3   Thumb Code     0  __rtentry2.o(.ARM.Collect$$rtentry$$00000002)
    __rt_entry_sh                            0x080001f3   Thumb Code     0  __rtentry4.o(.ARM.Collect$$rtentry$$00000004)
    __rt_entry_li                            0x080001f9   Thumb Code     0  __rtentry2.o(.ARM.Collect$$rtentry$$0000000A)
    __rt_entry_postsh_1                      0x080001f9   Thumb Code     0  __rtentry2.o(.ARM.Collect$$rtentry$$00000009)
    __rt_entry_main                          0x080001fd   Thumb Code     0  __rtentry2.o(.ARM.Collect$$rtentry$$0000000D)
    __rt_entry_postli_1                      0x080001fd   Thumb Code     0  __rtentry2.o(.ARM.Collect$$rtentry$$0000000C)
    __rt_exit                                0x08000205   Thumb Code     0  rtexit.o(.ARM.Collect$$rtexit$$00000000)
    __rt_exit_ls                             0x08000207   Thumb Code     0  rtexit2.o(.ARM.Collect$$rtexit$$00000003)
    __rt_exit_prels_1                        0x08000207   Thumb Code     0  rtexit2.o(.ARM.Collect$$rtexit$$00000002)
    __rt_exit_exit                           0x0800020b   Thumb Code     0  rtexit2.o(.ARM.Collect$$rtexit$$00000004)
    Reset_Handler                            0x08000211   Thumb Code     8  startup_stm32f103xe.o(.text)
    ADC1_2_IRQHandler                        0x0800022b   Thumb Code     0  startup_stm32f103xe.o(.text)
    ADC3_IRQHandler                          0x0800022b   Thumb Code     0  startup_stm32f103xe.o(.text)
    CAN1_RX1_IRQHandler                      0x0800022b   Thumb Code     0  startup_stm32f103xe.o(.text)
    CAN1_SCE_IRQHandler                      0x0800022b   Thumb Code     0  startup_stm32f103xe.o(.text)
    DMA1_Channel2_IRQHandler                 0x0800022b   Thumb Code     0  startup_stm32f103xe.o(.text)
    DMA1_Channel3_IRQHandler                 0x0800022b   Thumb Code     0  startup_stm32f103xe.o(.text)
    DMA1_Channel4_IRQHandler                 0x0800022b   Thumb Code     0  startup_stm32f103xe.o(.text)
    DMA1_Channel5_IRQHandler                 0x0800022b   Thumb Code     0  startup_stm32f103xe.o(.text)
    DMA1_Channel6_IRQHandler                 0x0800022b   Thumb Code     0  startup_stm32f103xe.o(.text)
    DMA1_Channel7_IRQHandler                 0x0800022b   Thumb Code     0  startup_stm32f103xe.o(.text)
    DMA2_Channel1_IRQHandler                 0x0800022b   Thumb Code     0  startup_stm32f103xe.o(.text)
    DMA2_Channel2_IRQHandler                 0x0800022b   Thumb Code     0  startup_stm32f103xe.o(.text)
    DMA2_Channel3_IRQHandler                 0x0800022b   Thumb Code     0  startup_stm32f103xe.o(.text)
    DMA2_Channel4_5_IRQHandler               0x0800022b   Thumb Code     0  startup_stm32f103xe.o(.text)
    FLASH_IRQHandler                         0x0800022b   Thumb Code     0  startup_stm32f103xe.o(.text)
    FSMC_IRQHandler                          0x0800022b   Thumb Code     0  startup_stm32f103xe.o(.text)
    I2C1_ER_IRQHandler                       0x0800022b   Thumb Code     0  startup_stm32f103xe.o(.text)
    I2C1_EV_IRQHandler                       0x0800022b   Thumb Code     0  startup_stm32f103xe.o(.text)
    I2C2_ER_IRQHandler                       0x0800022b   Thumb Code     0  startup_stm32f103xe.o(.text)
    I2C2_EV_IRQHandler                       0x0800022b   Thumb Code     0  startup_stm32f103xe.o(.text)
    PVD_IRQHandler                           0x0800022b   Thumb Code     0  startup_stm32f103xe.o(.text)
    RCC_IRQHandler                           0x0800022b   Thumb Code     0  startup_stm32f103xe.o(.text)
    RTC_Alarm_IRQHandler                     0x0800022b   Thumb Code     0  startup_stm32f103xe.o(.text)
    RTC_IRQHandler                           0x0800022b   Thumb Code     0  startup_stm32f103xe.o(.text)
    SDIO_IRQHandler                          0x0800022b   Thumb Code     0  startup_stm32f103xe.o(.text)
    SPI1_IRQHandler                          0x0800022b   Thumb Code     0  startup_stm32f103xe.o(.text)
    SPI2_IRQHandler                          0x0800022b   Thumb Code     0  startup_stm32f103xe.o(.text)
    SPI3_IRQHandler                          0x0800022b   Thumb Code     0  startup_stm32f103xe.o(.text)
    TAMPER_IRQHandler                        0x0800022b   Thumb Code     0  startup_stm32f103xe.o(.text)
    TIM1_BRK_IRQHandler                      0x0800022b   Thumb Code     0  startup_stm32f103xe.o(.text)
    TIM1_CC_IRQHandler                       0x0800022b   Thumb Code     0  startup_stm32f103xe.o(.text)
    TIM1_TRG_COM_IRQHandler                  0x0800022b   Thumb Code     0  startup_stm32f103xe.o(.text)
    TIM1_UP_IRQHandler                       0x0800022b   Thumb Code     0  startup_stm32f103xe.o(.text)
    TIM2_IRQHandler                          0x0800022b   Thumb Code     0  startup_stm32f103xe.o(.text)
    TIM3_IRQHandler                          0x0800022b   Thumb Code     0  startup_stm32f103xe.o(.text)
    TIM4_IRQHandler                          0x0800022b   Thumb Code     0  startup_stm32f103xe.o(.text)
    TIM5_IRQHandler                          0x0800022b   Thumb Code     0  startup_stm32f103xe.o(.text)
    TIM6_IRQHandler                          0x0800022b   Thumb Code     0  startup_stm32f103xe.o(.text)
    TIM7_IRQHandler                          0x0800022b   Thumb Code     0  startup_stm32f103xe.o(.text)
    TIM8_BRK_IRQHandler                      0x0800022b   Thumb Code     0  startup_stm32f103xe.o(.text)
    TIM8_CC_IRQHandler                       0x0800022b   Thumb Code     0  startup_stm32f103xe.o(.text)
    TIM8_TRG_COM_IRQHandler                  0x0800022b   Thumb Code     0  startup_stm32f103xe.o(.text)
    TIM8_UP_IRQHandler                       0x0800022b   Thumb Code     0  startup_stm32f103xe.o(.text)
    UART4_IRQHandler                         0x0800022b   Thumb Code     0  startup_stm32f103xe.o(.text)
    UART5_IRQHandler                         0x0800022b   Thumb Code     0  startup_stm32f103xe.o(.text)
    USART1_IRQHandler                        0x0800022b   Thumb Code     0  startup_stm32f103xe.o(.text)
    USART2_IRQHandler                        0x0800022b   Thumb Code     0  startup_stm32f103xe.o(.text)
    USART3_IRQHandler                        0x0800022b   Thumb Code     0  startup_stm32f103xe.o(.text)
    USBWakeUp_IRQHandler                     0x0800022b   Thumb Code     0  startup_stm32f103xe.o(.text)
    USB_HP_CAN1_TX_IRQHandler                0x0800022b   Thumb Code     0  startup_stm32f103xe.o(.text)
    USB_LP_CAN1_RX0_IRQHandler               0x0800022b   Thumb Code     0  startup_stm32f103xe.o(.text)
    WWDG_IRQHandler                          0x0800022b   Thumb Code     0  startup_stm32f103xe.o(.text)
    __user_initial_stackheap                 0x0800022d   Thumb Code     0  startup_stm32f103xe.o(.text)
    __2printf                                0x08000251   Thumb Code    20  noretval__2printf.o(.text)
    __2sprintf                               0x08000269   Thumb Code    34  noretval__2sprintf.o(.text)
    __printf                                 0x08000291   Thumb Code   104  __printf.o(.text)
    _printf_int_dec                          0x080002f9   Thumb Code   104  _printf_dec.o(.text)
    __aeabi_memclr4                          0x08000371   Thumb Code     0  rt_memclr_w.o(.text)
    __aeabi_memclr8                          0x08000371   Thumb Code     0  rt_memclr_w.o(.text)
    __rt_memclr_w                            0x08000371   Thumb Code     0  rt_memclr_w.o(.text)
    _memset_w                                0x08000375   Thumb Code    74  rt_memclr_w.o(.text)
    strcmp                                   0x080003c1   Thumb Code   128  strcmpv7m.o(.text)
    __use_two_region_memory                  0x08000441   Thumb Code     2  heapauxi.o(.text)
    __rt_heap_escrow                         0x08000443   Thumb Code     2  heapauxi.o(.text)
    __rt_heap_expand                         0x08000445   Thumb Code     2  heapauxi.o(.text)
    __read_errno                             0x08000447   Thumb Code    10  _rserrno.o(.text)
    __set_errno                              0x08000451   Thumb Code    12  _rserrno.o(.text)
    _printf_int_common                       0x0800045d   Thumb Code   178  _printf_intcommon.o(.text)
    _printf_char_common                      0x0800051b   Thumb Code    32  _printf_char_common.o(.text)
    _sputc                                   0x08000541   Thumb Code    10  _sputc.o(.text)
    _printf_char_file                        0x0800054d   Thumb Code    32  _printf_char_file.o(.text)
    __aeabi_errno_addr                       0x08000571   Thumb Code     8  rt_errno_addr_intlibspace.o(.text)
    __errno$intlibspace                      0x08000571   Thumb Code     0  rt_errno_addr_intlibspace.o(.text)
    __rt_errno_addr$intlibspace              0x08000571   Thumb Code     0  rt_errno_addr_intlibspace.o(.text)
    ferror                                   0x08000579   Thumb Code     8  ferror.o(.text)
    _initio                                  0x08000581   Thumb Code   210  initio.o(.text)
    _terminateio                             0x08000653   Thumb Code    56  initio.o(.text)
    __user_libspace                          0x080006b9   Thumb Code     8  libspace.o(.text)
    __user_perproc_libspace                  0x080006b9   Thumb Code     0  libspace.o(.text)
    __user_perthread_libspace                0x080006b9   Thumb Code     0  libspace.o(.text)
    __user_setup_stackheap                   0x080006c1   Thumb Code    74  sys_stackheap_outer.o(.text)
    free                                     0x0800070b   Thumb Code    78  h1_free.o(.text)
    __flsbuf                                 0x08000759   Thumb Code   482  flsbuf.o(.text)
    __flsbuf_byte                            0x08000759   Thumb Code     0  flsbuf.o(.text)
    __flsbuf_wide                            0x08000759   Thumb Code     0  flsbuf.o(.text)
    setvbuf                                  0x0800093b   Thumb Code    70  setvbuf.o(.text)
    freopen                                  0x08000981   Thumb Code   160  fopen.o(.text)
    fopen                                    0x08000a21   Thumb Code    74  fopen.o(.text)
    _fclose_internal                         0x08000a71   Thumb Code    76  fclose.o(.text)
    fclose                                   0x08000a71   Thumb Code     0  fclose.o(.text)
    exit                                     0x08000abd   Thumb Code    18  exit.o(.text)
    __rt_SIGRTRED                            0x08000acf   Thumb Code    14  defsig_rtred_outer.o(.text)
    __rt_heap_descriptor                     0x08000add   Thumb Code     8  rt_heap_descriptor_intlibspace.o(.text)
    __use_no_heap                            0x08000ae5   Thumb Code     2  hguard.o(.text)
    __heap$guard                             0x08000ae7   Thumb Code     2  hguard.o(.text)
    _terminate_user_alloc                    0x08000ae9   Thumb Code     2  init_alloc.o(.text)
    _init_user_alloc                         0x08000aeb   Thumb Code     2  init_alloc.o(.text)
    __Heap_Full                              0x08000aed   Thumb Code    34  init_alloc.o(.text)
    __Heap_Broken                            0x08000b0f   Thumb Code     6  init_alloc.o(.text)
    _init_alloc                              0x08000b15   Thumb Code    94  init_alloc.o(.text)
    malloc                                   0x08000b73   Thumb Code    94  h1_alloc.o(.text)
    _fseek                                   0x08000bd1   Thumb Code   242  fseek.o(.text)
    fseek                                    0x08000bd1   Thumb Code     0  fseek.o(.text)
    _seterr                                  0x08000cc9   Thumb Code    20  stdio.o(.text)
    _writebuf                                0x08000cdd   Thumb Code   108  stdio.o(.text)
    _fflush                                  0x08000d49   Thumb Code    70  stdio.o(.text)
    _deferredlazyseek                        0x08000d8f   Thumb Code    60  stdio.o(.text)
    __sig_exit                               0x08000dd1   Thumb Code    10  defsig_exit.o(.text)
    __rt_SIGRTRED_inner                      0x08000ddd   Thumb Code    14  defsig_rtred_inner.o(.text)
    _sys_exit                                0x08000e11   Thumb Code     8  sys_exit.o(.text)
    __Heap_Initialize                        0x08000e1d   Thumb Code     8  h1_init.o(.text)
    _maybe_terminate_alloc                   0x08000e1d   Thumb Code     0  maybetermalloc1.o(.text)
    __Heap_DescSize                          0x08000e25   Thumb Code     4  h1_init.o(.text)
    __Heap_ProvideMemory                     0x08000e29   Thumb Code    52  h1_extend.o(.text)
    _ftell_internal                          0x08000e5d   Thumb Code    66  ftell.o(.text)
    ftell                                    0x08000e5d   Thumb Code     0  ftell.o(.text)
    __default_signal_display                 0x08000e9f   Thumb Code    50  defsig_general.o(.text)
    __rt_SIGRTMEM                            0x08000ed1   Thumb Code    14  defsig_rtmem_outer.o(.text)
    _ttywrch                                 0x08000edf   Thumb Code    14  sys_wrch.o(.text)
    __I$use$semihosting                      0x08000eed   Thumb Code     0  use_no_semi.o(.text)
    __use_no_semihosting_swi                 0x08000eed   Thumb Code     2  use_no_semi.o(.text)
    __semihosting_library_function           0x08000eef   Thumb Code     0  indicate_semi.o(.text)
    __rt_SIGRTMEM_inner                      0x08000ef1   Thumb Code    22  defsig_rtmem_inner.o(.text)
    ADC_DMAConvCplt                          0x08000f41   Thumb Code    82  stm32f1xx_hal_adc.o(.text.ADC_DMAConvCplt)
    ADC_DMAError                             0x08000f95   Thumb Code    22  stm32f1xx_hal_adc.o(.text.ADC_DMAError)
    ADC_DMAHalfConvCplt                      0x08000fad   Thumb Code     6  stm32f1xx_hal_adc.o(.text.ADC_DMAHalfConvCplt)
    ADC_Enable                               0x08000fb5   Thumb Code   174  stm32f1xx_hal_adc.o(.text.ADC_Enable)
    BUZZER                                   0x08001065   Thumb Code    24  mygpio.o(.text.BUZZER)
    BusFault_Handler                         0x0800107d   Thumb Code     2  stm32f1xx_it.o(.text.BusFault_Handler)
    ClearScreen                              0x08001081   Thumb Code   278  ili9341.o(.text.ClearScreen)
    DMA1_Channel1_IRQHandler                 0x08001199   Thumb Code    12  stm32f1xx_it.o(.text.DMA1_Channel1_IRQHandler)
    DebugMon_Handler                         0x080011a5   Thumb Code     2  stm32f1xx_it.o(.text.DebugMon_Handler)
    DrainValve                               0x080011a9   Thumb Code    36  mygpio.o(.text.DrainValve)
    DrawChar                                 0x080011dd   Thumb Code   244  ili9341.o(.text.DrawChar)
    DrawPic                                  0x080012d1   Thumb Code   288  ili9341.o(.text.DrawPic)
    DrawStringA                              0x080013f1   Thumb Code    60  ili9341.o(.text.DrawStringA)
    EEPROM_Read                              0x0800142d   Thumb Code   142  eeprom.o(.text.EEPROM_Read)
    EEPROM_Read_NUM                          0x080014bd   Thumb Code   148  eeprom.o(.text.EEPROM_Read_NUM)
    EXTI0_IRQHandler                         0x08001551   Thumb Code     6  stm32f1xx_it.o(.text.EXTI0_IRQHandler)
    EXTI15_10_IRQHandler                     0x08001559   Thumb Code    22  stm32f1xx_it.o(.text.EXTI15_10_IRQHandler)
    EXTI1_IRQHandler                         0x08001571   Thumb Code     6  stm32f1xx_it.o(.text.EXTI1_IRQHandler)
    EXTI2_IRQHandler                         0x08001579   Thumb Code     6  stm32f1xx_it.o(.text.EXTI2_IRQHandler)
    EXTI3_IRQHandler                         0x08001581   Thumb Code     6  stm32f1xx_it.o(.text.EXTI3_IRQHandler)
    EXTI4_IRQHandler                         0x08001589   Thumb Code     6  stm32f1xx_it.o(.text.EXTI4_IRQHandler)
    EXTI9_5_IRQHandler                       0x08001591   Thumb Code     6  stm32f1xx_it.o(.text.EXTI9_5_IRQHandler)
    Error_Handler                            0x08001599   Thumb Code    10  main.o(.text.Error_Handler)
    HAL_ADC_ConfigChannel                    0x080015a5   Thumb Code   374  stm32f1xx_hal_adc.o(.text.HAL_ADC_ConfigChannel)
    HAL_ADC_ConvCpltCallback                 0x0800171d   Thumb Code    20  main.o(.text.HAL_ADC_ConvCpltCallback)
    HAL_ADC_ConvHalfCpltCallback             0x08001731   Thumb Code     2  stm32f1xx_hal_adc.o(.text.HAL_ADC_ConvHalfCpltCallback)
    HAL_ADC_ErrorCallback                    0x08001735   Thumb Code     2  stm32f1xx_hal_adc.o(.text.HAL_ADC_ErrorCallback)
    HAL_ADC_Init                             0x08001739   Thumb Code   372  stm32f1xx_hal_adc.o(.text.HAL_ADC_Init)
    HAL_ADC_MspInit                          0x080018ad   Thumb Code   200  stm32f1xx_hal_msp.o(.text.HAL_ADC_MspInit)
    HAL_ADC_Start_DMA                        0x08001975   Thumb Code   284  stm32f1xx_hal_adc.o(.text.HAL_ADC_Start_DMA)
    HAL_DMA_IRQHandler                       0x08001a91   Thumb Code   654  stm32f1xx_hal_dma.o(.text.HAL_DMA_IRQHandler)
    HAL_DMA_Init                             0x08001d21   Thumb Code   158  stm32f1xx_hal_dma.o(.text.HAL_DMA_Init)
    HAL_DMA_Start_IT                         0x08001dc1   Thumb Code   160  stm32f1xx_hal_dma.o(.text.HAL_DMA_Start_IT)
    HAL_Delay                                0x08001e61   Thumb Code    40  stm32f1xx_hal.o(.text.HAL_Delay)
    HAL_GPIO_EXTI_Callback                   0x08001e89   Thumb Code   652  main.o(.text.HAL_GPIO_EXTI_Callback)
    HAL_GPIO_EXTI_IRQHandler                 0x080021c5   Thumb Code    22  stm32f1xx_hal_gpio.o(.text.HAL_GPIO_EXTI_IRQHandler)
    HAL_GPIO_Init                            0x080021dd   Thumb Code   498  stm32f1xx_hal_gpio.o(.text.HAL_GPIO_Init)
    HAL_GPIO_WritePin                        0x080023d1   Thumb Code    10  stm32f1xx_hal_gpio.o(.text.HAL_GPIO_WritePin)
    HAL_GetTick                              0x080023dd   Thumb Code    12  stm32f1xx_hal.o(.text.HAL_GetTick)
    HAL_I2C_Init                             0x080023e9   Thumb Code   356  stm32f1xx_hal_i2c.o(.text.HAL_I2C_Init)
    HAL_I2C_Mem_Read                         0x0800254d   Thumb Code   838  stm32f1xx_hal_i2c.o(.text.HAL_I2C_Mem_Read)
    HAL_I2C_MspInit                          0x08002895   Thumb Code   100  stm32f1xx_hal_msp.o(.text.HAL_I2C_MspInit)
    HAL_IncTick                              0x080028f9   Thumb Code    26  stm32f1xx_hal.o(.text.HAL_IncTick)
    HAL_Init                                 0x08002915   Thumb Code    38  stm32f1xx_hal.o(.text.HAL_Init)
    HAL_InitTick                             0x0800293d   Thumb Code    72  stm32f1xx_hal.o(.text.HAL_InitTick)
    HAL_MspInit                              0x08002985   Thumb Code    66  stm32f1xx_hal_msp.o(.text.HAL_MspInit)
    HAL_NVIC_EnableIRQ                       0x080029c9   Thumb Code    34  stm32f1xx_hal_cortex.o(.text.HAL_NVIC_EnableIRQ)
    HAL_NVIC_SetPriority                     0x080029ed   Thumb Code    86  stm32f1xx_hal_cortex.o(.text.HAL_NVIC_SetPriority)
    HAL_NVIC_SetPriorityGrouping             0x08002a45   Thumb Code    32  stm32f1xx_hal_cortex.o(.text.HAL_NVIC_SetPriorityGrouping)
    HAL_RCCEx_PeriphCLKConfig                0x08002a65   Thumb Code   258  stm32f1xx_hal_rcc_ex.o(.text.HAL_RCCEx_PeriphCLKConfig)
    HAL_RCC_ClockConfig                      0x08002b69   Thumb Code   466  stm32f1xx_hal_rcc.o(.text.HAL_RCC_ClockConfig)
    HAL_RCC_GetPCLK1Freq                     0x08002d3d   Thumb Code    38  stm32f1xx_hal_rcc.o(.text.HAL_RCC_GetPCLK1Freq)
    HAL_RCC_GetPCLK2Freq                     0x08002d65   Thumb Code    38  stm32f1xx_hal_rcc.o(.text.HAL_RCC_GetPCLK2Freq)
    HAL_RCC_OscConfig                        0x08002d8d   Thumb Code  1024  stm32f1xx_hal_rcc.o(.text.HAL_RCC_OscConfig)
    HAL_SPI_Init                             0x0800318d   Thumb Code   172  stm32f1xx_hal_spi.o(.text.HAL_SPI_Init)
    HAL_SPI_MspInit                          0x08003239   Thumb Code   118  stm32f1xx_hal_msp.o(.text.HAL_SPI_MspInit)
    HAL_SPI_Transmit                         0x080032b1   Thumb Code   504  stm32f1xx_hal_spi.o(.text.HAL_SPI_Transmit)
    HAL_SYSTICK_Config                       0x080034a9   Thumb Code    44  stm32f1xx_hal_cortex.o(.text.HAL_SYSTICK_Config)
    HAL_TIMEx_MasterConfigSynchronization    0x080034d5   Thumb Code   150  stm32f1xx_hal_tim_ex.o(.text.HAL_TIMEx_MasterConfigSynchronization)
    HAL_TIM_Base_Init                        0x0800356d   Thumb Code   294  stm32f1xx_hal_tim.o(.text.HAL_TIM_Base_Init)
    HAL_TIM_Base_MspInit                     0x08003695   Thumb Code    90  stm32f1xx_hal_msp.o(.text.HAL_TIM_Base_MspInit)
    HAL_TIM_ConfigClockSource                0x080036f1   Thumb Code   416  stm32f1xx_hal_tim.o(.text.HAL_TIM_ConfigClockSource)
    HAL_UART_Init                            0x08003891   Thumb Code   226  stm32f1xx_hal_uart.o(.text.HAL_UART_Init)
    HAL_UART_MspInit                         0x08003975   Thumb Code   122  stm32f1xx_hal_msp.o(.text.HAL_UART_MspInit)
    HardFault_Handler                        0x080039f1   Thumb Code     2  stm32f1xx_it.o(.text.HardFault_Handler)
    LCDInit                                  0x08003ef9   Thumb Code  2258  ili9341.o(.text.LCDInit)
    LCD_Address_Set                          0x080047cd   Thumb Code   276  ili9341.o(.text.LCD_Address_Set)
    MemManage_Handler                        0x080048e1   Thumb Code     2  stm32f1xx_it.o(.text.MemManage_Handler)
    NMI_Handler                              0x080048e5   Thumb Code     2  stm32f1xx_it.o(.text.NMI_Handler)
    PUMP                                     0x080048e9   Thumb Code    36  mygpio.o(.text.PUMP)
    PendSV_Handler                           0x08004919   Thumb Code     2  stm32f1xx_it.o(.text.PendSV_Handler)
    Read_Presure                             0x0800491d   Thumb Code   142  temp.o(.text.Read_Presure)
    Read_TemperatureAMB                      0x080049ad   Thumb Code   260  temp.o(.text.Read_TemperatureAMB)
    Read_TemperatureWater                    0x08004ab1   Thumb Code   260  temp.o(.text.Read_TemperatureWater)
    SVC_Handler                              0x08004c99   Thumb Code     2  stm32f1xx_it.o(.text.SVC_Handler)
    SysTick_Handler                          0x08004c9d   Thumb Code     4  stm32f1xx_it.o(.text.SysTick_Handler)
    SystemInit                               0x08004ca1   Thumb Code     2  system_stm32f1xx.o(.text.SystemInit)
    UsageFault_Handler                       0x08004ca5   Thumb Code     2  stm32f1xx_it.o(.text.UsageFault_Handler)
    WaterValve                               0x08004ca9   Thumb Code    36  mygpio.o(.text.WaterValve)
    _sys_close                               0x08004cdd   Thumb Code    20  retarget_io.o(.text._sys_close)
    _sys_flen                                0x08004cf1   Thumb Code     4  retarget_io.o(.text._sys_flen)
    _sys_istty                               0x08004cf5   Thumb Code    16  retarget_io.o(.text._sys_istty)
    _sys_open                                0x08004d05   Thumb Code   102  retarget_io.o(.text._sys_open)
    _sys_seek                                0x08004d6d   Thumb Code     6  retarget_io.o(.text._sys_seek)
    _sys_write                               0x08004d75   Thumb Code   458  retarget_io.o(.text._sys_write)
    main                                     0x08004f41   Thumb Code  1560  main.o(.text.main)
    __kernel_poly                            0x08005585   Thumb Code   170  poly.o(i.__kernel_poly)
    __mathlib_dbl_divzero                    0x08005631   Thumb Code    12  dunder.o(i.__mathlib_dbl_divzero)
    __mathlib_dbl_infnan                     0x08005641   Thumb Code     6  dunder.o(i.__mathlib_dbl_infnan)
    __mathlib_dbl_invalid                    0x08005647   Thumb Code    12  dunder.o(i.__mathlib_dbl_invalid)
    fputc                                    0x08005653   Thumb Code    28  fputc.o(i.fputc)
    log                                      0x08005671   Thumb Code   808  log.o(i.log)
    __aeabi_d2f                              0x080059cd   Thumb Code     0  d2f.o(x$fpl$d2f)
    _d2f                                     0x080059cd   Thumb Code    98  d2f.o(x$fpl$d2f)
    __aeabi_dadd                             0x08005a31   Thumb Code     0  daddsub_clz.o(x$fpl$dadd)
    _dadd                                    0x08005a31   Thumb Code   332  daddsub_clz.o(x$fpl$dadd)
    __fpl_dcheck_NaN1                        0x08005b81   Thumb Code    10  dcheck1.o(x$fpl$dcheck1)
    __fpl_dcmp_Inf                           0x08005b91   Thumb Code    24  dcmpi.o(x$fpl$dcmpinf)
    __aeabi_ddiv                             0x08005ba9   Thumb Code     0  ddiv.o(x$fpl$ddiv)
    _ddiv                                    0x08005ba9   Thumb Code   556  ddiv.o(x$fpl$ddiv)
    __aeabi_cdcmpeq                          0x08005e5d   Thumb Code     0  deqf.o(x$fpl$deqf)
    _dcmpeq                                  0x08005e5d   Thumb Code   120  deqf.o(x$fpl$deqf)
    __aeabi_i2d                              0x08005ed5   Thumb Code     0  dflt_clz.o(x$fpl$dflt)
    _dflt                                    0x08005ed5   Thumb Code    46  dflt_clz.o(x$fpl$dflt)
    __aeabi_ui2d                             0x08005f03   Thumb Code     0  dflt_clz.o(x$fpl$dfltu)
    _dfltu                                   0x08005f03   Thumb Code    38  dflt_clz.o(x$fpl$dfltu)
    __aeabi_dmul                             0x08005f29   Thumb Code     0  dmul.o(x$fpl$dmul)
    _dmul                                    0x08005f29   Thumb Code   332  dmul.o(x$fpl$dmul)
    __fpl_dnaninf                            0x0800607d   Thumb Code   156  dnaninf.o(x$fpl$dnaninf)
    __fpl_dretinf                            0x08006119   Thumb Code    12  dretinf.o(x$fpl$dretinf)
    __aeabi_drsub                            0x08006125   Thumb Code     0  daddsub_clz.o(x$fpl$drsb)
    _drsb                                    0x08006125   Thumb Code    22  daddsub_clz.o(x$fpl$drsb)
    __aeabi_dsub                             0x0800613d   Thumb Code     0  daddsub_clz.o(x$fpl$dsub)
    _dsub                                    0x0800613d   Thumb Code   472  daddsub_clz.o(x$fpl$dsub)
    __aeabi_f2d                              0x08006319   Thumb Code     0  f2d.o(x$fpl$f2d)
    _f2d                                     0x08006319   Thumb Code    86  f2d.o(x$fpl$f2d)
    __aeabi_fcmpeq                           0x0800636f   Thumb Code     0  fcmp.o(x$fpl$fcmp)
    _feq                                     0x0800636f   Thumb Code    14  fcmp.o(x$fpl$fcmp)
    _fneq                                    0x0800637d   Thumb Code    14  fcmp.o(x$fpl$fcmp)
    __aeabi_fcmpgt                           0x0800638b   Thumb Code     0  fcmp.o(x$fpl$fcmp)
    _fgr                                     0x0800638b   Thumb Code    14  fcmp.o(x$fpl$fcmp)
    __aeabi_fcmpge                           0x08006399   Thumb Code     0  fcmp.o(x$fpl$fcmp)
    _fgeq                                    0x08006399   Thumb Code    14  fcmp.o(x$fpl$fcmp)
    __aeabi_fcmple                           0x080063a7   Thumb Code     0  fcmp.o(x$fpl$fcmp)
    _fleq                                    0x080063a7   Thumb Code    14  fcmp.o(x$fpl$fcmp)
    __aeabi_fcmplt                           0x080063b5   Thumb Code     0  fcmp.o(x$fpl$fcmp)
    _fls                                     0x080063b5   Thumb Code    14  fcmp.o(x$fpl$fcmp)
    __fpl_fcmp_Inf                           0x080063c3   Thumb Code    24  fcmpi.o(x$fpl$fcmpinf)
    __aeabi_fdiv                             0x080063dd   Thumb Code     0  fdiv.o(x$fpl$fdiv)
    _fdiv                                    0x080063dd   Thumb Code   384  fdiv.o(x$fpl$fdiv)
    __aeabi_cfcmpeq                          0x08006561   Thumb Code     0  feqf.o(x$fpl$feqf)
    _fcmpeq                                  0x08006561   Thumb Code   104  feqf.o(x$fpl$feqf)
    __aeabi_f2iz                             0x080065c9   Thumb Code     0  ffix.o(x$fpl$ffix)
    _ffix                                    0x080065c9   Thumb Code    54  ffix.o(x$fpl$ffix)
    _fcmpge                                  0x08006601   Thumb Code   104  fgeqf.o(x$fpl$fgeqf)
    __aeabi_cfcmple                          0x08006669   Thumb Code     0  fleqf.o(x$fpl$fleqf)
    _fcmple                                  0x08006669   Thumb Code   104  fleqf.o(x$fpl$fleqf)
    __fpl_fcmple_InfNaN                      0x080066bb   Thumb Code     0  fleqf.o(x$fpl$fleqf)
    __aeabi_fmul                             0x080066d1   Thumb Code     0  fmul.o(x$fpl$fmul)
    _fmul                                    0x080066d1   Thumb Code   258  fmul.o(x$fpl$fmul)
    __fpl_fnaninf                            0x080067d3   Thumb Code   140  fnaninf.o(x$fpl$fnaninf)
    __fpl_fretinf                            0x0800685f   Thumb Code    10  fretinf.o(x$fpl$fretinf)
    __fpl_return_NaN                         0x08006869   Thumb Code   100  retnan.o(x$fpl$retnan)
    __ARM_scalbn                             0x080068cd   Thumb Code    92  scalbn.o(x$fpl$scalbn)
    __fpl_cmpreturn                          0x08006929   Thumb Code    48  trapv.o(x$fpl$trapveneer)
    __I$use$fp                               0x08006958   Number         0  usenofp.o(x$fpl$usenofp)
    __mathlib_zero                           0x08006990   Data           8  qnan.o(.constdata)
    AHBPrescTable                            0x08006998   Data          16  system_stm32f1xx.o(.rodata.AHBPrescTable)
    APBPrescTable                            0x080069a8   Data           8  system_stm32f1xx.o(.rodata.APBPrescTable)
    Logo100x100                              0x080069b2   Data       20000  logo100x100.o(.rodata.Logo100x100)
    Logo_Art                                 0x0800b7d4   Data           8  logo100x100.o(.rodata.Logo_Art)
    __stderr_name                            0x0800b7dc   Data           8  retarget_io.o(.rodata.__stderr_name)
    __stdin_name                             0x0800b7e4   Data           7  retarget_io.o(.rodata.__stdin_name)
    __stdout_name                            0x0800b7eb   Data           8  retarget_io.o(.rodata.__stdout_name)
    fontArial14_B                            0x0800b804   Data          44  arial14_b.o(.rodata.fontArial14_B)
    fontArial14_B_ascii_index_table          0x0800b830   Data         256  arial14_b.o(.rodata.fontArial14_B_ascii_index_table)
    fontArial14_B_data_table                 0x0800b930   Data        2276  arial14_b.o(.rodata.fontArial14_B_data_table)
    fontArial14_B_glyph_ranges               0x0800c214   Data           4  arial14_b.o(.rodata.fontArial14_B_glyph_ranges)
    fontArial14_B_glyph_set                  0x0800c218   Data          12  arial14_b.o(.rodata.fontArial14_B_glyph_set)
    fontArial14_B_offset_table               0x0800c224   Data         380  arial14_b.o(.rodata.fontArial14_B_offset_table)
    fontArial14_B_width_table                0x0800c3a0   Data         188  arial14_b.o(.rodata.fontArial14_B_width_table)
    Region$$Table$$Base                      0x0800c488   Number         0  anon$$obj.o(Region$$Table)
    Region$$Table$$Limit                     0x0800c4a8   Number         0  anon$$obj.o(Region$$Table)
    __aeabi_stdin                            0x20000000   Data           4  stdio_streams.o(.data)
    __aeabi_stdout                           0x20000004   Data           4  stdio_streams.o(.data)
    __aeabi_stderr                           0x20000008   Data           4  stdio_streams.o(.data)
    TempAmb                                  0x2000000c   Data           4  main.o(.data..L_MergedGlobals)
    TempWater                                0x20000010   Data           4  main.o(.data..L_MergedGlobals)
    Presure                                  0x20000014   Data           4  main.o(.data..L_MergedGlobals)
    uwTickFreq                               0x20000018   Data           1  stm32f1xx_hal.o(.data..L_MergedGlobals)
    uwTickPrio                               0x2000001c   Data           4  stm32f1xx_hal.o(.data..L_MergedGlobals)
    SystemCoreClock                          0x20000020   Data           4  system_stm32f1xx.o(.data.SystemCoreClock)
    __stdin                                  0x20000028   Data          84  stdio_streams.o(.bss)
    __stdout                                 0x2000007c   Data          84  stdio_streams.o(.bss)
    __stderr                                 0x200000d0   Data          84  stdio_streams.o(.bss)
    __libspace_start                         0x20000124   Data          96  libspace.o(.bss)
    __temporary_stack_top$libspace           0x20000184   Data           0  libspace.o(.bss)
    i                                        0x20000184   Data           4  main.o(.bss..L_MergedGlobals.20)
    datar3                                   0x20000188   Data           4  main.o(.bss..L_MergedGlobals.20)
    ADC1_Buffer                              0x2000018c   Data          12  main.o(.bss..L_MergedGlobals.20)
    hadc1                                    0x20000198   Data          48  main.o(.bss..L_MergedGlobals.20)
    datar1                                   0x200001c8   Data         100  main.o(.bss.datar1)
    datar2                                   0x2000022c   Data         100  main.o(.bss.datar2)
    hdma_adc1                                0x20000290   Data          68  main.o(.bss.hdma_adc1)
    hi2c2                                    0x200002d4   Data          84  main.o(.bss.hi2c2)
    hspi1                                    0x20000328   Data          88  main.o(.bss.hspi1)
    htim1                                    0x20000380   Data          72  main.o(.bss.htim1)
    htim7                                    0x200003c8   Data          72  main.o(.bss.htim7)
    huart1                                   0x20000410   Data          72  main.o(.bss.huart1)
    uwTick                                   0x20000458   Data           4  stm32f1xx_hal.o(.bss.uwTick)



==============================================================================

Memory Map of the image

  Image Entry point : 0x08000131

  Load Region LR_IROM1 (Base: 0x08000000, Size: 0x0000c4d0, Max: 0x00040000, ABSOLUTE)

    Execution Region ER_IROM1 (Exec base: 0x08000000, Load base: 0x08000000, Size: 0x0000c4a8, Max: 0x00040000, ABSOLUTE)

    Exec Addr    Load Addr    Size         Type   Attr      Idx    E Section Name        Object

    0x08000000   0x08000000   0x00000130   Data   RO            3    RESET               startup_stm32f103xe.o
    0x08000130   0x08000130   0x00000008   Code   RO         1571  * !!!main             c_w.l(__main.o)
    0x08000138   0x08000138   0x0000005c   Code   RO         2008    !!!scatter          c_w.l(__scatter.o)
    0x08000194   0x08000194   0x0000001a   Code   RO         2012    !!handler_copy      c_w.l(__scatter_copy.o)
    0x080001ae   0x080001ae   0x00000002   PAD
    0x080001b0   0x080001b0   0x00000002   Code   RO         2009    !!handler_null      c_w.l(__scatter.o)
    0x080001b2   0x080001b2   0x00000002   PAD
    0x080001b4   0x080001b4   0x0000001c   Code   RO         2014    !!handler_zi        c_w.l(__scatter_zi.o)
    0x080001d0   0x080001d0   0x00000000   Code   RO         1560    .ARM.Collect$$_printf_percent$$00000000  c_w.l(_printf_percent.o)
    0x080001d0   0x080001d0   0x00000006   Code   RO         1559    .ARM.Collect$$_printf_percent$$00000009  c_w.l(_printf_d.o)
    0x080001d6   0x080001d6   0x00000004   Code   RO         1623    .ARM.Collect$$_printf_percent$$00000017  c_w.l(_printf_percent_end.o)
    0x080001da   0x080001da   0x00000002   Code   RO         1795    .ARM.Collect$$libinit$$00000000  c_w.l(libinit.o)
    0x080001dc   0x080001dc   0x00000000   Code   RO         1797    .ARM.Collect$$libinit$$00000002  c_w.l(libinit2.o)
    0x080001dc   0x080001dc   0x00000000   Code   RO         1799    .ARM.Collect$$libinit$$00000004  c_w.l(libinit2.o)
    0x080001dc   0x080001dc   0x00000000   Code   RO         1801    .ARM.Collect$$libinit$$00000006  c_w.l(libinit2.o)
    0x080001dc   0x080001dc   0x00000008   Code   RO         1802    .ARM.Collect$$libinit$$00000007  c_w.l(libinit2.o)
    0x080001e4   0x080001e4   0x00000000   Code   RO         1804    .ARM.Collect$$libinit$$0000000C  c_w.l(libinit2.o)
    0x080001e4   0x080001e4   0x00000000   Code   RO         1806    .ARM.Collect$$libinit$$0000000E  c_w.l(libinit2.o)
    0x080001e4   0x080001e4   0x00000000   Code   RO         1808    .ARM.Collect$$libinit$$00000010  c_w.l(libinit2.o)
    0x080001e4   0x080001e4   0x00000000   Code   RO         1811    .ARM.Collect$$libinit$$00000013  c_w.l(libinit2.o)
    0x080001e4   0x080001e4   0x00000000   Code   RO         1813    .ARM.Collect$$libinit$$00000015  c_w.l(libinit2.o)
    0x080001e4   0x080001e4   0x00000000   Code   RO         1815    .ARM.Collect$$libinit$$00000017  c_w.l(libinit2.o)
    0x080001e4   0x080001e4   0x00000000   Code   RO         1817    .ARM.Collect$$libinit$$00000019  c_w.l(libinit2.o)
    0x080001e4   0x080001e4   0x00000000   Code   RO         1819    .ARM.Collect$$libinit$$0000001B  c_w.l(libinit2.o)
    0x080001e4   0x080001e4   0x00000000   Code   RO         1821    .ARM.Collect$$libinit$$0000001D  c_w.l(libinit2.o)
    0x080001e4   0x080001e4   0x00000000   Code   RO         1823    .ARM.Collect$$libinit$$0000001F  c_w.l(libinit2.o)
    0x080001e4   0x080001e4   0x00000000   Code   RO         1825    .ARM.Collect$$libinit$$00000021  c_w.l(libinit2.o)
    0x080001e4   0x080001e4   0x00000000   Code   RO         1827    .ARM.Collect$$libinit$$00000023  c_w.l(libinit2.o)
    0x080001e4   0x080001e4   0x00000000   Code   RO         1829    .ARM.Collect$$libinit$$00000025  c_w.l(libinit2.o)
    0x080001e4   0x080001e4   0x00000004   Code   RO         1830    .ARM.Collect$$libinit$$00000026  c_w.l(libinit2.o)
    0x080001e8   0x080001e8   0x00000000   Code   RO         1831    .ARM.Collect$$libinit$$00000027  c_w.l(libinit2.o)
    0x080001e8   0x080001e8   0x00000000   Code   RO         1835    .ARM.Collect$$libinit$$0000002E  c_w.l(libinit2.o)
    0x080001e8   0x080001e8   0x00000000   Code   RO         1837    .ARM.Collect$$libinit$$00000030  c_w.l(libinit2.o)
    0x080001e8   0x080001e8   0x00000000   Code   RO         1839    .ARM.Collect$$libinit$$00000032  c_w.l(libinit2.o)
    0x080001e8   0x080001e8   0x00000000   Code   RO         1841    .ARM.Collect$$libinit$$00000034  c_w.l(libinit2.o)
    0x080001e8   0x080001e8   0x00000002   Code   RO         1842    .ARM.Collect$$libinit$$00000035  c_w.l(libinit2.o)
    0x080001ea   0x080001ea   0x00000002   Code   RO         1987    .ARM.Collect$$libshutdown$$00000000  c_w.l(libshutdown.o)
    0x080001ec   0x080001ec   0x00000000   Code   RO         1844    .ARM.Collect$$libshutdown$$00000002  c_w.l(libshutdown2.o)
    0x080001ec   0x080001ec   0x00000004   Code   RO         1845    .ARM.Collect$$libshutdown$$00000003  c_w.l(libshutdown2.o)
    0x080001f0   0x080001f0   0x00000000   Code   RO         1846    .ARM.Collect$$libshutdown$$00000004  c_w.l(libshutdown2.o)
    0x080001f0   0x080001f0   0x00000000   Code   RO         1849    .ARM.Collect$$libshutdown$$00000007  c_w.l(libshutdown2.o)
    0x080001f0   0x080001f0   0x00000000   Code   RO         1852    .ARM.Collect$$libshutdown$$0000000A  c_w.l(libshutdown2.o)
    0x080001f0   0x080001f0   0x00000000   Code   RO         1854    .ARM.Collect$$libshutdown$$0000000C  c_w.l(libshutdown2.o)
    0x080001f0   0x080001f0   0x00000000   Code   RO         1857    .ARM.Collect$$libshutdown$$0000000F  c_w.l(libshutdown2.o)
    0x080001f0   0x080001f0   0x00000002   Code   RO         1858    .ARM.Collect$$libshutdown$$00000010  c_w.l(libshutdown2.o)
    0x080001f2   0x080001f2   0x00000000   Code   RO         1612    .ARM.Collect$$rtentry$$00000000  c_w.l(__rtentry.o)
    0x080001f2   0x080001f2   0x00000000   Code   RO         1667    .ARM.Collect$$rtentry$$00000002  c_w.l(__rtentry2.o)
    0x080001f2   0x080001f2   0x00000006   Code   RO         1679    .ARM.Collect$$rtentry$$00000004  c_w.l(__rtentry4.o)
    0x080001f8   0x080001f8   0x00000000   Code   RO         1669    .ARM.Collect$$rtentry$$00000009  c_w.l(__rtentry2.o)
    0x080001f8   0x080001f8   0x00000004   Code   RO         1670    .ARM.Collect$$rtentry$$0000000A  c_w.l(__rtentry2.o)
    0x080001fc   0x080001fc   0x00000000   Code   RO         1672    .ARM.Collect$$rtentry$$0000000C  c_w.l(__rtentry2.o)
    0x080001fc   0x080001fc   0x00000008   Code   RO         1673    .ARM.Collect$$rtentry$$0000000D  c_w.l(__rtentry2.o)
    0x08000204   0x08000204   0x00000002   Code   RO         1863    .ARM.Collect$$rtexit$$00000000  c_w.l(rtexit.o)
    0x08000206   0x08000206   0x00000000   Code   RO         1921    .ARM.Collect$$rtexit$$00000002  c_w.l(rtexit2.o)
    0x08000206   0x08000206   0x00000004   Code   RO         1922    .ARM.Collect$$rtexit$$00000003  c_w.l(rtexit2.o)
    0x0800020a   0x0800020a   0x00000006   Code   RO         1923    .ARM.Collect$$rtexit$$00000004  c_w.l(rtexit2.o)
    0x08000210   0x08000210   0x00000040   Code   RO            4    .text               startup_stm32f103xe.o
    0x08000250   0x08000250   0x00000018   Code   RO         1531    .text               c_w.l(noretval__2printf.o)
    0x08000268   0x08000268   0x00000028   Code   RO         1533    .text               c_w.l(noretval__2sprintf.o)
    0x08000290   0x08000290   0x00000068   Code   RO         1535    .text               c_w.l(__printf.o)
    0x080002f8   0x080002f8   0x00000078   Code   RO         1537    .text               c_w.l(_printf_dec.o)
    0x08000370   0x08000370   0x0000004e   Code   RO         1565    .text               c_w.l(rt_memclr_w.o)
    0x080003be   0x080003be   0x00000002   PAD
    0x080003c0   0x080003c0   0x00000080   Code   RO         1567    .text               c_w.l(strcmpv7m.o)
    0x08000440   0x08000440   0x00000006   Code   RO         1569    .text               c_w.l(heapauxi.o)
    0x08000446   0x08000446   0x00000016   Code   RO         1613    .text               c_w.l(_rserrno.o)
    0x0800045c   0x0800045c   0x000000b2   Code   RO         1615    .text               c_w.l(_printf_intcommon.o)
    0x0800050e   0x0800050e   0x00000002   PAD
    0x08000510   0x08000510   0x00000030   Code   RO         1617    .text               c_w.l(_printf_char_common.o)
    0x08000540   0x08000540   0x0000000a   Code   RO         1619    .text               c_w.l(_sputc.o)
    0x0800054a   0x0800054a   0x00000002   PAD
    0x0800054c   0x0800054c   0x00000024   Code   RO         1621    .text               c_w.l(_printf_char_file.o)
    0x08000570   0x08000570   0x00000008   Code   RO         1684    .text               c_w.l(rt_errno_addr_intlibspace.o)
    0x08000578   0x08000578   0x00000008   Code   RO         1688    .text               c_w.l(ferror.o)
    0x08000580   0x08000580   0x00000138   Code   RO         1694    .text               c_w.l(initio.o)
    0x080006b8   0x080006b8   0x00000008   Code   RO         1708    .text               c_w.l(libspace.o)
    0x080006c0   0x080006c0   0x0000004a   Code   RO         1713    .text               c_w.l(sys_stackheap_outer.o)
    0x0800070a   0x0800070a   0x0000004e   Code   RO         1717    .text               c_w.l(h1_free.o)
    0x08000758   0x08000758   0x000001e2   Code   RO         1771    .text               c_w.l(flsbuf.o)
    0x0800093a   0x0800093a   0x00000046   Code   RO         1773    .text               c_w.l(setvbuf.o)
    0x08000980   0x08000980   0x000000f0   Code   RO         1776    .text               c_w.l(fopen.o)
    0x08000a70   0x08000a70   0x0000004c   Code   RO         1778    .text               c_w.l(fclose.o)
    0x08000abc   0x08000abc   0x00000012   Code   RO         1784    .text               c_w.l(exit.o)
    0x08000ace   0x08000ace   0x0000000e   Code   RO         1786    .text               c_w.l(defsig_rtred_outer.o)
    0x08000adc   0x08000adc   0x00000008   Code   RO         1870    .text               c_w.l(rt_heap_descriptor_intlibspace.o)
    0x08000ae4   0x08000ae4   0x00000004   Code   RO         1872    .text               c_w.l(hguard.o)
    0x08000ae8   0x08000ae8   0x0000008a   Code   RO         1874    .text               c_w.l(init_alloc.o)
    0x08000b72   0x08000b72   0x0000005e   Code   RO         1880    .text               c_w.l(h1_alloc.o)
    0x08000bd0   0x08000bd0   0x000000f8   Code   RO         1894    .text               c_w.l(fseek.o)
    0x08000cc8   0x08000cc8   0x00000108   Code   RO         1896    .text               c_w.l(stdio.o)
    0x08000dd0   0x08000dd0   0x0000000a   Code   RO         1902    .text               c_w.l(defsig_exit.o)
    0x08000dda   0x08000dda   0x00000002   PAD
    0x08000ddc   0x08000ddc   0x00000034   Code   RO         1904    .text               c_w.l(defsig_rtred_inner.o)
    0x08000e10   0x08000e10   0x0000000c   Code   RO         1916    .text               c_w.l(sys_exit.o)
    0x08000e1c   0x08000e1c   0x00000000   Code   RO         1927    .text               c_w.l(maybetermalloc1.o)
    0x08000e1c   0x08000e1c   0x0000000c   Code   RO         1929    .text               c_w.l(h1_init.o)
    0x08000e28   0x08000e28   0x00000034   Code   RO         1931    .text               c_w.l(h1_extend.o)
    0x08000e5c   0x08000e5c   0x00000042   Code   RO         1941    .text               c_w.l(ftell.o)
    0x08000e9e   0x08000e9e   0x00000032   Code   RO         1949    .text               c_w.l(defsig_general.o)
    0x08000ed0   0x08000ed0   0x0000000e   Code   RO         1951    .text               c_w.l(defsig_rtmem_outer.o)
    0x08000ede   0x08000ede   0x0000000e   Code   RO         1966    .text               c_w.l(sys_wrch.o)
    0x08000eec   0x08000eec   0x00000002   Code   RO         1974    .text               c_w.l(use_no_semi.o)
    0x08000eee   0x08000eee   0x00000000   Code   RO         1976    .text               c_w.l(indicate_semi.o)
    0x08000eee   0x08000eee   0x00000002   PAD
    0x08000ef0   0x08000ef0   0x00000050   Code   RO         1981    .text               c_w.l(defsig_rtmem_inner.o)
    0x08000f40   0x08000f40   0x00000052   Code   RO          161    .text.ADC_DMAConvCplt  stm32f1xx_hal_adc.o
    0x08000f92   0x08000f92   0x00000002   PAD
    0x08000f94   0x08000f94   0x00000016   Code   RO          165    .text.ADC_DMAError  stm32f1xx_hal_adc.o
    0x08000faa   0x08000faa   0x00000002   PAD
    0x08000fac   0x08000fac   0x00000006   Code   RO          163    .text.ADC_DMAHalfConvCplt  stm32f1xx_hal_adc.o
    0x08000fb2   0x08000fb2   0x00000002   PAD
    0x08000fb4   0x08000fb4   0x000000ae   Code   RO          147    .text.ADC_Enable    stm32f1xx_hal_adc.o
    0x08001062   0x08001062   0x00000002   PAD
    0x08001064   0x08001064   0x00000018   Code   RO         1480    .text.BUZZER        mygpio.o
    0x0800107c   0x0800107c   0x00000002   Code   RO           56    .text.BusFault_Handler  stm32f1xx_it.o
    0x0800107e   0x0800107e   0x00000002   PAD
    0x08001080   0x08001080   0x00000116   Code   RO         1278    .text.ClearScreen   ili9341.o
    0x08001196   0x08001196   0x00000002   PAD
    0x08001198   0x08001198   0x0000000c   Code   RO           78    .text.DMA1_Channel1_IRQHandler  stm32f1xx_it.o
    0x080011a4   0x080011a4   0x00000002   Code   RO           62    .text.DebugMon_Handler  stm32f1xx_it.o
    0x080011a6   0x080011a6   0x00000002   PAD
    0x080011a8   0x080011a8   0x00000034   Code   RO         1484    .text.DrainValve    mygpio.o
    0x080011dc   0x080011dc   0x000000f4   Code   RO         1312    .text.DrawChar      ili9341.o
    0x080012d0   0x080012d0   0x00000120   Code   RO         1314    .text.DrawPic       ili9341.o
    0x080013f0   0x080013f0   0x0000003c   Code   RO         1316    .text.DrawStringA   ili9341.o
    0x0800142c   0x0800142c   0x0000008e   Code   RO         1463    .text.EEPROM_Read   eeprom.o
    0x080014ba   0x080014ba   0x00000002   PAD
    0x080014bc   0x080014bc   0x00000094   Code   RO         1461    .text.EEPROM_Read_NUM  eeprom.o
    0x08001550   0x08001550   0x00000006   Code   RO           68    .text.EXTI0_IRQHandler  stm32f1xx_it.o
    0x08001556   0x08001556   0x00000002   PAD
    0x08001558   0x08001558   0x00000016   Code   RO           82    .text.EXTI15_10_IRQHandler  stm32f1xx_it.o
    0x0800156e   0x0800156e   0x00000002   PAD
    0x08001570   0x08001570   0x00000006   Code   RO           70    .text.EXTI1_IRQHandler  stm32f1xx_it.o
    0x08001576   0x08001576   0x00000002   PAD
    0x08001578   0x08001578   0x00000006   Code   RO           72    .text.EXTI2_IRQHandler  stm32f1xx_it.o
    0x0800157e   0x0800157e   0x00000002   PAD
    0x08001580   0x08001580   0x00000006   Code   RO           74    .text.EXTI3_IRQHandler  stm32f1xx_it.o
    0x08001586   0x08001586   0x00000002   PAD
    0x08001588   0x08001588   0x00000006   Code   RO           76    .text.EXTI4_IRQHandler  stm32f1xx_it.o
    0x0800158e   0x0800158e   0x00000002   PAD
    0x08001590   0x08001590   0x00000006   Code   RO           80    .text.EXTI9_5_IRQHandler  stm32f1xx_it.o
    0x08001596   0x08001596   0x00000002   PAD
    0x08001598   0x08001598   0x0000000a   Code   RO           21    .text.Error_Handler  main.o
    0x080015a2   0x080015a2   0x00000002   PAD
    0x080015a4   0x080015a4   0x00000176   Code   RO          181    .text.HAL_ADC_ConfigChannel  stm32f1xx_hal_adc.o
    0x0800171a   0x0800171a   0x00000002   PAD
    0x0800171c   0x0800171c   0x00000014   Code   RO           11    .text.HAL_ADC_ConvCpltCallback  main.o
    0x08001730   0x08001730   0x00000002   Code   RO          177    .text.HAL_ADC_ConvHalfCpltCallback  stm32f1xx_hal_adc.o
    0x08001732   0x08001732   0x00000002   PAD
    0x08001734   0x08001734   0x00000002   Code   RO          179    .text.HAL_ADC_ErrorCallback  stm32f1xx_hal_adc.o
    0x08001736   0x08001736   0x00000002   PAD
    0x08001738   0x08001738   0x00000174   Code   RO          135    .text.HAL_ADC_Init  stm32f1xx_hal_adc.o
    0x080018ac   0x080018ac   0x000000c8   Code   RO           93    .text.HAL_ADC_MspInit  stm32f1xx_hal_msp.o
    0x08001974   0x08001974   0x0000011c   Code   RO          159    .text.HAL_ADC_Start_DMA  stm32f1xx_hal_adc.o
    0x08001a90   0x08001a90   0x0000028e   Code   RO          381    .text.HAL_DMA_IRQHandler  stm32f1xx_hal_dma.o
    0x08001d1e   0x08001d1e   0x00000002   PAD
    0x08001d20   0x08001d20   0x0000009e   Code   RO          367    .text.HAL_DMA_Init  stm32f1xx_hal_dma.o
    0x08001dbe   0x08001dbe   0x00000002   PAD
    0x08001dc0   0x08001dc0   0x000000a0   Code   RO          373    .text.HAL_DMA_Start_IT  stm32f1xx_hal_dma.o
    0x08001e60   0x08001e60   0x00000028   Code   RO          251    .text.HAL_Delay     stm32f1xx_hal.o
    0x08001e88   0x08001e88   0x0000033c   Code   RO           23    .text.HAL_GPIO_EXTI_Callback  main.o
    0x080021c4   0x080021c4   0x00000016   Code   RO          355    .text.HAL_GPIO_EXTI_IRQHandler  stm32f1xx_hal_gpio.o
    0x080021da   0x080021da   0x00000002   PAD
    0x080021dc   0x080021dc   0x000001f2   Code   RO          343    .text.HAL_GPIO_Init  stm32f1xx_hal_gpio.o
    0x080023ce   0x080023ce   0x00000002   PAD
    0x080023d0   0x080023d0   0x0000000a   Code   RO          349    .text.HAL_GPIO_WritePin  stm32f1xx_hal_gpio.o
    0x080023da   0x080023da   0x00000002   PAD
    0x080023dc   0x080023dc   0x0000000c   Code   RO          243    .text.HAL_GetTick   stm32f1xx_hal.o
    0x080023e8   0x080023e8   0x00000164   Code   RO          564    .text.HAL_I2C_Init  stm32f1xx_hal_i2c.o
    0x0800254c   0x0800254c   0x00000346   Code   RO          612    .text.HAL_I2C_Mem_Read  stm32f1xx_hal_i2c.o
    0x08002892   0x08002892   0x00000002   PAD
    0x08002894   0x08002894   0x00000064   Code   RO           97    .text.HAL_I2C_MspInit  stm32f1xx_hal_msp.o
    0x080028f8   0x080028f8   0x0000001a   Code   RO          241    .text.HAL_IncTick   stm32f1xx_hal.o
    0x08002912   0x08002912   0x00000002   PAD
    0x08002914   0x08002914   0x00000026   Code   RO          231    .text.HAL_Init      stm32f1xx_hal.o
    0x0800293a   0x0800293a   0x00000002   PAD
    0x0800293c   0x0800293c   0x00000048   Code   RO          233    .text.HAL_InitTick  stm32f1xx_hal.o
    0x08002984   0x08002984   0x00000042   Code   RO           91    .text.HAL_MspInit   stm32f1xx_hal_msp.o
    0x080029c6   0x080029c6   0x00000002   PAD
    0x080029c8   0x080029c8   0x00000022   Code   RO          403    .text.HAL_NVIC_EnableIRQ  stm32f1xx_hal_cortex.o
    0x080029ea   0x080029ea   0x00000002   PAD
    0x080029ec   0x080029ec   0x00000056   Code   RO          401    .text.HAL_NVIC_SetPriority  stm32f1xx_hal_cortex.o
    0x08002a42   0x08002a42   0x00000002   PAD
    0x08002a44   0x08002a44   0x00000020   Code   RO          399    .text.HAL_NVIC_SetPriorityGrouping  stm32f1xx_hal_cortex.o
    0x08002a64   0x08002a64   0x00000102   Code   RO          329    .text.HAL_RCCEx_PeriphCLKConfig  stm32f1xx_hal_rcc_ex.o
    0x08002b66   0x08002b66   0x00000002   PAD
    0x08002b68   0x08002b68   0x000001d2   Code   RO          295    .text.HAL_RCC_ClockConfig  stm32f1xx_hal_rcc.o
    0x08002d3a   0x08002d3a   0x00000002   PAD
    0x08002d3c   0x08002d3c   0x00000026   Code   RO          307    .text.HAL_RCC_GetPCLK1Freq  stm32f1xx_hal_rcc.o
    0x08002d62   0x08002d62   0x00000002   PAD
    0x08002d64   0x08002d64   0x00000026   Code   RO          309    .text.HAL_RCC_GetPCLK2Freq  stm32f1xx_hal_rcc.o
    0x08002d8a   0x08002d8a   0x00000002   PAD
    0x08002d8c   0x08002d8c   0x00000400   Code   RO          293    .text.HAL_RCC_OscConfig  stm32f1xx_hal_rcc.o
    0x0800318c   0x0800318c   0x000000ac   Code   RO          702    .text.HAL_SPI_Init  stm32f1xx_hal_spi.o
    0x08003238   0x08003238   0x00000076   Code   RO          101    .text.HAL_SPI_MspInit  stm32f1xx_hal_msp.o
    0x080032ae   0x080032ae   0x00000002   PAD
    0x080032b0   0x080032b0   0x000001f8   Code   RO          710    .text.HAL_SPI_Transmit  stm32f1xx_hal_spi.o
    0x080034a8   0x080034a8   0x0000002c   Code   RO          411    .text.HAL_SYSTICK_Config  stm32f1xx_hal_cortex.o
    0x080034d4   0x080034d4   0x00000096   Code   RO         1111    .text.HAL_TIMEx_MasterConfigSynchronization  stm32f1xx_hal_tim_ex.o
    0x0800356a   0x0800356a   0x00000002   PAD
    0x0800356c   0x0800356c   0x00000126   Code   RO          816    .text.HAL_TIM_Base_Init  stm32f1xx_hal_tim.o
    0x08003692   0x08003692   0x00000002   PAD
    0x08003694   0x08003694   0x0000005a   Code   RO          105    .text.HAL_TIM_Base_MspInit  stm32f1xx_hal_msp.o
    0x080036ee   0x080036ee   0x00000002   PAD
    0x080036f0   0x080036f0   0x000001a0   Code   RO          996    .text.HAL_TIM_ConfigClockSource  stm32f1xx_hal_tim.o
    0x08003890   0x08003890   0x000000e2   Code   RO         1135    .text.HAL_UART_Init  stm32f1xx_hal_uart.o
    0x08003972   0x08003972   0x00000002   PAD
    0x08003974   0x08003974   0x0000007a   Code   RO          109    .text.HAL_UART_MspInit  stm32f1xx_hal_msp.o
    0x080039ee   0x080039ee   0x00000002   PAD
    0x080039f0   0x080039f0   0x00000002   Code   RO           52    .text.HardFault_Handler  stm32f1xx_it.o
    0x080039f2   0x080039f2   0x00000002   PAD
    0x080039f4   0x080039f4   0x00000112   Code   RO          614    .text.I2C_RequestMemoryRead  stm32f1xx_hal_i2c.o
    0x08003b06   0x08003b06   0x00000002   PAD
    0x08003b08   0x08003b08   0x000001ca   Code   RO          574    .text.I2C_WaitOnFlagUntilTimeout  stm32f1xx_hal_i2c.o
    0x08003cd2   0x08003cd2   0x00000002   PAD
    0x08003cd4   0x08003cd4   0x000000d6   Code   RO          692    .text.I2C_WaitOnMasterAddressFlagUntilTimeout  stm32f1xx_hal_i2c.o
    0x08003daa   0x08003daa   0x00000002   PAD
    0x08003dac   0x08003dac   0x00000090   Code   RO          582    .text.I2C_WaitOnRXNEFlagUntilTimeout  stm32f1xx_hal_i2c.o
    0x08003e3c   0x08003e3c   0x000000ba   Code   RO          576    .text.I2C_WaitOnTXEFlagUntilTimeout  stm32f1xx_hal_i2c.o
    0x08003ef6   0x08003ef6   0x00000002   PAD
    0x08003ef8   0x08003ef8   0x000008d2   Code   RO         1270    .text.LCDInit       ili9341.o
    0x080047ca   0x080047ca   0x00000002   PAD
    0x080047cc   0x080047cc   0x00000114   Code   RO         1282    .text.LCD_Address_Set  ili9341.o
    0x080048e0   0x080048e0   0x00000002   Code   RO           54    .text.MemManage_Handler  stm32f1xx_it.o
    0x080048e2   0x080048e2   0x00000002   PAD
    0x080048e4   0x080048e4   0x00000002   Code   RO           50    .text.NMI_Handler   stm32f1xx_it.o
    0x080048e6   0x080048e6   0x00000002   PAD
    0x080048e8   0x080048e8   0x00000030   Code   RO         1482    .text.PUMP          mygpio.o
    0x08004918   0x08004918   0x00000002   Code   RO           64    .text.PendSV_Handler  stm32f1xx_it.o
    0x0800491a   0x0800491a   0x00000002   PAD
    0x0800491c   0x0800491c   0x0000008e   Code   RO         1437    .text.Read_Presure  temp.o
    0x080049aa   0x080049aa   0x00000002   PAD
    0x080049ac   0x080049ac   0x00000104   Code   RO         1439    .text.Read_TemperatureAMB  temp.o
    0x08004ab0   0x08004ab0   0x00000104   Code   RO         1441    .text.Read_TemperatureWater  temp.o
    0x08004bb4   0x08004bb4   0x000000e4   Code   RO          806    .text.SPI_WaitFlagStateUntilTimeout  stm32f1xx_hal_spi.o
    0x08004c98   0x08004c98   0x00000002   Code   RO           60    .text.SVC_Handler   stm32f1xx_it.o
    0x08004c9a   0x08004c9a   0x00000002   PAD
    0x08004c9c   0x08004c9c   0x00000004   Code   RO           66    .text.SysTick_Handler  stm32f1xx_it.o
    0x08004ca0   0x08004ca0   0x00000002   Code   RO         1255    .text.SystemInit    system_stm32f1xx.o
    0x08004ca2   0x08004ca2   0x00000002   PAD
    0x08004ca4   0x08004ca4   0x00000002   Code   RO           58    .text.UsageFault_Handler  stm32f1xx_it.o
    0x08004ca6   0x08004ca6   0x00000002   PAD
    0x08004ca8   0x08004ca8   0x00000034   Code   RO         1486    .text.WaterValve    mygpio.o
    0x08004cdc   0x08004cdc   0x00000014   Code   RO         1502    .text._sys_close    retarget_io.o
    0x08004cf0   0x08004cf0   0x00000004   Code   RO         1512    .text._sys_flen     retarget_io.o
    0x08004cf4   0x08004cf4   0x00000010   Code   RO         1508    .text._sys_istty    retarget_io.o
    0x08004d04   0x08004d04   0x00000066   Code   RO         1500    .text._sys_open     retarget_io.o
    0x08004d6a   0x08004d6a   0x00000002   PAD
    0x08004d6c   0x08004d6c   0x00000006   Code   RO         1510    .text._sys_seek     retarget_io.o
    0x08004d72   0x08004d72   0x00000002   PAD
    0x08004d74   0x08004d74   0x000001ca   Code   RO         1504    .text._sys_write    retarget_io.o
    0x08004f3e   0x08004f3e   0x00000002   PAD
    0x08004f40   0x08004f40   0x00000644   Code   RO           17    .text.main          main.o
    0x08005584   0x08005584   0x000000aa   Code   RO         1663    i.__kernel_poly     m_ws.l(poly.o)
    0x0800562e   0x0800562e   0x00000002   PAD
    0x08005630   0x08005630   0x00000010   Code   RO         1649    i.__mathlib_dbl_divzero  m_ws.l(dunder.o)
    0x08005640   0x08005640   0x00000006   Code   RO         1650    i.__mathlib_dbl_infnan  m_ws.l(dunder.o)
    0x08005646   0x08005646   0x0000000c   Code   RO         1652    i.__mathlib_dbl_invalid  m_ws.l(dunder.o)
    0x08005652   0x08005652   0x0000001c   Code   RO         1691    i.fputc             c_w.l(fputc.o)
    0x0800566e   0x0800566e   0x00000002   PAD
    0x08005670   0x08005670   0x0000035c   Code   RO         1608    i.log               m_ws.l(log.o)
    0x080059cc   0x080059cc   0x00000062   Code   RO         1573    x$fpl$d2f           fz_ws.l(d2f.o)
    0x08005a2e   0x08005a2e   0x00000002   PAD
    0x08005a30   0x08005a30   0x00000150   Code   RO         1575    x$fpl$dadd          fz_ws.l(daddsub_clz.o)
    0x08005b80   0x08005b80   0x00000010   Code   RO         1702    x$fpl$dcheck1       fz_ws.l(dcheck1.o)
    0x08005b90   0x08005b90   0x00000018   Code   RO         1704    x$fpl$dcmpinf       fz_ws.l(dcmpi.o)
    0x08005ba8   0x08005ba8   0x000002b4   Code   RO         1582    x$fpl$ddiv          fz_ws.l(ddiv.o)
    0x08005e5c   0x08005e5c   0x00000078   Code   RO         1630    x$fpl$deqf          fz_ws.l(deqf.o)
    0x08005ed4   0x08005ed4   0x0000002e   Code   RO         1586    x$fpl$dflt          fz_ws.l(dflt_clz.o)
    0x08005f02   0x08005f02   0x00000026   Code   RO         1585    x$fpl$dfltu         fz_ws.l(dflt_clz.o)
    0x08005f28   0x08005f28   0x00000154   Code   RO         1591    x$fpl$dmul          fz_ws.l(dmul.o)
    0x0800607c   0x0800607c   0x0000009c   Code   RO         1632    x$fpl$dnaninf       fz_ws.l(dnaninf.o)
    0x08006118   0x08006118   0x0000000c   Code   RO         1634    x$fpl$dretinf       fz_ws.l(dretinf.o)
    0x08006124   0x08006124   0x00000016   Code   RO         1576    x$fpl$drsb          fz_ws.l(daddsub_clz.o)
    0x0800613a   0x0800613a   0x00000002   PAD
    0x0800613c   0x0800613c   0x000001dc   Code   RO         1577    x$fpl$dsub          fz_ws.l(daddsub_clz.o)
    0x08006318   0x08006318   0x00000056   Code   RO         1593    x$fpl$f2d           fz_ws.l(f2d.o)
    0x0800636e   0x0800636e   0x00000054   Code   RO         1595    x$fpl$fcmp          fz_ws.l(fcmp.o)
    0x080063c2   0x080063c2   0x00000018   Code   RO         1706    x$fpl$fcmpinf       fz_ws.l(fcmpi.o)
    0x080063da   0x080063da   0x00000002   PAD
    0x080063dc   0x080063dc   0x00000184   Code   RO         1598    x$fpl$fdiv          fz_ws.l(fdiv.o)
    0x08006560   0x08006560   0x00000068   Code   RO         1636    x$fpl$feqf          fz_ws.l(feqf.o)
    0x080065c8   0x080065c8   0x00000036   Code   RO         1601    x$fpl$ffix          fz_ws.l(ffix.o)
    0x080065fe   0x080065fe   0x00000002   PAD
    0x08006600   0x08006600   0x00000068   Code   RO         1638    x$fpl$fgeqf         fz_ws.l(fgeqf.o)
    0x08006668   0x08006668   0x00000068   Code   RO         1640    x$fpl$fleqf         fz_ws.l(fleqf.o)
    0x080066d0   0x080066d0   0x00000102   Code   RO         1605    x$fpl$fmul          fz_ws.l(fmul.o)
    0x080067d2   0x080067d2   0x0000008c   Code   RO         1642    x$fpl$fnaninf       fz_ws.l(fnaninf.o)
    0x0800685e   0x0800685e   0x0000000a   Code   RO         1644    x$fpl$fretinf       fz_ws.l(fretinf.o)
    0x08006868   0x08006868   0x00000064   Code   RO         1861    x$fpl$retnan        fz_ws.l(retnan.o)
    0x080068cc   0x080068cc   0x0000005c   Code   RO         1646    x$fpl$scalbn        fz_ws.l(scalbn.o)
    0x08006928   0x08006928   0x00000030   Code   RO         1914    x$fpl$trapveneer    fz_ws.l(trapv.o)
    0x08006958   0x08006958   0x00000000   Code   RO         1648    x$fpl$usenofp       fz_ws.l(usenofp.o)
    0x08006958   0x08006958   0x00000038   Data   RO         1609    .constdata          m_ws.l(log.o)
    0x08006990   0x08006990   0x00000008   Data   RO         1665    .constdata          m_ws.l(qnan.o)
    0x08006998   0x08006998   0x00000010   Data   RO         1260    .rodata.AHBPrescTable  system_stm32f1xx.o
    0x080069a8   0x080069a8   0x00000008   Data   RO         1261    .rodata.APBPrescTable  system_stm32f1xx.o
    0x080069b0   0x080069b0   0x00000002   Data   RO          320    .rodata.HAL_RCC_GetSysClockFreq.aPredivFactorTable  stm32f1xx_hal_rcc.o
    0x080069b2   0x080069b2   0x00004e20   Data   RO         1429    .rodata.Logo100x100  logo100x100.o
    0x0800b7d2   0x0800b7d2   0x00000002   PAD
    0x0800b7d4   0x0800b7d4   0x00000008   Data   RO         1430    .rodata.Logo_Art    logo100x100.o
    0x0800b7dc   0x0800b7dc   0x00000008   Data   RO         1517    .rodata.__stderr_name  retarget_io.o
    0x0800b7e4   0x0800b7e4   0x00000007   Data   RO         1515    .rodata.__stdin_name  retarget_io.o
    0x0800b7eb   0x0800b7eb   0x00000008   Data   RO         1516    .rodata.__stdout_name  retarget_io.o
    0x0800b7f3   0x0800b7f3   0x00000010   Data   RO          319    .rodata.cst16       stm32f1xx_hal_rcc.o
    0x0800b803   0x0800b803   0x00000001   PAD
    0x0800b804   0x0800b804   0x0000002c   Data   RO         1387    .rodata.fontArial14_B  arial14_b.o
    0x0800b830   0x0800b830   0x00000100   Data   RO         1384    .rodata.fontArial14_B_ascii_index_table  arial14_b.o
    0x0800b930   0x0800b930   0x000008e4   Data   RO         1381    .rodata.fontArial14_B_data_table  arial14_b.o
    0x0800c214   0x0800c214   0x00000004   Data   RO         1385    .rodata.fontArial14_B_glyph_ranges  arial14_b.o
    0x0800c218   0x0800c218   0x0000000c   Data   RO         1386    .rodata.fontArial14_B_glyph_set  arial14_b.o
    0x0800c224   0x0800c224   0x0000017c   Data   RO         1382    .rodata.fontArial14_B_offset_table  arial14_b.o
    0x0800c3a0   0x0800c3a0   0x000000bc   Data   RO         1383    .rodata.fontArial14_B_width_table  arial14_b.o
    0x0800c45c   0x0800c45c   0x00000029   Data   RO           32    .rodata.str1.1      main.o
    0x0800c485   0x0800c485   0x00000003   PAD
    0x0800c488   0x0800c488   0x00000020   Data   RO         2007    Region$$Table       anon$$obj.o


    Execution Region RW_IRAM1 (Exec base: 0x20000000, Load base: 0x0800c4a8, Size: 0x00000d60, Max: 0x0000c000, ABSOLUTE)

    Exec Addr    Load Addr    Size         Type   Attr      Idx    E Section Name        Object

    0x20000000   0x0800c4a8   0x00000004   Data   RW         1627    .data               c_w.l(stdio_streams.o)
    0x20000004   0x0800c4ac   0x00000004   Data   RW         1628    .data               c_w.l(stdio_streams.o)
    0x20000008   0x0800c4b0   0x00000004   Data   RW         1629    .data               c_w.l(stdio_streams.o)
    0x2000000c   0x0800c4b4   0x0000000c   Data   RW           40    .data..L_MergedGlobals  main.o
    0x20000018   0x0800c4c0   0x00000008   Data   RW          282    .data..L_MergedGlobals  stm32f1xx_hal.o
    0x20000020   0x0800c4c8   0x00000004   Data   RW         1259    .data.SystemCoreClock  system_stm32f1xx.o
    0x20000024   0x0800c4cc   0x00000004   PAD
    0x20000028        -       0x00000054   Zero   RW         1624    .bss                c_w.l(stdio_streams.o)
    0x2000007c        -       0x00000054   Zero   RW         1625    .bss                c_w.l(stdio_streams.o)
    0x200000d0        -       0x00000054   Zero   RW         1626    .bss                c_w.l(stdio_streams.o)
    0x20000124        -       0x00000060   Zero   RW         1709    .bss                c_w.l(libspace.o)
    0x20000184        -       0x00000044   Zero   RW           41    .bss..L_MergedGlobals.20  main.o
    0x200001c8        -       0x00000064   Zero   RW           30    .bss.datar1         main.o
    0x2000022c        -       0x00000064   Zero   RW           31    .bss.datar2         main.o
    0x20000290        -       0x00000044   Zero   RW           33    .bss.hdma_adc1      main.o
    0x200002d4        -       0x00000054   Zero   RW           34    .bss.hi2c2          main.o
    0x20000328        -       0x00000058   Zero   RW           35    .bss.hspi1          main.o
    0x20000380        -       0x00000048   Zero   RW           36    .bss.htim1          main.o
    0x200003c8        -       0x00000048   Zero   RW           37    .bss.htim7          main.o
    0x20000410        -       0x00000048   Zero   RW           38    .bss.huart1         main.o
    0x20000458        -       0x00000004   Zero   RW          281    .bss.uwTick         stm32f1xx_hal.o
    0x2000045c   0x0800c4cc   0x00000004   PAD
    0x20000460        -       0x00000300   Zero   RW            2    HEAP                startup_stm32f103xe.o
    0x20000760        -       0x00000600   Zero   RW            1    STACK               startup_stm32f103xe.o


==============================================================================

Image component sizes


      Code (inc. data)   RO Data    RW Data    ZI Data      Debug   Object Name

         0          0       3160          0          0       1454   arial14_b.o
       290          0          0          0          0       6279   eeprom.o
      3404          0          0          0          0      42268   ili9341.o
         0          0      20008          0          0        576   logo100x100.o
      2462        286         41         12        724      18020   main.o
       176         44          0          0          0       1874   mygpio.o
       606          0         23          0          0       4106   retarget_io.o
        64         26        304          0       2304        776   startup_stm32f103xe.o
       188          0          0          8          4       6059   stm32f1xx_hal.o
      1318          0          0          0          0      13564   stm32f1xx_hal_adc.o
       196          0          0          0          0       8750   stm32f1xx_hal_cortex.o
       972          0          0          0          0       8558   stm32f1xx_hal_dma.o
       530         22          0          0          0       4583   stm32f1xx_hal_gpio.o
      2470          0          0          0          0      44336   stm32f1xx_hal_i2c.o
       696          0          0          0          0      11944   stm32f1xx_hal_msp.o
      1566          0         18          0          0       7979   stm32f1xx_hal_rcc.o
       258          0          0          0          0       3776   stm32f1xx_hal_rcc_ex.o
       904          0          0          0          0      25267   stm32f1xx_hal_spi.o
       710          0          0          0          0      56417   stm32f1xx_hal_tim.o
       150          0          0          0          0      20689   stm32f1xx_hal_tim_ex.o
       226          0          0          0          0      32571   stm32f1xx_hal_uart.o
        90          0          0          0          0       3430   stm32f1xx_it.o
         2          0         24          4          0       1642   system_stm32f1xx.o
       662          0          0          0          0       1428   temp.o

    ----------------------------------------------------------------------
     18052        378      23616         24       3040     326346   Object Totals
         0          0         32          0          0          0   (incl. Generated)
       112          0          6          0          8          0   (incl. Padding)

    ----------------------------------------------------------------------

      Code (inc. data)   RO Data    RW Data    ZI Data      Debug   Library Member Name

         8          0          0          0          0         68   __main.o
       104          0          0          0          0         84   __printf.o
         0          0          0          0          0          0   __rtentry.o
        12          0          0          0          0          0   __rtentry2.o
         6          0          0          0          0          0   __rtentry4.o
        94          8          0          0          0          0   __scatter.o
        26          0          0          0          0          0   __scatter_copy.o
        28          0          0          0          0          0   __scatter_zi.o
        48          6          0          0          0         96   _printf_char_common.o
        36          4          0          0          0         80   _printf_char_file.o
         6          0          0          0          0          0   _printf_d.o
       120         16          0          0          0         92   _printf_dec.o
       178          0          0          0          0         88   _printf_intcommon.o
         0          0          0          0          0          0   _printf_percent.o
         4          0          0          0          0          0   _printf_percent_end.o
        22          0          0          0          0        100   _rserrno.o
        10          0          0          0          0         68   _sputc.o
        10          0          0          0          0         68   defsig_exit.o
        50          0          0          0          0         88   defsig_general.o
        80         58          0          0          0         76   defsig_rtmem_inner.o
        14          0          0          0          0         80   defsig_rtmem_outer.o
        52         38          0          0          0         76   defsig_rtred_inner.o
        14          0          0          0          0         80   defsig_rtred_outer.o
        18          0          0          0          0         80   exit.o
        76          0          0          0          0         88   fclose.o
         8          0          0          0          0         68   ferror.o
       482          0          0          0          0         92   flsbuf.o
       240          6          0          0          0        128   fopen.o
        28          0          0          0          0         68   fputc.o
       248          6          0          0          0         84   fseek.o
        66          0          0          0          0         76   ftell.o
        94          0          0          0          0         80   h1_alloc.o
        52          0          0          0          0         68   h1_extend.o
        78          0          0          0          0         80   h1_free.o
        12          0          0          0          0         84   h1_init.o
         6          0          0          0          0        152   heapauxi.o
         4          0          0          0          0        136   hguard.o
         0          0          0          0          0          0   indicate_semi.o
       138          0          0          0          0        168   init_alloc.o
       312         46          0          0          0        112   initio.o
         2          0          0          0          0          0   libinit.o
        14          0          0          0          0          0   libinit2.o
         2          0          0          0          0          0   libshutdown.o
         6          0          0          0          0          0   libshutdown2.o
         8          4          0          0         96         68   libspace.o
         0          0          0          0          0          0   maybetermalloc1.o
        24          4          0          0          0         84   noretval__2printf.o
        40          6          0          0          0         84   noretval__2sprintf.o
         8          4          0          0          0         68   rt_errno_addr_intlibspace.o
         8          4          0          0          0         68   rt_heap_descriptor_intlibspace.o
        78          0          0          0          0         80   rt_memclr_w.o
         2          0          0          0          0          0   rtexit.o
        10          0          0          0          0          0   rtexit2.o
        70          0          0          0          0         80   setvbuf.o
       264          6          0          0          0        160   stdio.o
         0          0          0         12        252          0   stdio_streams.o
       128          0          0          0          0         68   strcmpv7m.o
        12          4          0          0          0         68   sys_exit.o
        74          0          0          0          0         80   sys_stackheap_outer.o
        14          0          0          0          0         76   sys_wrch.o
         2          0          0          0          0         68   use_no_semi.o
        98          4          0          0          0         92   d2f.o
       834         16          0          0          0        372   daddsub_clz.o
        16          4          0          0          0         68   dcheck1.o
        24          0          0          0          0         68   dcmpi.o
       692        140          0          0          0        216   ddiv.o
       120          4          0          0          0         92   deqf.o
        84          0          0          0          0        136   dflt_clz.o
       340         12          0          0          0        104   dmul.o
       156          4          0          0          0         92   dnaninf.o
        12          0          0          0          0         68   dretinf.o
        86          4          0          0          0         84   f2d.o
        84          0          0          0          0        196   fcmp.o
        24          0          0          0          0         68   fcmpi.o
       388         76          0          0          0         96   fdiv.o
       104          4          0          0          0         84   feqf.o
        54          4          0          0          0         84   ffix.o
       104          4          0          0          0         84   fgeqf.o
       104          4          0          0          0         84   fleqf.o
       258          4          0          0          0         84   fmul.o
       140          4          0          0          0         84   fnaninf.o
        10          0          0          0          0         68   fretinf.o
       100          0          0          0          0         68   retnan.o
        92          0          0          0          0         68   scalbn.o
        48          0          0          0          0         68   trapv.o
         0          0          0          0          0          0   usenofp.o
        34          4          0          0          0        204   dunder.o
       860         52         56          0          0        256   log.o
       170          0          0          0          0         96   poly.o
         0          0          8          0          0          0   qnan.o

    ----------------------------------------------------------------------
      8612        564         64         12        348       6844   Library Totals
        26          0          0          0          0          0   (incl. Padding)

    ----------------------------------------------------------------------

      Code (inc. data)   RO Data    RW Data    ZI Data      Debug   Library Name

      3550        220          0         12        348       3760   c_w.l
      3972        288          0          0          0       2528   fz_ws.l
      1064         56         64          0          0        556   m_ws.l

    ----------------------------------------------------------------------
      8612        564         64         12        348       6844   Library Totals

    ----------------------------------------------------------------------

==============================================================================


      Code (inc. data)   RO Data    RW Data    ZI Data      Debug   

     26664        942      23680         36       3388     329162   Grand Totals
     26664        942      23680         36       3388     329162   ELF Image Totals
     26664        942      23680         36          0          0   ROM Totals

==============================================================================

    Total RO  Size (Code + RO Data)                50344 (  49.16kB)
    Total RW  Size (RW Data + ZI Data)              3424 (   3.34kB)
    Total ROM Size (Code + RO Data + RW Data)      50380 (  49.20kB)

==============================================================================

