Component: Arm Compiler for Embedded 6.21 Tool: armlink [5ec1fa00]

==============================================================================

Section Cross References

    startup_stm32f103xe.o(STACK) refers (Special) to heapauxi.o(.text) for __use_two_region_memory
    startup_stm32f103xe.o(HEAP) refers (Special) to heapauxi.o(.text) for __use_two_region_memory
    startup_stm32f103xe.o(RESET) refers (Special) to heapauxi.o(.text) for __use_two_region_memory
    startup_stm32f103xe.o(RESET) refers to startup_stm32f103xe.o(STACK) for __initial_sp
    startup_stm32f103xe.o(RESET) refers to startup_stm32f103xe.o(.text) for Reset_Handler
    startup_stm32f103xe.o(RESET) refers to stm32f1xx_it.o(.text.NMI_Handler) for NMI_Handler
    startup_stm32f103xe.o(RESET) refers to stm32f1xx_it.o(.text.HardFault_Handler) for HardFault_Handler
    startup_stm32f103xe.o(RESET) refers to stm32f1xx_it.o(.text.MemManage_Handler) for MemManage_Handler
    startup_stm32f103xe.o(RESET) refers to stm32f1xx_it.o(.text.BusFault_Handler) for BusFault_Handler
    startup_stm32f103xe.o(RESET) refers to stm32f1xx_it.o(.text.UsageFault_Handler) for UsageFault_Handler
    startup_stm32f103xe.o(RESET) refers to stm32f1xx_it.o(.text.SVC_Handler) for SVC_Handler
    startup_stm32f103xe.o(RESET) refers to stm32f1xx_it.o(.text.DebugMon_Handler) for DebugMon_Handler
    startup_stm32f103xe.o(RESET) refers to stm32f1xx_it.o(.text.PendSV_Handler) for PendSV_Handler
    startup_stm32f103xe.o(RESET) refers to stm32f1xx_it.o(.text.SysTick_Handler) for SysTick_Handler
    startup_stm32f103xe.o(RESET) refers to stm32f1xx_it.o(.text.RTC_IRQHandler) for RTC_IRQHandler
    startup_stm32f103xe.o(RESET) refers to stm32f1xx_it.o(.text.EXTI0_IRQHandler) for EXTI0_IRQHandler
    startup_stm32f103xe.o(RESET) refers to stm32f1xx_it.o(.text.EXTI1_IRQHandler) for EXTI1_IRQHandler
    startup_stm32f103xe.o(RESET) refers to stm32f1xx_it.o(.text.EXTI2_IRQHandler) for EXTI2_IRQHandler
    startup_stm32f103xe.o(RESET) refers to stm32f1xx_it.o(.text.EXTI3_IRQHandler) for EXTI3_IRQHandler
    startup_stm32f103xe.o(RESET) refers to stm32f1xx_it.o(.text.EXTI4_IRQHandler) for EXTI4_IRQHandler
    startup_stm32f103xe.o(RESET) refers to stm32f1xx_it.o(.text.DMA1_Channel1_IRQHandler) for DMA1_Channel1_IRQHandler
    startup_stm32f103xe.o(RESET) refers to stm32f1xx_it.o(.text.EXTI9_5_IRQHandler) for EXTI9_5_IRQHandler
    startup_stm32f103xe.o(RESET) refers to stm32f1xx_it.o(.text.EXTI15_10_IRQHandler) for EXTI15_10_IRQHandler
    startup_stm32f103xe.o(.text) refers (Special) to heapauxi.o(.text) for __use_two_region_memory
    startup_stm32f103xe.o(.text) refers to system_stm32f1xx.o(.text.SystemInit) for SystemInit
    startup_stm32f103xe.o(.text) refers to __main.o(!!!main) for __main
    startup_stm32f103xe.o(.text) refers to startup_stm32f103xe.o(HEAP) for Heap_Mem
    startup_stm32f103xe.o(.text) refers to startup_stm32f103xe.o(STACK) for Stack_Mem
    main.o(.text.LCD_init) refers to mygpio.o(.text.BUZZER) for BUZZER
    main.o(.text.LCD_init) refers to ili9341.o(.text.LCDInit) for LCDInit
    main.o(.text.LCD_init) refers to ili9341.o(.text.ClearScreen) for ClearScreen
    main.o(.text.LCD_init) refers to logo100x100.o(.rodata.Logo_Art100) for Logo_Art100
    main.o(.text.LCD_init) refers to ili9341.o(.text.DrawPic) for DrawPic
    main.o(.text.LCD_init) refers to main.o(.rodata.str1.1) for .L.str
    main.o(.text.LCD_init) refers to arial20_b.o(.rodata.fontArial20_B) for fontArial20_B
    main.o(.text.LCD_init) refers to ili9341.o(.text.DrawStringA) for DrawStringA
    main.o(.text.LCD_init) refers to arial14_b.o(.rodata.fontArial14_B) for fontArial14_B
    main.o(.text.LCD_init) refers to stm32f1xx_hal.o(.text.HAL_Delay) for HAL_Delay
    main.o(.text.LCD_init) refers to main.o(.text.TapDisplay) for TapDisplay
    main.o(.text.LCD_init) refers to ili9341.o(.text.DrawFillRect) for DrawFillRect
    main.o(.ARM.exidx.text.LCD_init) refers to main.o(.text.LCD_init) for [Anonymous Symbol]
    main.o(.text.TapDisplay) refers to ili9341.o(.text.DrawFillRect) for DrawFillRect
    main.o(.text.TapDisplay) refers to main.o(.rodata.str1.1) for .L.str.107
    main.o(.text.TapDisplay) refers to arial14_b.o(.rodata.fontArial14_B) for fontArial14_B
    main.o(.text.TapDisplay) refers to ili9341.o(.text.DrawStringA) for DrawStringA
    main.o(.text.TapDisplay) refers to ili9341.o(.text.DrawRectangle) for DrawRectangle
    main.o(.ARM.exidx.text.TapDisplay) refers to main.o(.text.TapDisplay) for [Anonymous Symbol]
    main.o(.ARM.exidx.text.Clear_Buffer) refers to main.o(.text.Clear_Buffer) for [Anonymous Symbol]
    main.o(.text.DrawTaskbar) refers to ili9341.o(.text.DrawFillRect) for DrawFillRect
    main.o(.text.DrawTaskbar) refers to arial14_b.o(.rodata.fontArial14_B) for fontArial14_B
    main.o(.text.DrawTaskbar) refers to ili9341.o(.text.DrawStringA) for DrawStringA
    main.o(.text.DrawTaskbar) refers to main.o(.rodata.str1.1) for .L.str.8
[...]
    adcPresure                               0x20003248   Data        4000  temp.o(.bss.adcPresure)
    adcPresureAvg                            0x200041e8   Data           4  temp.o(.bss.adcPresureAvg)
    adcPresureSum                            0x200041ec   Data           4  temp.o(.bss.adcPresureSum)
    adcTemprature                            0x200041f0   Data        4000  temp.o(.bss.adcTemprature)
    adcTempratureAvg                         0x20005190   Data           4  temp.o(.bss.adcTempratureAvg)
    adcTempratureSum                         0x20005194   Data           4  temp.o(.bss.adcTempratureSum)
    button_pressed                           0x20005198   Data           1  main.o(.bss.button_pressed)
    bytes_temp                               0x20005199   Data           4  eeprom.o(.bss.bytes_temp)
    countPRE                                 0x200051a0   Data           4  main.o(.bss.countPRE)
    countTMP                                 0x200051a4   Data           4  main.o(.bss.countTMP)
    counter                                  0x200051a8   Data           2  main.o(.bss.counter)
    currentPassword                          0x200051aa   Data           2  main.o(.bss.currentPassword)
    cursorPressure                           0x200051ac   Data           1  main.o(.bss.cursorPressure)
    cursorTemprature                         0x200051ad   Data           1  main.o(.bss.cursorTemprature)
    cursorTiming                             0x200051ae   Data           1  main.o(.bss.cursorTiming)
    endSysTick                               0x200051b0   Data           4  main.o(.bss.endSysTick)
    erroeCode                                0x200051b4   Data           1  main.o(.bss.erroeCode)
    exitPress                                0x200051b5   Data           1  main.o(.bss.exitPress)
    hadc1                                    0x200051b8   Data          48  main.o(.bss.hadc1)
    hdma_adc1                                0x200051e8   Data          68  main.o(.bss.hdma_adc1)
    hi2c2                                    0x2000522c   Data          84  main.o(.bss.hi2c2)
    hrtc                                     0x20005280   Data          20  main.o(.bss.hrtc)
    hspi1                                    0x20005294   Data          88  main.o(.bss.hspi1)
    htim1                                    0x200052ec   Data          72  main.o(.bss.htim1)
    htim2                                    0x20005334   Data          72  main.o(.bss.htim2)
    htim3                                    0x2000537c   Data          72  main.o(.bss.htim3)
    htim7                                    0x200053c4   Data          72  main.o(.bss.htim7)
    huart1                                   0x2000540c   Data          72  main.o(.bss.huart1)
    indexPRE                                 0x20005454   Data           4  main.o(.bss.indexPRE)
    indexTMP                                 0x20005458   Data           4  main.o(.bss.indexTMP)
    intervalPressure                         0x2000545c   Data           4  main.o(.bss.intervalPressure)
    intervalTemprature                       0x20005460   Data           4  main.o(.bss.intervalTemprature)
    key                                      0x20005464   Data           1  main.o(.bss.key)
    keyState                                 0x20005465   Data           1  main.o(.bss.keyState)
    levelSwitch                              0x20005466   Data           1  main.o(.bss.levelSwitch)
    menu                                     0x20005467   Data           1  main.o(.bss.menu)
    milliSecond                              0x20005468   Data           4  main.o(.bss.milliSecond)
    pressDurationExit                        0x2000546c   Data           4  main.o(.bss.pressDurationExit)
    pressDurationMenu                        0x20005470   Data           4  main.o(.bss.pressDurationMenu)
    pressMenuKey                             0x20005474   Data           2  main.o(.bss.pressMenuKey)
    pressStartTime                           0x20005478   Data           4  main.o(.bss.pressStartTime)
    primPresure                              0x2000547c   Data           4  main.o(.bss.primPresure)
    primTemprature                           0x20005480   Data           4  main.o(.bss.primTemprature)
    saveMenuDataSetting                      0x20005484   Data          60  main.o(.bss.saveMenuDataSetting)
    saveSDI                                  0x200054c0   Data          32  main.o(.bss.saveSDI)
    stageTime                                0x200054e0   Data           1  main.o(.bss.stageTime)
    startSysTick                             0x200054e4   Data           4  main.o(.bss.startSysTick)
    stateProcess                             0x200054e8   Data           1  main.o(.bss.stateProcess)
    sttingMenu                               0x200054e9   Data           1  main.o(.bss.sttingMenu)
    timeLevel_000_10                         0x200054ec   Data           4  main.o(.bss.timeLevel_000_10)
    timeLevel_000_15                         0x200054f0   Data           4  main.o(.bss.timeLevel_000_15)
    timeLevel_000_5                          0x200054f4   Data           4  main.o(.bss.timeLevel_000_5)
    timeLevel_000_primary                    0x200054f8   Data           4  main.o(.bss.timeLevel_000_primary)
    timeLevel_100_10                         0x200054fc   Data           4  main.o(.bss.timeLevel_100_10)
    timeLevel_100_15                         0x20005500   Data           4  main.o(.bss.timeLevel_100_15)
    timeLevel_100_5                          0x20005504   Data           4  main.o(.bss.timeLevel_100_5)
    timeLevel_100_primary                    0x20005508   Data           4  main.o(.bss.timeLevel_100_primary)
    timeLevel_500_10                         0x2000550c   Data           4  main.o(.bss.timeLevel_500_10)
    timeLevel_500_15                         0x20005510   Data           4  main.o(.bss.timeLevel_500_15)
    timeLevel_500_5                          0x20005514   Data           4  main.o(.bss.timeLevel_500_5)
    timeLevel_500_primary                    0x20005518   Data           4  main.o(.bss.timeLevel_500_primary)
    timeMS                                   0x2000551c   Data           4  stm32f1xx_it.o(.bss.timeMS)
    timeMS_Total                             0x20005520   Data           4  stm32f1xx_it.o(.bss.timeMS_Total)
    timePress                                0x20005524   Data           4  stm32f1xx_it.o(.bss.timePress)
    timeRejecton000Primary                   0x20005528   Data           4  main.o(.bss.timeRejecton000Primary)
    uwTick                                   0x2000552c   Data           4  stm32f1xx_hal.o(.bss.uwTick)



==============================================================================

Memory Map of the image

  Image Entry point : 0x08000131

  Load Region LR_IROM1 (Base: 0x08000000, Size: 0x00028cd8, Max: 0x00040000, ABSOLUTE)

    Execution Region ER_IROM1 (Exec base: 0x08000000, Load base: 0x08000000, Size: 0x00028c70, Max: 0x00040000, ABSOLUTE)

    Exec Addr    Load Addr    Size         Type   Attr      Idx    E Section Name        Object

    0x08000000   0x08000000   0x00000130   Data   RO            3    RESET               startup_stm32f103xe.o
    0x08000130   0x08000130   0x00000008   Code   RO         1942  * !!!main             c_w.l(__main.o)
    0x08000138   0x08000138   0x0000005c   Code   RO         2565    !!!scatter          c_w.l(__scatter.o)
    0x08000194   0x08000194   0x0000001a   Code   RO         2569    !!handler_copy      c_w.l(__scatter_copy.o)
    0x080001ae   0x080001ae   0x00000002   PAD
    0x080001b0   0x080001b0   0x00000002   Code   RO         2566    !!handler_null      c_w.l(__scatter.o)
    0x080001b2   0x080001b2   0x00000002   PAD
    0x080001b4   0x080001b4   0x0000001c   Code   RO         2571    !!handler_zi        c_w.l(__scatter_zi.o)
    0x080001d0   0x080001d0   0x00000000   Code   RO         2091    .ARM.Collect$$_printf_percent$$00000000  c_w.l(_printf_percent.o)
    0x080001d0   0x080001d0   0x00000006   Code   RO         2080    .ARM.Collect$$_printf_percent$$00000001  c_w.l(_printf_n.o)
    0x080001d6   0x080001d6   0x00000006   Code   RO         2082    .ARM.Collect$$_printf_percent$$00000002  c_w.l(_printf_p.o)
    0x080001dc   0x080001dc   0x00000006   Code   RO         2087    .ARM.Collect$$_printf_percent$$00000003  c_w.l(_printf_f.o)
    0x080001e2   0x080001e2   0x00000006   Code   RO         2088    .ARM.Collect$$_printf_percent$$00000004  c_w.l(_printf_e.o)
    0x080001e8   0x080001e8   0x00000006   Code   RO         2089    .ARM.Collect$$_printf_percent$$00000005  c_w.l(_printf_g.o)
    0x080001ee   0x080001ee   0x00000006   Code   RO         2090    .ARM.Collect$$_printf_percent$$00000006  c_w.l(_printf_a.o)
    0x080001f4   0x080001f4   0x0000000a   Code   RO         2095    .ARM.Collect$$_printf_percent$$00000007  c_w.l(_printf_ll.o)
    0x080001fe   0x080001fe   0x00000006   Code   RO         2084    .ARM.Collect$$_printf_percent$$00000008  c_w.l(_printf_i.o)
    0x08000204   0x08000204   0x00000006   Code   RO         2085    .ARM.Collect$$_printf_percent$$00000009  c_w.l(_printf_d.o)
    0x0800020a   0x0800020a   0x00000006   Code   RO         2086    .ARM.Collect$$_printf_percent$$0000000A  c_w.l(_printf_u.o)
    0x08000210   0x08000210   0x00000006   Code   RO         2083    .ARM.Collect$$_printf_percent$$0000000B  c_w.l(_printf_o.o)
    0x08000216   0x08000216   0x00000006   Code   RO         2081    .ARM.Collect$$_printf_percent$$0000000C  c_w.l(_printf_x.o)
    0x0800021c   0x0800021c   0x00000006   Code   RO         2092    .ARM.Collect$$_printf_percent$$0000000D  c_w.l(_printf_lli.o)
    0x08000222   0x08000222   0x00000006   Code   RO         2093    .ARM.Collect$$_printf_percent$$0000000E  c_w.l(_printf_lld.o)
    0x08000228   0x08000228   0x00000006   Code   RO         2094    .ARM.Collect$$_printf_percent$$0000000F  c_w.l(_printf_llu.o)
    0x0800022e   0x0800022e   0x00000006   Code   RO         2099    .ARM.Collect$$_printf_percent$$00000010  c_w.l(_printf_llo.o)
    0x08000234   0x08000234   0x00000006   Code   RO         2100    .ARM.Collect$$_printf_percent$$00000011  c_w.l(_printf_llx.o)
    0x0800023a   0x0800023a   0x0000000a   Code   RO         2096    .ARM.Collect$$_printf_percent$$00000012  c_w.l(_printf_l.o)
    0x08000244   0x08000244   0x00000006   Code   RO         2078    .ARM.Collect$$_printf_percent$$00000013  c_w.l(_printf_c.o)
    0x0800024a   0x0800024a   0x00000006   Code   RO         2079    .ARM.Collect$$_printf_percent$$00000014  c_w.l(_printf_s.o)
    0x08000250   0x08000250   0x00000006   Code   RO         2097    .ARM.Collect$$_printf_percent$$00000015  c_w.l(_printf_lc.o)
    0x08000256   0x08000256   0x00000006   Code   RO         2098    .ARM.Collect$$_printf_percent$$00000016  c_w.l(_printf_ls.o)
    0x0800025c   0x0800025c   0x00000004   Code   RO         2196    .ARM.Collect$$_printf_percent$$00000017  c_w.l(_printf_percent_end.o)
    0x08000260   0x08000260   0x00000002   Code   RO         2345    .ARM.Collect$$libinit$$00000000  c_w.l(libinit.o)
    0x08000262   0x08000262   0x00000000   Code   RO         2347    .ARM.Collect$$libinit$$00000002  c_w.l(libinit2.o)
    0x08000262   0x08000262   0x00000000   Code   RO         2349    .ARM.Collect$$libinit$$00000004  c_w.l(libinit2.o)
    0x08000262   0x08000262   0x00000000   Code   RO         2351    .ARM.Collect$$libinit$$00000006  c_w.l(libinit2.o)
    0x08000262   0x08000262   0x00000008   Code   RO         2352    .ARM.Collect$$libinit$$00000007  c_w.l(libinit2.o)
    0x0800026a   0x0800026a   0x00000000   Code   RO         2354    .ARM.Collect$$libinit$$0000000C  c_w.l(libinit2.o)
    0x0800026a   0x0800026a   0x00000000   Code   RO         2356    .ARM.Collect$$libinit$$0000000E  c_w.l(libinit2.o)
    0x0800026a   0x0800026a   0x00000000   Code   RO         2358    .ARM.Collect$$libinit$$00000010  c_w.l(libinit2.o)
    0x0800026a   0x0800026a   0x00000006   Code   RO         2359    .ARM.Collect$$libinit$$00000011  c_w.l(libinit2.o)
    0x08000270   0x08000270   0x00000000   Code   RO         2361    .ARM.Collect$$libinit$$00000013  c_w.l(libinit2.o)
    0x08000270   0x08000270   0x0000000c   Code   RO         2362    .ARM.Collect$$libinit$$00000014  c_w.l(libinit2.o)
    0x0800027c   0x0800027c   0x00000000   Code   RO         2363    .ARM.Collect$$libinit$$00000015  c_w.l(libinit2.o)
    0x0800027c   0x0800027c   0x00000000   Code   RO         2365    .ARM.Collect$$libinit$$00000017  c_w.l(libinit2.o)
    0x0800027c   0x0800027c   0x0000000a   Code   RO         2366    .ARM.Collect$$libinit$$00000018  c_w.l(libinit2.o)
    0x08000286   0x08000286   0x00000000   Code   RO         2367    .ARM.Collect$$libinit$$00000019  c_w.l(libinit2.o)
    0x08000286   0x08000286   0x00000000   Code   RO         2369    .ARM.Collect$$libinit$$0000001B  c_w.l(libinit2.o)
    0x08000286   0x08000286   0x00000000   Code   RO         2371    .ARM.Collect$$libinit$$0000001D  c_w.l(libinit2.o)
    0x08000286   0x08000286   0x00000000   Code   RO         2373    .ARM.Collect$$libinit$$0000001F  c_w.l(libinit2.o)
    0x08000286   0x08000286   0x00000000   Code   RO         2375    .ARM.Collect$$libinit$$00000021  c_w.l(libinit2.o)
    0x08000286   0x08000286   0x00000000   Code   RO         2377    .ARM.Collect$$libinit$$00000023  c_w.l(libinit2.o)
    0x08000286   0x08000286   0x00000000   Code   RO         2379    .ARM.Collect$$libinit$$00000025  c_w.l(libinit2.o)
    0x08000286   0x08000286   0x00000004   Code   RO         2380    .ARM.Collect$$libinit$$00000026  c_w.l(libinit2.o)
    0x0800028a   0x0800028a   0x00000000   Code   RO         2381    .ARM.Collect$$libinit$$00000027  c_w.l(libinit2.o)
    0x0800028a   0x0800028a   0x00000000   Code   RO         2385    .ARM.Collect$$libinit$$0000002E  c_w.l(libinit2.o)
    0x0800028a   0x0800028a   0x00000000   Code   RO         2387    .ARM.Collect$$libinit$$00000030  c_w.l(libinit2.o)
    0x0800028a   0x0800028a   0x00000000   Code   RO         2389    .ARM.Collect$$libinit$$00000032  c_w.l(libinit2.o)
    0x0800028a   0x0800028a   0x00000000   Code   RO         2391    .ARM.Collect$$libinit$$00000034  c_w.l(libinit2.o)
    0x0800028a   0x0800028a   0x00000002   Code   RO         2392    .ARM.Collect$$libinit$$00000035  c_w.l(libinit2.o)
    0x0800028c   0x0800028c   0x00000002   Code   RO         2544    .ARM.Collect$$libshutdown$$00000000  c_w.l(libshutdown.o)
    0x0800028e   0x0800028e   0x00000000   Code   RO         2394    .ARM.Collect$$libshutdown$$00000002  c_w.l(libshutdown2.o)
    0x0800028e   0x0800028e   0x00000004   Code   RO         2395    .ARM.Collect$$libshutdown$$00000003  c_w.l(libshutdown2.o)
    0x08000292   0x08000292   0x00000000   Code   RO         2396    .ARM.Collect$$libshutdown$$00000004  c_w.l(libshutdown2.o)
    0x08000292   0x08000292   0x00000000   Code   RO         2399    .ARM.Collect$$libshutdown$$00000007  c_w.l(libshutdown2.o)
    0x08000292   0x08000292   0x00000000   Code   RO         2402    .ARM.Collect$$libshutdown$$0000000A  c_w.l(libshutdown2.o)
    0x08000292   0x08000292   0x00000000   Code   RO         2404    .ARM.Collect$$libshutdown$$0000000C  c_w.l(libshutdown2.o)
    0x08000292   0x08000292   0x00000000   Code   RO         2407    .ARM.Collect$$libshutdown$$0000000F  c_w.l(libshutdown2.o)
    0x08000292   0x08000292   0x00000002   Code   RO         2408    .ARM.Collect$$libshutdown$$00000010  c_w.l(libshutdown2.o)
    0x08000294   0x08000294   0x00000000   Code   RO         2005    .ARM.Collect$$rtentry$$00000000  c_w.l(__rtentry.o)
    0x08000294   0x08000294   0x00000000   Code   RO         2160    .ARM.Collect$$rtentry$$00000002  c_w.l(__rtentry2.o)
    0x08000294   0x08000294   0x00000006   Code   RO         2172    .ARM.Collect$$rtentry$$00000004  c_w.l(__rtentry4.o)
    0x0800029a   0x0800029a   0x00000000   Code   RO         2162    .ARM.Collect$$rtentry$$00000009  c_w.l(__rtentry2.o)
    0x0800029a   0x0800029a   0x00000004   Code   RO         2163    .ARM.Collect$$rtentry$$0000000A  c_w.l(__rtentry2.o)
    0x0800029e   0x0800029e   0x00000000   Code   RO         2165    .ARM.Collect$$rtentry$$0000000C  c_w.l(__rtentry2.o)
    0x0800029e   0x0800029e   0x00000008   Code   RO         2166    .ARM.Collect$$rtentry$$0000000D  c_w.l(__rtentry2.o)
    0x080002a6   0x080002a6   0x00000002   Code   RO         2417    .ARM.Collect$$rtexit$$00000000  c_w.l(rtexit.o)
    0x080002a8   0x080002a8   0x00000000   Code   RO         2478    .ARM.Collect$$rtexit$$00000002  c_w.l(rtexit2.o)
    0x080002a8   0x080002a8   0x00000004   Code   RO         2479    .ARM.Collect$$rtexit$$00000003  c_w.l(rtexit2.o)
    0x080002ac   0x080002ac   0x00000006   Code   RO         2480    .ARM.Collect$$rtexit$$00000004  c_w.l(rtexit2.o)
    0x080002b2   0x080002b2   0x00000002   PAD
    0x080002b4   0x080002b4   0x00000040   Code   RO            4    .text               startup_stm32f103xe.o
    0x080002f4   0x080002f4   0x00000018   Code   RO         1928    .text               c_w.l(printf.o)
    0x0800030c   0x0800030c   0x0000002c   Code   RO         1930    .text               c_w.l(sprintf.o)
    0x08000338   0x08000338   0x0000008a   Code   RO         1932    .text               c_w.l(rt_memcpy_v6.o)
    0x080003c2   0x080003c2   0x0000004e   Code   RO         1936    .text               c_w.l(rt_memclr_w.o)
    0x08000410   0x08000410   0x00000080   Code   RO         1938    .text               c_w.l(strcmpv7m.o)
    0x08000490   0x08000490   0x00000006   Code   RO         1940    .text               c_w.l(heapauxi.o)
    0x08000496   0x08000496   0x00000016   Code   RO         2006    .text               c_w.l(_rserrno.o)
    0x080004ac   0x080004ac   0x0000004e   Code   RO         2010    .text               c_w.l(_printf_pad.o)
    0x080004fa   0x080004fa   0x00000024   Code   RO         2012    .text               c_w.l(_printf_truncate.o)
    0x0800051e   0x0800051e   0x00000052   Code   RO         2014    .text               c_w.l(_printf_str.o)
    0x08000570   0x08000570   0x00000078   Code   RO         2016    .text               c_w.l(_printf_dec.o)
    0x080005e8   0x080005e8   0x00000028   Code   RO         2018    .text               c_w.l(_printf_charcount.o)
    0x08000610   0x08000610   0x00000030   Code   RO         2020    .text               c_w.l(_printf_char_common.o)
    0x08000640   0x08000640   0x0000000a   Code   RO         2022    .text               c_w.l(_sputc.o)
    0x0800064a   0x0800064a   0x00000002   PAD
    0x0800064c   0x0800064c   0x00000024   Code   RO         2024    .text               c_w.l(_printf_char_file.o)
    0x08000670   0x08000670   0x000000bc   Code   RO         2026    .text               c_w.l(_printf_wctomb.o)
    0x0800072c   0x0800072c   0x0000007c   Code   RO         2029    .text               c_w.l(_printf_longlong_dec.o)
    0x080007a8   0x080007a8   0x00000070   Code   RO         2035    .text               c_w.l(_printf_oct_int_ll.o)
    0x08000818   0x08000818   0x00000094   Code   RO         2055    .text               c_w.l(_printf_hex_int_ll_ptr.o)
    0x080008ac   0x080008ac   0x00000188   Code   RO         2075    .text               c_w.l(__printf_flags_ss_wp.o)
    0x08000a34   0x08000a34   0x00000064   Code   RO         2107    .text               c_w.l(rt_memcpy_w.o)
    0x08000a98   0x08000a98   0x00000008   Code   RO         2177    .text               c_w.l(rt_errno_addr_intlibspace.o)
    0x08000aa0   0x08000aa0   0x0000008a   Code   RO         2179    .text               c_w.l(lludiv10.o)
    0x08000b2a   0x08000b2a   0x000000b2   Code   RO         2181    .text               c_w.l(_printf_intcommon.o)
    0x08000bdc   0x08000bdc   0x0000041c   Code   RO         2183    .text               c_w.l(_printf_fp_dec.o)
    0x08000ff8   0x08000ff8   0x000002fc   Code   RO         2187    .text               c_w.l(_printf_fp_hex.o)
    0x080012f4   0x080012f4   0x0000002c   Code   RO         2192    .text               c_w.l(_printf_char.o)
    0x08001320   0x08001320   0x0000002c   Code   RO         2194    .text               c_w.l(_printf_wchar.o)
    0x0800134c   0x0800134c   0x00000008   Code   RO         2197    .text               c_w.l(ferror.o)
    0x08001354   0x08001354   0x00000138   Code   RO         2203    .text               c_w.l(initio.o)
    0x0800148c   0x0800148c   0x00000048   Code   RO         2211    .text               c_w.l(_c16rtomb.o)
    0x080014d4   0x080014d4   0x00000008   Code   RO         2219    .text               c_w.l(libspace.o)
    0x080014dc   0x080014dc   0x0000004a   Code   RO         2224    .text               c_w.l(sys_stackheap_outer.o)
    0x08001526   0x08001526   0x00000002   PAD
    0x08001528   0x08001528   0x00000010   Code   RO         2226    .text               c_w.l(rt_ctype_table.o)
    0x08001538   0x08001538   0x00000008   Code   RO         2231    .text               c_w.l(rt_locale_intlibspace.o)
    0x08001540   0x08001540   0x0000004e   Code   RO         2235    .text               c_w.l(h1_free.o)
    0x0800158e   0x0800158e   0x00000002   PAD
    0x08001590   0x08001590   0x00000080   Code   RO         2289    .text               c_w.l(_printf_fp_infnan.o)
    0x08001610   0x08001610   0x000000e4   Code   RO         2291    .text               c_w.l(bigflt0.o)
    0x080016f4   0x080016f4   0x000001e2   Code   RO         2318    .text               c_w.l(flsbuf.o)
    0x080018d6   0x080018d6   0x00000046   Code   RO         2320    .text               c_w.l(setvbuf.o)
    0x0800191c   0x0800191c   0x000000f0   Code   RO         2323    .text               c_w.l(fopen.o)
    0x08001a0c   0x08001a0c   0x0000004c   Code   RO         2325    .text               c_w.l(fclose.o)
    0x08001a58   0x08001a58   0x00000012   Code   RO         2334    .text               c_w.l(exit.o)
    0x08001a6a   0x08001a6a   0x0000000e   Code   RO         2336    .text               c_w.l(defsig_rtred_outer.o)
    0x08001a78   0x08001a78   0x00000008   Code   RO         2424    .text               c_w.l(rt_heap_descriptor_intlibspace.o)
    0x08001a80   0x08001a80   0x00000004   Code   RO         2426    .text               c_w.l(hguard.o)
    0x08001a84   0x08001a84   0x0000008a   Code   RO         2428    .text               c_w.l(init_alloc.o)
    0x08001b0e   0x08001b0e   0x0000005e   Code   RO         2434    .text               c_w.l(h1_alloc.o)
    0x08001b6c   0x08001b6c   0x000000f8   Code   RO         2450    .text               c_w.l(fseek.o)
    0x08001c64   0x08001c64   0x00000108   Code   RO         2452    .text               c_w.l(stdio.o)
    0x08001d6c   0x08001d6c   0x0000000a   Code   RO         2461    .text               c_w.l(defsig_exit.o)
    0x08001d76   0x08001d76   0x00000002   PAD
    0x08001d78   0x08001d78   0x00000034   Code   RO         2463    .text               c_w.l(defsig_rtred_inner.o)
    0x08001dac   0x08001dac   0x0000000c   Code   RO         2473    .text               c_w.l(sys_exit.o)
    0x08001db8   0x08001db8   0x00000000   Code   RO         2484    .text               c_w.l(maybetermalloc1.o)
    0x08001db8   0x08001db8   0x0000000c   Code   RO         2486    .text               c_w.l(h1_init.o)
    0x08001dc4   0x08001dc4   0x00000034   Code   RO         2488    .text               c_w.l(h1_extend.o)
    0x08001df8   0x08001df8   0x00000042   Code   RO         2500    .text               c_w.l(ftell.o)
    0x08001e3a   0x08001e3a   0x00000032   Code   RO         2508    .text               c_w.l(defsig_general.o)
    0x08001e6c   0x08001e6c   0x0000000e   Code   RO         2510    .text               c_w.l(defsig_rtmem_outer.o)
    0x08001e7a   0x08001e7a   0x0000000e   Code   RO         2523    .text               c_w.l(sys_wrch.o)
    0x08001e88   0x08001e88   0x00000002   Code   RO         2531    .text               c_w.l(use_no_semi.o)
    0x08001e8a   0x08001e8a   0x00000000   Code   RO         2533    .text               c_w.l(indicate_semi.o)
    0x08001e8a   0x08001e8a   0x00000002   PAD
    0x08001e8c   0x08001e8c   0x00000050   Code   RO         2538    .text               c_w.l(defsig_rtmem_inner.o)
    0x08001edc   0x08001edc   0x00000082   Code   RO          324    .text.ADC_ConversionStop_Disable  stm32f1xx_hal_adc.o
    0x08001f5e   0x08001f5e   0x00000002   PAD
    0x08001f60   0x08001f60   0x00000078   Code   RO          346    .text.ADC_DMAConvCplt  stm32f1xx_hal_adc.o
    0x08001fd8   0x08001fd8   0x0000002a   Code   RO          350    .text.ADC_DMAError  stm32f1xx_hal_adc.o
    0x08002002   0x08002002   0x00000002   PAD
    0x08002004   0x08002004   0x00000016   Code   RO          348    .text.ADC_DMAHalfConvCplt  stm32f1xx_hal_adc.o
    0x0800201a   0x0800201a   0x00000002   PAD
    0x0800201c   0x0800201c   0x000000bc   Code   RO          332    .text.ADC_Enable    stm32f1xx_hal_adc.o
    0x080020d8   0x080020d8   0x00000022   Code   RO         1877    .text.BUZZER        mygpio.o
    0x080020fa   0x080020fa   0x00000002   PAD
    0x080020fc   0x080020fc   0x00000004   Code   RO          232    .text.BusFault_Handler  stm32f1xx_it.o
    0x08002100   0x08002100   0x00000fcc   Code   RO           25    .text.ByPass        main.o
    0x080030cc   0x080030cc   0x0000003a   Code   RO         1855    .text.Bytes2float   eeprom.o
    0x08003106   0x08003106   0x00000002   PAD
    0x08003108   0x08003108   0x00000022   Code   RO         1667    .text.ClearScreen   ili9341.o
    0x0800312a   0x0800312a   0x00000002   PAD
    0x0800312c   0x0800312c   0x0000002c   Code   RO           15    .text.Clear_Buffer  main.o
    0x08003158   0x08003158   0x00000010   Code   RO          256    .text.DMA1_Channel1_IRQHandler  stm32f1xx_it.o
    0x08003168   0x08003168   0x00000050   Code   RO          557    .text.DMA_SetConfig  stm32f1xx_hal_dma.o
    0x080031b8   0x080031b8   0x00000002   Code   RO          238    .text.DebugMon_Handler  stm32f1xx_it.o
    0x080031ba   0x080031ba   0x00000002   PAD
    0x080031bc   0x080031bc   0x00000034   Code   RO         1883    .text.DrainValve    mygpio.o
    0x080031f0   0x080031f0   0x00000158   Code   RO         1701    .text.DrawChar      ili9341.o
    0x08003348   0x08003348   0x00000098   Code   RO         1691    .text.DrawFastHLine  ili9341.o
    0x080033e0   0x080033e0   0x00000098   Code   RO         1693    .text.DrawFastVLine  ili9341.o
    0x08003478   0x08003478   0x000000b6   Code   RO         1687    .text.DrawFillRect  ili9341.o
    0x0800352e   0x0800352e   0x00000002   PAD
    0x08003530   0x08003530   0x000000c4   Code   RO         1703    .text.DrawPic       ili9341.o
    0x080035f4   0x080035f4   0x00000086   Code   RO         1695    .text.DrawRectangle  ili9341.o
    0x0800367a   0x0800367a   0x00000002   PAD
    0x0800367c   0x0800367c   0x00000074   Code   RO         1705    .text.DrawStringA   ili9341.o
    0x080036f0   0x080036f0   0x0000008a   Code   RO           17    .text.DrawTaskbar   main.o
    0x0800377a   0x0800377a   0x00000002   PAD
    0x0800377c   0x0800377c   0x00000112   Code   RO         1861    .text.EEPROM_Read   eeprom.o
    0x0800388e   0x0800388e   0x00000002   PAD
    0x08003890   0x08003890   0x00000028   Code   RO         1859    .text.EEPROM_Read_NUM  eeprom.o
    0x080038b8   0x080038b8   0x00000118   Code   RO         1851    .text.EEPROM_Write  eeprom.o
    0x080039d0   0x080039d0   0x00000032   Code   RO         1857    .text.EEPROM_Write_NUM  eeprom.o
    0x08003a02   0x08003a02   0x00000002   PAD
    0x08003a04   0x08003a04   0x0000000a   Code   RO          246    .text.EXTI0_IRQHandler  stm32f1xx_it.o
    0x08003a0e   0x08003a0e   0x00000002   PAD
    0x08003a10   0x08003a10   0x00000014   Code   RO          260    .text.EXTI15_10_IRQHandler  stm32f1xx_it.o
    0x08003a24   0x08003a24   0x0000000a   Code   RO          248    .text.EXTI1_IRQHandler  stm32f1xx_it.o
    0x08003a2e   0x08003a2e   0x00000002   PAD
    0x08003a30   0x08003a30   0x0000000a   Code   RO          250    .text.EXTI2_IRQHandler  stm32f1xx_it.o
    0x08003a3a   0x08003a3a   0x00000002   PAD
    0x08003a3c   0x08003a3c   0x0000000a   Code   RO          252    .text.EXTI3_IRQHandler  stm32f1xx_it.o
    0x08003a46   0x08003a46   0x00000002   PAD
    0x08003a48   0x08003a48   0x0000000a   Code   RO          254    .text.EXTI4_IRQHandler  stm32f1xx_it.o
    0x08003a52   0x08003a52   0x00000002   PAD
    0x08003a54   0x08003a54   0x0000000a   Code   RO          258    .text.EXTI9_5_IRQHandler  stm32f1xx_it.o
    0x08003a5e   0x08003a5e   0x00000002   PAD
    0x08003a60   0x08003a60   0x0000000e   Code   RO           63    .text.Error_Handler  main.o
    0x08003a6e   0x08003a6e   0x00000002   PAD
    0x08003a70   0x08003a70   0x000001b4   Code   RO          366    .text.HAL_ADC_ConfigChannel  stm32f1xx_hal_adc.o
    0x08003c24   0x08003c24   0x00000008   Code   RO          358    .text.HAL_ADC_ConvCpltCallback  stm32f1xx_hal_adc.o
    0x08003c2c   0x08003c2c   0x00000008   Code   RO          362    .text.HAL_ADC_ConvHalfCpltCallback  stm32f1xx_hal_adc.o
    0x08003c34   0x08003c34   0x00000008   Code   RO          364    .text.HAL_ADC_ErrorCallback  stm32f1xx_hal_adc.o
    0x08003c3c   0x08003c3c   0x00000252   Code   RO          320    .text.HAL_ADC_Init  stm32f1xx_hal_adc.o
    0x08003e8e   0x08003e8e   0x00000002   PAD
    0x08003e90   0x08003e90   0x00000100   Code   RO          274    .text.HAL_ADC_MspInit  stm32f1xx_hal_msp.o
    0x08003f90   0x08003f90   0x00000226   Code   RO          344    .text.HAL_ADC_Start_DMA  stm32f1xx_hal_adc.o
    0x080041b6   0x080041b6   0x00000002   PAD
    0x080041b8   0x080041b8   0x00000684   Code   RO          567    .text.HAL_DMA_IRQHandler  stm32f1xx_hal_dma.o
    0x0800483c   0x0800483c   0x000000f4   Code   RO          551    .text.HAL_DMA_Init  stm32f1xx_hal_dma.o
    0x08004930   0x08004930   0x000000ca   Code   RO          559    .text.HAL_DMA_Start_IT  stm32f1xx_hal_dma.o
    0x080049fa   0x080049fa   0x00000002   PAD
    0x080049fc   0x080049fc   0x00000042   Code   RO          434    .text.HAL_Delay     stm32f1xx_hal.o
    0x08004a3e   0x08004a3e   0x00000002   PAD
    0x08004a40   0x08004a40   0x000002f0   Code   RO           67    .text.HAL_GPIO_EXTI_Callback  main.o
    0x08004d30   0x08004d30   0x00000038   Code   RO          540    .text.HAL_GPIO_EXTI_IRQHandler  stm32f1xx_hal_gpio.o
    0x08004d68   0x08004d68   0x00000356   Code   RO          528    .text.HAL_GPIO_Init  stm32f1xx_hal_gpio.o
    0x080050be   0x080050be   0x00000002   PAD
    0x080050c0   0x080050c0   0x0000002e   Code   RO          532    .text.HAL_GPIO_ReadPin  stm32f1xx_hal_gpio.o
    0x080050ee   0x080050ee   0x00000002   PAD
    0x080050f0   0x080050f0   0x0000002e   Code   RO          534    .text.HAL_GPIO_WritePin  stm32f1xx_hal_gpio.o
    0x0800511e   0x0800511e   0x00000002   PAD
    0x08005120   0x08005120   0x0000000c   Code   RO          426    .text.HAL_GetTick   stm32f1xx_hal.o
    0x0800512c   0x0800512c   0x000002a4   Code   RO          792    .text.HAL_I2C_Init  stm32f1xx_hal_i2c.o
    0x080053d0   0x080053d0   0x000004de   Code   RO          846    .text.HAL_I2C_Mem_Read  stm32f1xx_hal_i2c.o
    0x080058ae   0x080058ae   0x00000002   PAD
    0x080058b0   0x080058b0   0x00000210   Code   RO          842    .text.HAL_I2C_Mem_Write  stm32f1xx_hal_i2c.o
    0x08005ac0   0x08005ac0   0x00000080   Code   RO          278    .text.HAL_I2C_MspInit  stm32f1xx_hal_msp.o
    0x08005b40   0x08005b40   0x0000001a   Code   RO          424    .text.HAL_IncTick   stm32f1xx_hal.o
    0x08005b5a   0x08005b5a   0x00000002   PAD
    0x08005b5c   0x08005b5c   0x00000026   Code   RO          414    .text.HAL_Init      stm32f1xx_hal.o
    0x08005b82   0x08005b82   0x00000002   PAD
    0x08005b84   0x08005b84   0x00000070   Code   RO          416    .text.HAL_InitTick  stm32f1xx_hal.o
    0x08005bf4   0x08005bf4   0x00000064   Code   RO          272    .text.HAL_MspInit   stm32f1xx_hal_msp.o
    0x08005c58   0x08005c58   0x00000014   Code   RO          596    .text.HAL_NVIC_EnableIRQ  stm32f1xx_hal_cortex.o
    0x08005c6c   0x08005c6c   0x00000032   Code   RO          588    .text.HAL_NVIC_SetPriority  stm32f1xx_hal_cortex.o
    0x08005c9e   0x08005c9e   0x00000002   PAD
    0x08005ca0   0x08005ca0   0x00000010   Code   RO          584    .text.HAL_NVIC_SetPriorityGrouping  stm32f1xx_hal_cortex.o
    0x08005cb0   0x08005cb0   0x0000000c   Code   RO          651    .text.HAL_PWR_EnableBkUpAccess  stm32f1xx_hal_pwr.o
    0x08005cbc   0x08005cbc   0x000001b0   Code   RO          517    .text.HAL_RCCEx_GetPeriphCLKFreq  stm32f1xx_hal_rcc_ex.o
    0x08005e6c   0x08005e6c   0x000001c8   Code   RO          513    .text.HAL_RCCEx_PeriphCLKConfig  stm32f1xx_hal_rcc_ex.o
    0x08006034   0x08006034   0x00000256   Code   RO          480    .text.HAL_RCC_ClockConfig  stm32f1xx_hal_rcc.o
    0x0800628a   0x0800628a   0x00000002   PAD
    0x0800628c   0x0800628c   0x0000000c   Code   RO          490    .text.HAL_RCC_GetHCLKFreq  stm32f1xx_hal_rcc.o
    0x08006298   0x08006298   0x00000022   Code   RO          492    .text.HAL_RCC_GetPCLK1Freq  stm32f1xx_hal_rcc.o
    0x080062ba   0x080062ba   0x00000002   PAD
    0x080062bc   0x080062bc   0x00000022   Code   RO          494    .text.HAL_RCC_GetPCLK2Freq  stm32f1xx_hal_rcc.o
    0x080062de   0x080062de   0x00000002   PAD
    0x080062e0   0x080062e0   0x000000bc   Code   RO          482    .text.HAL_RCC_GetSysClockFreq  stm32f1xx_hal_rcc.o
    0x0800639c   0x0800639c   0x0000067a   Code   RO          476    .text.HAL_RCC_OscConfig  stm32f1xx_hal_rcc.o
    0x08006a16   0x08006a16   0x00000002   PAD
    0x08006a18   0x08006a18   0x00000008   Code   RO         1046    .text.HAL_RTCEx_RTCEventCallback  stm32f1xx_hal_rtc_ex.o
    0x08006a20   0x08006a20   0x00000008   Code   RO         1044    .text.HAL_RTCEx_RTCEventErrorCallback  stm32f1xx_hal_rtc_ex.o
    0x08006a28   0x08006a28   0x0000008a   Code   RO         1042    .text.HAL_RTCEx_RTCIRQHandler  stm32f1xx_hal_rtc_ex.o
    0x08006ab2   0x08006ab2   0x00000002   PAD
    0x08006ab4   0x08006ab4   0x0000012a   Code   RO          963    .text.HAL_RTC_Init  stm32f1xx_hal_rtc.o
    0x08006bde   0x08006bde   0x00000002   PAD
    0x08006be0   0x08006be0   0x0000005e   Code   RO          282    .text.HAL_RTC_MspInit  stm32f1xx_hal_msp.o
    0x08006c3e   0x08006c3e   0x00000002   PAD
    0x08006c40   0x08006c40   0x0000017e   Code   RO          995    .text.HAL_RTC_SetDate  stm32f1xx_hal_rtc.o
    0x08006dbe   0x08006dbe   0x00000002   PAD
    0x08006dc0   0x08006dc0   0x00000142   Code   RO          977    .text.HAL_RTC_SetTime  stm32f1xx_hal_rtc.o
    0x08006f02   0x08006f02   0x00000002   PAD
    0x08006f04   0x08006f04   0x00000064   Code   RO          967    .text.HAL_RTC_WaitForSynchro  stm32f1xx_hal_rtc.o
    0x08006f68   0x08006f68   0x000000f8   Code   RO         1061    .text.HAL_SPI_Init  stm32f1xx_hal_spi.o
    0x08007060   0x08007060   0x00000094   Code   RO          286    .text.HAL_SPI_MspInit  stm32f1xx_hal_msp.o
    0x080070f4   0x080070f4   0x000002a2   Code   RO         1069    .text.HAL_SPI_Transmit  stm32f1xx_hal_spi.o
    0x08007396   0x08007396   0x00000002   PAD
    0x08007398   0x08007398   0x00000010   Code   RO          608    .text.HAL_SYSTICK_Config  stm32f1xx_hal_cortex.o
    0x080073a8   0x080073a8   0x000000b2   Code   RO         1493    .text.HAL_TIMEx_ConfigBreakDeadTime  stm32f1xx_hal_tim_ex.o
    0x0800745a   0x0800745a   0x00000002   PAD
    0x0800745c   0x0800745c   0x00000100   Code   RO         1491    .text.HAL_TIMEx_MasterConfigSynchronization  stm32f1xx_hal_tim_ex.o
    0x0800755c   0x0800755c   0x00000170   Code   RO         1461    .text.HAL_TIMEx_PWMN_Start  stm32f1xx_hal_tim_ex.o
    0x080076cc   0x080076cc   0x0000009c   Code   RO         1178    .text.HAL_TIM_Base_Init  stm32f1xx_hal_tim.o
    0x08007768   0x08007768   0x000000d0   Code   RO          290    .text.HAL_TIM_Base_MspInit  stm32f1xx_hal_msp.o
    0x08007838   0x08007838   0x000000c8   Code   RO         1188    .text.HAL_TIM_Base_Start  stm32f1xx_hal_tim.o
    0x08007900   0x08007900   0x00000184   Code   RO         1370    .text.HAL_TIM_ConfigClockSource  stm32f1xx_hal_tim.o
    0x08007a84   0x08007a84   0x000000d2   Code   RO          292    .text.HAL_TIM_MspPostInit  stm32f1xx_hal_msp.o
    0x08007b56   0x08007b56   0x00000002   PAD
    0x08007b58   0x08007b58   0x00000142   Code   RO         1344    .text.HAL_TIM_PWM_ConfigChannel  stm32f1xx_hal_tim.o
    0x08007c9a   0x08007c9a   0x00000002   PAD
    0x08007c9c   0x08007c9c   0x0000009c   Code   RO         1232    .text.HAL_TIM_PWM_Init  stm32f1xx_hal_tim.o
    0x08007d38   0x08007d38   0x00000008   Code   RO         1234    .text.HAL_TIM_PWM_MspInit  stm32f1xx_hal_tim.o
    0x08007d40   0x08007d40   0x000001aa   Code   RO         1240    .text.HAL_TIM_PWM_Start  stm32f1xx_hal_tim.o
    0x08007eea   0x08007eea   0x00000002   PAD
    0x08007eec   0x08007eec   0x00000108   Code   RO         1242    .text.HAL_TIM_PWM_Stop  stm32f1xx_hal_tim.o
    0x08007ff4   0x08007ff4   0x0000009e   Code   RO         1514    .text.HAL_UART_Init  stm32f1xx_hal_uart.o
    0x08008092   0x08008092   0x00000002   PAD
    0x08008094   0x08008094   0x00000098   Code   RO          296    .text.HAL_UART_MspInit  stm32f1xx_hal_msp.o
    0x0800812c   0x0800812c   0x00000004   Code   RO          228    .text.HardFault_Handler  stm32f1xx_it.o
    0x08008130   0x08008130   0x0000025e   Code   RO           31    .text.History_Stage  main.o
    0x0800838e   0x0800838e   0x00000002   PAD
    0x08008390   0x08008390   0x00000064   Code   RO          954    .text.I2C_IsAcknowledgeFailed  stm32f1xx_hal_i2c.o
    0x080083f4   0x080083f4   0x000001e2   Code   RO          848    .text.I2C_RequestMemoryRead  stm32f1xx_hal_i2c.o
    0x080085d6   0x080085d6   0x00000002   PAD
    0x080085d8   0x080085d8   0x0000013a   Code   RO          844    .text.I2C_RequestMemoryWrite  stm32f1xx_hal_i2c.o
    0x08008712   0x08008712   0x00000002   PAD
    0x08008714   0x08008714   0x000000ac   Code   RO          808    .text.I2C_WaitOnBTFFlagUntilTimeout  stm32f1xx_hal_i2c.o
    0x080087c0   0x080087c0   0x00000108   Code   RO          802    .text.I2C_WaitOnFlagUntilTimeout  stm32f1xx_hal_i2c.o
    0x080088c8   0x080088c8   0x00000154   Code   RO          952    .text.I2C_WaitOnMasterAddressFlagUntilTimeout  stm32f1xx_hal_i2c.o
    0x08008a1c   0x08008a1c   0x000000dc   Code   RO          814    .text.I2C_WaitOnRXNEFlagUntilTimeout  stm32f1xx_hal_i2c.o
    0x08008af8   0x08008af8   0x000000a8   Code   RO          806    .text.I2C_WaitOnTXEFlagUntilTimeout  stm32f1xx_hal_i2c.o
    0x08008ba0   0x08008ba0   0x00000042   Code   RO         1895    .text.ITM_SendChar  retarget_io.o
    0x08008be2   0x08008be2   0x00000002   PAD
    0x08008be4   0x08008be4   0x000002b2   Code   RO         1659    .text.LCDInit       ili9341.o
    0x08008e96   0x08008e96   0x00000002   PAD
    0x08008e98   0x08008e98   0x00000074   Code   RO         1671    .text.LCD_Address_Set  ili9341.o
    0x08008f0c   0x08008f0c   0x0000016a   Code   RO           11    .text.LCD_init      main.o
    0x08009076   0x08009076   0x00000002   PAD
    0x08009078   0x08009078   0x00000046   Code   RO         1665    .text.LCD_screen_rotation  ili9341.o
    0x080090be   0x080090be   0x00000002   PAD
    0x080090c0   0x080090c0   0x00000042   Code   RO         1661    .text.LCD_spi_write_command  ili9341.o
    0x08009102   0x08009102   0x00000002   PAD
    0x08009104   0x08009104   0x00000024   Code   RO         1663    .text.LCD_spi_write_command_data  ili9341.o
    0x08009128   0x08009128   0x00000042   Code   RO         1669    .text.LCD_spi_write_data  ili9341.o
    0x0800916a   0x0800916a   0x00000002   PAD
    0x0800916c   0x0800916c   0x0000010e   Code   RO           51    .text.MX_ADC1_Init  main.o
    0x0800927a   0x0800927a   0x00000002   PAD
    0x0800927c   0x0800927c   0x00000038   Code   RO           41    .text.MX_DMA_Init   main.o
    0x080092b4   0x080092b4   0x00000250   Code   RO           43    .text.MX_GPIO_Init  main.o
    0x08009504   0x08009504   0x00000048   Code   RO           49    .text.MX_I2C2_Init  main.o
    0x0800954c   0x0800954c   0x00000098   Code   RO           61    .text.MX_RTC_Init   main.o
    0x080095e4   0x080095e4   0x0000004e   Code   RO           45    .text.MX_SPI1_Init  main.o
    0x08009632   0x08009632   0x00000002   PAD
    0x08009634   0x08009634   0x0000011e   Code   RO           53    .text.MX_TIM1_Init  main.o
    0x08009752   0x08009752   0x00000002   PAD
    0x08009754   0x08009754   0x000000d2   Code   RO           59    .text.MX_TIM2_Init  main.o
    0x08009826   0x08009826   0x00000002   PAD
    0x08009828   0x08009828   0x00000086   Code   RO           57    .text.MX_TIM3_Init  main.o
    0x080098ae   0x080098ae   0x00000002   PAD
    0x080098b0   0x080098b0   0x0000005a   Code   RO           55    .text.MX_TIM7_Init  main.o
    0x0800990a   0x0800990a   0x00000002   PAD
    0x0800990c   0x0800990c   0x00000040   Code   RO           47    .text.MX_USART1_UART_Init  main.o
    0x0800994c   0x0800994c   0x00000004   Code   RO          230    .text.MemManage_Handler  stm32f1xx_it.o
    0x08009950   0x08009950   0x00000004   Code   RO          226    .text.NMI_Handler   stm32f1xx_it.o
    0x08009954   0x08009954   0x0000006c   Code   RO          594    .text.NVIC_EncodePriority  stm32f1xx_hal_cortex.o
    0x080099c0   0x080099c0   0x00000050   Code   RO         1881    .text.PUMP_SPPED    mygpio.o
    0x08009a10   0x08009a10   0x00000002   Code   RO          240    .text.PendSV_Handler  stm32f1xx_it.o
    0x08009a12   0x08009a12   0x00000002   PAD
    0x08009a14   0x08009a14   0x0000088c   Code   RO           27    .text.PresuureSetting  main.o
    0x0800a2a0   0x0800a2a0   0x0000003a   Code   RO          478    .text.RCC_Delay     stm32f1xx_hal_rcc.o
    0x0800a2da   0x0800a2da   0x00000002   PAD
    0x0800a2dc   0x0800a2dc   0x0000002a   Code   RO          979    .text.RTC_Bcd2ToByte  stm32f1xx_hal_rtc.o
    0x0800a306   0x0800a306   0x00000002   PAD
    0x0800a308   0x0800a308   0x00000056   Code   RO          969    .text.RTC_EnterInitMode  stm32f1xx_hal_rtc.o
    0x0800a35e   0x0800a35e   0x00000002   PAD
    0x0800a360   0x0800a360   0x00000056   Code   RO          971    .text.RTC_ExitInitMode  stm32f1xx_hal_rtc.o
    0x0800a3b6   0x0800a3b6   0x00000002   PAD
    0x0800a3b8   0x0800a3b8   0x00000010   Code   RO          244    .text.RTC_IRQHandler  stm32f1xx_it.o
    0x0800a3c8   0x0800a3c8   0x00000032   Code   RO          983    .text.RTC_ReadAlarmCounter  stm32f1xx_hal_rtc.o
    0x0800a3fa   0x0800a3fa   0x00000002   PAD
    0x0800a3fc   0x0800a3fc   0x0000006a   Code   RO          989    .text.RTC_ReadTimeCounter  stm32f1xx_hal_rtc.o
    0x0800a466   0x0800a466   0x00000002   PAD
    0x0800a468   0x0800a468   0x000000de   Code   RO          997    .text.RTC_WeekDayNum  stm32f1xx_hal_rtc.o
    0x0800a546   0x0800a546   0x00000002   PAD
    0x0800a548   0x0800a548   0x00000050   Code   RO          985    .text.RTC_WriteAlarmCounter  stm32f1xx_hal_rtc.o
    0x0800a598   0x0800a598   0x00000050   Code   RO          981    .text.RTC_WriteTimeCounter  stm32f1xx_hal_rtc.o
    0x0800a5e8   0x0800a5e8   0x000000ec   Code   RO         1825    .text.Read_Presure  temp.o
    0x0800a6d4   0x0800a6d4   0x000001a6   Code   RO         1829    .text.Read_TemperatureWater  temp.o
    0x0800a87a   0x0800a87a   0x00000002   PAD
    0x0800a87c   0x0800a87c   0x00000088   Code   RO           65    .text.ResetProcess  main.o
    0x0800a904   0x0800a904   0x000005a0   Code   RO           33    .text.ResultStage   main.o
    0x0800aea4   0x0800aea4   0x0000006a   Code   RO         1071    .text.SPI_EndRxTxTransaction  stm32f1xx_hal_spi.o
    0x0800af0e   0x0800af0e   0x00000002   PAD
    0x0800af10   0x0800af10   0x0000012a   Code   RO         1169    .text.SPI_WaitFlagStateUntilTimeout  stm32f1xx_hal_spi.o
    0x0800b03a   0x0800b03a   0x00000002   PAD
    0x0800b03c   0x0800b03c   0x00000002   Code   RO          236    .text.SVC_Handler   stm32f1xx_it.o
    0x0800b03e   0x0800b03e   0x00000002   PAD
    0x0800b040   0x0800b040   0x00000398   Code   RO           29    .text.ShowHistory   main.o
    0x0800b3d8   0x0800b3d8   0x00000052   Code   RO          610    .text.SysTick_Config  stm32f1xx_hal_cortex.o
    0x0800b42a   0x0800b42a   0x00000002   PAD
    0x0800b42c   0x0800b42c   0x0000007a   Code   RO          242    .text.SysTick_Handler  stm32f1xx_it.o
    0x0800b4a6   0x0800b4a6   0x00000002   PAD
    0x0800b4a8   0x0800b4a8   0x0000009a   Code   RO           39    .text.SystemClock_Config  main.o
    0x0800b542   0x0800b542   0x00000002   PAD
    0x0800b544   0x0800b544   0x00000002   Code   RO         1645    .text.SystemInit    system_stm32f1xx.o
    0x0800b546   0x0800b546   0x00000002   PAD
    0x0800b548   0x0800b548   0x00000156   Code   RO         1182    .text.TIM_Base_SetConfig  stm32f1xx_hal_tim.o
    0x0800b69e   0x0800b69e   0x00000002   PAD
    0x0800b6a0   0x0800b6a0   0x00000036   Code   RO         1216    .text.TIM_CCxChannelCmd  stm32f1xx_hal_tim.o
    0x0800b6d6   0x0800b6d6   0x00000002   PAD
    0x0800b6d8   0x0800b6d8   0x00000036   Code   RO         1445    .text.TIM_CCxNChannelCmd  stm32f1xx_hal_tim_ex.o
    0x0800b70e   0x0800b70e   0x00000002   PAD
    0x0800b710   0x0800b710   0x00000034   Code   RO         1368    .text.TIM_ETR_SetConfig  stm32f1xx_hal_tim.o
    0x0800b744   0x0800b744   0x0000002a   Code   RO         1374    .text.TIM_ITRx_SetConfig  stm32f1xx_hal_tim.o
    0x0800b76e   0x0800b76e   0x00000002   PAD
    0x0800b770   0x0800b770   0x000000ee   Code   RO         1326    .text.TIM_OC1_SetConfig  stm32f1xx_hal_tim.o
    0x0800b85e   0x0800b85e   0x00000002   PAD
    0x0800b860   0x0800b860   0x000000f8   Code   RO         1328    .text.TIM_OC2_SetConfig  stm32f1xx_hal_tim.o
    0x0800b958   0x0800b958   0x000000f6   Code   RO         1330    .text.TIM_OC3_SetConfig  stm32f1xx_hal_tim.o
    0x0800ba4e   0x0800ba4e   0x00000002   PAD
    0x0800ba50   0x0800ba50   0x000000a6   Code   RO         1332    .text.TIM_OC4_SetConfig  stm32f1xx_hal_tim.o
    0x0800baf6   0x0800baf6   0x00000002   PAD
    0x0800baf8   0x0800baf8   0x00000050   Code   RO         1372    .text.TIM_TI1_ConfigInputStage  stm32f1xx_hal_tim.o
    0x0800bb48   0x0800bb48   0x00000052   Code   RO         1376    .text.TIM_TI2_ConfigInputStage  stm32f1xx_hal_tim.o
    0x0800bb9a   0x0800bb9a   0x00000002   PAD
    0x0800bb9c   0x0800bb9c   0x00000352   Code   RO           13    .text.TapDisplay    main.o
    0x0800beee   0x0800beee   0x00000002   PAD
    0x0800bef0   0x0800bef0   0x00003456   Code   RO           35    .text.TimingStage   main.o
    0x0800f346   0x0800f346   0x00000002   PAD
    0x0800f348   0x0800f348   0x000000ba   Code   RO         1518    .text.UART_SetConfig  stm32f1xx_hal_uart.o
    0x0800f402   0x0800f402   0x00000002   PAD
    0x0800f404   0x0800f404   0x00000004   Code   RO          234    .text.UsageFault_Handler  stm32f1xx_it.o
    0x0800f408   0x0800f408   0x00000034   Code   RO         1885    .text.WaterValve    mygpio.o
    0x0800f43c   0x0800f43c   0x00000030   Code   RO          598    .text.__NVIC_EnableIRQ  stm32f1xx_hal_cortex.o
    0x0800f46c   0x0800f46c   0x00000010   Code   RO          590    .text.__NVIC_GetPriorityGrouping  stm32f1xx_hal_cortex.o
    0x0800f47c   0x0800f47c   0x00000042   Code   RO          592    .text.__NVIC_SetPriority  stm32f1xx_hal_cortex.o
    0x0800f4be   0x0800f4be   0x00000002   PAD
    0x0800f4c0   0x0800f4c0   0x0000003c   Code   RO          586    .text.__NVIC_SetPriorityGrouping  stm32f1xx_hal_cortex.o
    0x0800f4fc   0x0800f4fc   0x00000026   Code   RO           23    .text.__NVIC_SystemReset  main.o
    0x0800f522   0x0800f522   0x00000002   PAD
    0x0800f524   0x0800f524   0x0000004a   Code   RO         1901    .text._sys_close    retarget_io.o
    0x0800f56e   0x0800f56e   0x00000002   PAD
    0x0800f570   0x0800f570   0x00000048   Code   RO         1913    .text._sys_flen     retarget_io.o
    0x0800f5b8   0x0800f5b8   0x00000048   Code   RO         1909    .text._sys_istty    retarget_io.o
    0x0800f600   0x0800f600   0x00000084   Code   RO         1899    .text._sys_open     retarget_io.o
    0x0800f684   0x0800f684   0x00000052   Code   RO         1911    .text._sys_seek     retarget_io.o
    0x0800f6d6   0x0800f6d6   0x00000002   PAD
    0x0800f6d8   0x0800f6d8   0x00000076   Code   RO         1903    .text._sys_write    retarget_io.o
    0x0800f74e   0x0800f74e   0x00000002   PAD
    0x0800f750   0x0800f750   0x0000003a   Code   RO         1849    .text.bytestowrite  eeprom.o
    0x0800f78a   0x0800f78a   0x00000002   PAD
    0x0800f78c   0x0800f78c   0x0000015a   Code   RO         1833    .text.check_tolerance_presure  temp.o
    0x0800f8e6   0x0800f8e6   0x00000002   PAD
    0x0800f8e8   0x0800f8e8   0x0000015c   Code   RO         1831    .text.check_tolerance_temprature  temp.o
    0x0800fa44   0x0800fa44   0x0000003a   Code   RO         1853    .text.float2Bytes   eeprom.o
    0x0800fa7e   0x0800fa7e   0x00000002   PAD
    0x0800fa80   0x0800fa80   0x0000042e   Code   RO           37    .text.main          main.o
    0x0800feae   0x0800feae   0x00000002   PAD
    0x0800feb0   0x0800feb0   0x000049aa   Code   RO           21    .text.menuSetting   main.o
    0x0801485a   0x0801485a   0x00000002   PAD
    0x0801485c   0x0801485c   0x00000010   Code   RO         1905    .text.stdout_putchar  retarget_io.o
    0x0801486c   0x0801486c   0x0000003e   Code   RO         2294    CL$$btod_d2e        c_w.l(btod.o)
    0x080148aa   0x080148aa   0x00000046   Code   RO         2296    CL$$btod_d2e_denorm_low  c_w.l(btod.o)
    0x080148f0   0x080148f0   0x00000060   Code   RO         2295    CL$$btod_d2e_norm_op1  c_w.l(btod.o)
    0x08014950   0x08014950   0x00000338   Code   RO         2304    CL$$btod_div_common  c_w.l(btod.o)
    0x08014c88   0x08014c88   0x000000dc   Code   RO         2301    CL$$btod_e2e        c_w.l(btod.o)
    0x08014d64   0x08014d64   0x0000002a   Code   RO         2298    CL$$btod_ediv       c_w.l(btod.o)
    0x08014d8e   0x08014d8e   0x0000002a   Code   RO         2297    CL$$btod_emul       c_w.l(btod.o)
    0x08014db8   0x08014db8   0x00000244   Code   RO         2303    CL$$btod_mult_common  c_w.l(btod.o)
    0x08014ffc   0x08014ffc   0x00000028   Code   RO         2415    i.__ARM_fpclassify  m_ws.l(fpclassify.o)
    0x08015024   0x08015024   0x000000aa   Code   RO         2156    i.__kernel_poly     m_ws.l(poly.o)
    0x080150ce   0x080150ce   0x00000002   PAD
    0x080150d0   0x080150d0   0x00000010   Code   RO         2142    i.__mathlib_dbl_divzero  m_ws.l(dunder.o)
    0x080150e0   0x080150e0   0x00000006   Code   RO         2143    i.__mathlib_dbl_infnan  m_ws.l(dunder.o)
    0x080150e6   0x080150e6   0x0000000c   Code   RO         2145    i.__mathlib_dbl_invalid  m_ws.l(dunder.o)
    0x080150f2   0x080150f2   0x0000000e   Code   RO         2068    i._is_digit         c_w.l(__printf_wp.o)
    0x08015100   0x08015100   0x0000001c   Code   RO         2200    i.fputc             c_w.l(fputc.o)
    0x0801511c   0x0801511c   0x0000035c   Code   RO         2001    i.log               m_ws.l(log.o)
    0x08015478   0x08015478   0x0000002c   Code   RO         2332    locale$$code        c_w.l(lc_numeric_c.o)
    0x080154a4   0x080154a4   0x0000002c   Code   RO         2459    locale$$code        c_w.l(lc_ctype_c.o)
    0x080154d0   0x080154d0   0x00000062   Code   RO         1944    x$fpl$d2f           fz_ws.l(d2f.o)
    0x08015532   0x08015532   0x00000002   PAD
    0x08015534   0x08015534   0x00000150   Code   RO         1946    x$fpl$dadd          fz_ws.l(daddsub_clz.o)
    0x08015684   0x08015684   0x00000010   Code   RO         2213    x$fpl$dcheck1       fz_ws.l(dcheck1.o)
    0x08015694   0x08015694   0x00000018   Code   RO         2215    x$fpl$dcmpinf       fz_ws.l(dcmpi.o)
    0x080156ac   0x080156ac   0x000002b4   Code   RO         1955    x$fpl$ddiv          fz_ws.l(ddiv.o)
    0x08015960   0x08015960   0x00000078   Code   RO         2111    x$fpl$deqf          fz_ws.l(deqf.o)
    0x080159d8   0x080159d8   0x0000005e   Code   RO         1958    x$fpl$dfix          fz_ws.l(dfix.o)
    0x08015a36   0x08015a36   0x0000002e   Code   RO         1963    x$fpl$dflt          fz_ws.l(dflt_clz.o)
    0x08015a64   0x08015a64   0x00000026   Code   RO         1962    x$fpl$dfltu         fz_ws.l(dflt_clz.o)
    0x08015a8a   0x08015a8a   0x00000002   PAD
    0x08015a8c   0x08015a8c   0x00000078   Code   RO         2113    x$fpl$dgeqf         fz_ws.l(dgeqf.o)
    0x08015b04   0x08015b04   0x00000078   Code   RO         2115    x$fpl$dleqf         fz_ws.l(dleqf.o)
    0x08015b7c   0x08015b7c   0x00000154   Code   RO         1968    x$fpl$dmul          fz_ws.l(dmul.o)
    0x08015cd0   0x08015cd0   0x0000009c   Code   RO         2117    x$fpl$dnaninf       fz_ws.l(dnaninf.o)
    0x08015d6c   0x08015d6c   0x0000000c   Code   RO         2119    x$fpl$dretinf       fz_ws.l(dretinf.o)
    0x08015d78   0x08015d78   0x00000016   Code   RO         1947    x$fpl$drsb          fz_ws.l(daddsub_clz.o)
    0x08015d8e   0x08015d8e   0x00000002   PAD
    0x08015d90   0x08015d90   0x000001dc   Code   RO         1948    x$fpl$dsub          fz_ws.l(daddsub_clz.o)
    0x08015f6c   0x08015f6c   0x00000056   Code   RO         1970    x$fpl$f2d           fz_ws.l(f2d.o)
    0x08015fc2   0x08015fc2   0x00000002   PAD
    0x08015fc4   0x08015fc4   0x000000c4   Code   RO         1972    x$fpl$fadd          fz_ws.l(faddsub_clz.o)
    0x08016088   0x08016088   0x00000054   Code   RO         1952    x$fpl$fcmp          fz_ws.l(dcmp.o)
    0x080160dc   0x080160dc   0x00000054   Code   RO         1978    x$fpl$fcmp          fz_ws.l(fcmp.o)
    0x08016130   0x08016130   0x00000018   Code   RO         2217    x$fpl$fcmpinf       fz_ws.l(fcmpi.o)
    0x08016148   0x08016148   0x00000184   Code   RO         1981    x$fpl$fdiv          fz_ws.l(fdiv.o)
    0x080162cc   0x080162cc   0x00000068   Code   RO         2121    x$fpl$feqf          fz_ws.l(feqf.o)
    0x08016334   0x08016334   0x00000036   Code   RO         1984    x$fpl$ffix          fz_ws.l(ffix.o)
    0x0801636a   0x0801636a   0x00000002   PAD
    0x0801636c   0x0801636c   0x0000003e   Code   RO         1988    x$fpl$ffixu         fz_ws.l(ffixu.o)
    0x080163aa   0x080163aa   0x00000002   PAD
    0x080163ac   0x080163ac   0x00000030   Code   RO         1993    x$fpl$fflt          fz_ws.l(fflt_clz.o)
    0x080163dc   0x080163dc   0x00000026   Code   RO         1992    x$fpl$ffltu         fz_ws.l(fflt_clz.o)
    0x08016402   0x08016402   0x00000002   PAD
    0x08016404   0x08016404   0x00000068   Code   RO         2123    x$fpl$fgeqf         fz_ws.l(fgeqf.o)
    0x0801646c   0x0801646c   0x00000068   Code   RO         2125    x$fpl$fleqf         fz_ws.l(fleqf.o)
    0x080164d4   0x080164d4   0x00000102   Code   RO         1998    x$fpl$fmul          fz_ws.l(fmul.o)
    0x080165d6   0x080165d6   0x0000008c   Code   RO         2127    x$fpl$fnaninf       fz_ws.l(fnaninf.o)
    0x08016662   0x08016662   0x0000000a   Code   RO         2129    x$fpl$fretinf       fz_ws.l(fretinf.o)
    0x0801666c   0x0801666c   0x000000ea   Code   RO         1974    x$fpl$fsub          fz_ws.l(faddsub_clz.o)
    0x08016756   0x08016756   0x00000004   Code   RO         2131    x$fpl$printf1       fz_ws.l(printf1.o)
    0x0801675a   0x0801675a   0x00000004   Code   RO         2133    x$fpl$printf2       fz_ws.l(printf2.o)
    0x0801675e   0x0801675e   0x00000064   Code   RO         2413    x$fpl$retnan        fz_ws.l(retnan.o)
    0x080167c2   0x080167c2   0x0000005c   Code   RO         2139    x$fpl$scalbn        fz_ws.l(scalbn.o)
    0x0801681e   0x0801681e   0x00000030   Code   RO         2471    x$fpl$trapveneer    fz_ws.l(trapv.o)
    0x0801684e   0x0801684e   0x00000000   Code   RO         2141    x$fpl$usenofp       fz_ws.l(usenofp.o)
    0x0801684e   0x0801684e   0x00000002   PAD
    0x08016850   0x08016850   0x00000038   Data   RO         2002    .constdata          m_ws.l(log.o)
    0x08016888   0x08016888   0x00000008   Data   RO         2027    .constdata          c_w.l(_printf_wctomb.o)
    0x08016890   0x08016890   0x00000028   Data   RO         2056    .constdata          c_w.l(_printf_hex_int_ll_ptr.o)
    0x080168b8   0x080168b8   0x00000011   Data   RO         2076    .constdata          c_w.l(__printf_flags_ss_wp.o)
    0x080168c9   0x080168c9   0x00000007   PAD
    0x080168d0   0x080168d0   0x00000008   Data   RO         2158    .constdata          m_ws.l(qnan.o)
    0x080168d8   0x080168d8   0x00000026   Data   RO         2188    .constdata          c_w.l(_printf_fp_hex.o)
    0x080168fe   0x080168fe   0x00000002   PAD
    0x08016900   0x08016900   0x00000094   Data   RO         2292    .constdata          c_w.l(bigflt0.o)
    0x08016994   0x08016994   0x00000010   Data   RO         1650    .rodata.AHBPrescTable  system_stm32f1xx.o
    0x080169a4   0x080169a4   0x00000008   Data   RO         1651    .rodata.APBPrescTable  system_stm32f1xx.o
    0x080169ac   0x080169ac   0x00000010   Data   RO          519    .rodata.HAL_RCCEx_GetPeriphCLKFreq.aPLLMULFactorTable  stm32f1xx_hal_rcc_ex.o
    0x080169bc   0x080169bc   0x00000002   Data   RO          520    .rodata.HAL_RCCEx_GetPeriphCLKFreq.aPredivFactorTable  stm32f1xx_hal_rcc_ex.o
    0x080169be   0x080169be   0x00000010   Data   RO          504    .rodata.HAL_RCC_GetSysClockFreq.aPLLMULFactorTable  stm32f1xx_hal_rcc.o
    0x080169ce   0x080169ce   0x00000002   Data   RO          505    .rodata.HAL_RCC_GetSysClockFreq.aPredivFactorTable  stm32f1xx_hal_rcc.o
    0x080169d0   0x080169d0   0x00004e20   Data   RO         1817    .rodata.Logo100x100  logo100x100.o
    0x0801b7f0   0x0801b7f0   0x00000008   Data   RO         1818    .rodata.Logo_Art100  logo100x100.o
    0x0801b7f8   0x0801b7f8   0x00000008   Data   RO         1918    .rodata.__stderr_name  retarget_io.o
    0x0801b800   0x0801b800   0x00000007   Data   RO         1916    .rodata.__stdin_name  retarget_io.o
    0x0801b807   0x0801b807   0x00000008   Data   RO         1917    .rodata.__stdout_name  retarget_io.o
    0x0801b80f   0x0801b80f   0x00000001   PAD
    0x0801b810   0x0801b810   0x0000002c   Data   RO         1751    .rodata.fontArial10_B  arial10_b.o
    0x0801b83c   0x0801b83c   0x00000100   Data   RO         1748    .rodata.fontArial10_B_ascii_index_table  arial10_b.o
    0x0801b93c   0x0801b93c   0x0000046c   Data   RO         1745    .rodata.fontArial10_B_data_table  arial10_b.o
    0x0801bda8   0x0801bda8   0x00000004   Data   RO         1749    .rodata.fontArial10_B_glyph_ranges  arial10_b.o
    0x0801bdac   0x0801bdac   0x0000000c   Data   RO         1750    .rodata.fontArial10_B_glyph_set  arial10_b.o
    0x0801bdb8   0x0801bdb8   0x0000017c   Data   RO         1746    .rodata.fontArial10_B_offset_table  arial10_b.o
    0x0801bf34   0x0801bf34   0x000000bc   Data   RO         1747    .rodata.fontArial10_B_width_table  arial10_b.o
    0x0801bff0   0x0801bff0   0x0000002c   Data   RO         1775    .rodata.fontArial14_B  arial14_b.o
    0x0801c01c   0x0801c01c   0x00000100   Data   RO         1772    .rodata.fontArial14_B_ascii_index_table  arial14_b.o
    0x0801c11c   0x0801c11c   0x000008e4   Data   RO         1769    .rodata.fontArial14_B_data_table  arial14_b.o
    0x0801ca00   0x0801ca00   0x00000004   Data   RO         1773    .rodata.fontArial14_B_glyph_ranges  arial14_b.o
    0x0801ca04   0x0801ca04   0x0000000c   Data   RO         1774    .rodata.fontArial14_B_glyph_set  arial14_b.o
    0x0801ca10   0x0801ca10   0x0000017c   Data   RO         1770    .rodata.fontArial14_B_offset_table  arial14_b.o
    0x0801cb8c   0x0801cb8c   0x000000bc   Data   RO         1771    .rodata.fontArial14_B_width_table  arial14_b.o
    0x0801cc48   0x0801cc48   0x0000002c   Data   RO         1787    .rodata.fontArial20_B  arial20_b.o
    0x0801cc74   0x0801cc74   0x00000100   Data   RO         1784    .rodata.fontArial20_B_ascii_index_table  arial20_b.o
    0x0801cd74   0x0801cd74   0x000012e3   Data   RO         1781    .rodata.fontArial20_B_data_table  arial20_b.o
    0x0801e057   0x0801e057   0x00000001   PAD
    0x0801e058   0x0801e058   0x00000004   Data   RO         1785    .rodata.fontArial20_B_glyph_ranges  arial20_b.o
    0x0801e05c   0x0801e05c   0x0000000c   Data   RO         1786    .rodata.fontArial20_B_glyph_set  arial20_b.o
    0x0801e068   0x0801e068   0x0000017c   Data   RO         1782    .rodata.fontArial20_B_offset_table  arial20_b.o
    0x0801e1e4   0x0801e1e4   0x000000bc   Data   RO         1783    .rodata.fontArial20_B_width_table  arial20_b.o
    0x0801e2a0   0x0801e2a0   0x0000002c   Data   RO         1799    .rodata.fontArial36_B  arial36_b.o
    0x0801e2cc   0x0801e2cc   0x00000100   Data   RO         1796    .rodata.fontArial36_B_ascii_index_table  arial36_b.o
    0x0801e3cc   0x0801e3cc   0x0000395d   Data   RO         1793    .rodata.fontArial36_B_data_table  arial36_b.o
    0x08021d29   0x08021d29   0x00000001   PAD
    0x08021d2a   0x08021d2a   0x00000004   Data   RO         1797    .rodata.fontArial36_B_glyph_ranges  arial36_b.o
    0x08021d2e   0x08021d2e   0x00000002   PAD
    0x08021d30   0x08021d30   0x0000000c   Data   RO         1798    .rodata.fontArial36_B_glyph_set  arial36_b.o
    0x08021d3c   0x08021d3c   0x0000017c   Data   RO         1794    .rodata.fontArial36_B_offset_table  arial36_b.o
    0x08021eb8   0x08021eb8   0x000000bc   Data   RO         1795    .rodata.fontArial36_B_width_table  arial36_b.o
    0x08021f74   0x08021f74   0x0000002c   Data   RO         1811    .rodata.fontArial48_B  arial48_b.o
    0x08021fa0   0x08021fa0   0x00000100   Data   RO         1808    .rodata.fontArial48_B_ascii_index_table  arial48_b.o
    0x080220a0   0x080220a0   0x0000597d   Data   RO         1805    .rodata.fontArial48_B_data_table  arial48_b.o
    0x08027a1d   0x08027a1d   0x00000001   PAD
    0x08027a1e   0x08027a1e   0x00000004   Data   RO         1809    .rodata.fontArial48_B_glyph_ranges  arial48_b.o
    0x08027a22   0x08027a22   0x00000002   PAD
    0x08027a24   0x08027a24   0x0000000c   Data   RO         1810    .rodata.fontArial48_B_glyph_set  arial48_b.o
    0x08027a30   0x08027a30   0x0000017c   Data   RO         1806    .rodata.fontArial48_B_offset_table  arial48_b.o
    0x08027bac   0x08027bac   0x000000bc   Data   RO         1807    .rodata.fontArial48_B_width_table  arial48_b.o
    0x08027c68   0x08027c68   0x00000deb   Data   RO          189    .rodata.str1.1      main.o
    0x08028a53   0x08028a53   0x0000008f   Data   RO         1841    .rodata.str1.1      temp.o
    0x08028ae2   0x08028ae2   0x0000002a   Data   RO         1887    .rodata.str1.1      mygpio.o
    0x08028b0c   0x08028b0c   0x00000017   Data   RO         1919    .rodata.str1.1      retarget_io.o
    0x08028b23   0x08028b23   0x00000001   PAD
    0x08028b24   0x08028b24   0x00000020   Data   RO         2564    Region$$Table       anon$$obj.o
    0x08028b44   0x08028b44   0x0000001c   Data   RO         2331    locale$$data        c_w.l(lc_numeric_c.o)
    0x08028b60   0x08028b60   0x00000110   Data   RO         2458    locale$$data        c_w.l(lc_ctype_c.o)


    Execution Region RW_IRAM1 (Exec base: 0x20000000, Load base: 0x08028c70, Size: 0x00005e30, Max: 0x0000c000, ABSOLUTE)

    Exec Addr    Load Addr    Size         Type   Attr      Idx    E Section Name        Object

    0x20000000   0x08028c70   0x00000004   Data   RW         2104    .data               c_w.l(stdio_streams.o)
    0x20000004   0x08028c74   0x00000004   Data   RW         2105    .data               c_w.l(stdio_streams.o)
    0x20000008   0x08028c78   0x00000004   Data   RW         2106    .data               c_w.l(stdio_streams.o)
    0x2000000c   0x08028c7c   0x00000001   Data   RW           73    .data.ByPassTime    main.o
    0x2000000d   0x08028c7d   0x00000001   PAD
    0x2000000e   0x08028c7e   0x00000002   Data   RW           76    .data.ByPassTimer   main.o
    0x20000010   0x08028c80   0x00000004   Data   RW          144    .data.DeltaDesierTemprature  main.o
    0x20000014   0x08028c84   0x00000004   Data   RW          146    .data.DesigerDeltaPressure  main.o
    0x20000018   0x08028c88   0x00000001   Data   RW          148    .data.Max_P30       main.o
    0x20000019   0x08028c89   0x00000003   PAD
    0x2000001c   0x08028c8c   0x00000004   Data   RW          145    .data.PressureSetPoint  main.o
    0x20000020   0x08028c90   0x00000004   Data   RW           72    .data.Presure       main.o
    0x20000024   0x08028c94   0x00000004   Data   RW          157    .data.SDI_15_100mL  main.o
    0x20000028   0x08028c98   0x00000004   Data   RW         1649    .data.SystemCoreClock  system_stm32f1xx.o
    0x2000002c   0x08028c9c   0x00000004   Data   RW           71    .data.TempWater     main.o
    0x20000030   0x08028ca0   0x00000001   Data   RW          183    .data.levelWater    main.o
    0x20000031   0x08028ca1   0x00000001   Data   RW          158    .data.numberOfsampleSave  main.o
    0x20000032   0x08028ca2   0x00000002   Data   RW          143    .data.passwordSaved  main.o
    0x20000034   0x08028ca4   0x00000004   Data   RW          110    .data.timeCertain   main.o
    0x20000038   0x08028ca8   0x00000004   Data   RW          135    .data.timeRejecton100Primary  main.o
    0x2000003c   0x08028cac   0x00000004   Data   RW          136    .data.timeRejecton500Primary  main.o
    0x20000040   0x08028cb0   0x00000004   Data   RW          138    .data.timeRejectonTf_10_100mL  main.o
    0x20000044   0x08028cb4   0x00000004   Data   RW          141    .data.timeRejectonTf_10_500mL  main.o
    0x20000048   0x08028cb8   0x00000004   Data   RW          139    .data.timeRejectonTf_15_100mL  main.o
    0x2000004c   0x08028cbc   0x00000004   Data   RW          142    .data.timeRejectonTf_15_500mL  main.o
    0x20000050   0x08028cc0   0x00000004   Data   RW          137    .data.timeRejectonTf_5_100mL  main.o
    0x20000054   0x08028cc4   0x00000004   Data   RW          140    .data.timeRejectonTf_5_500mL  main.o
    0x20000058   0x08028cc8   0x00000001   Data   RW          465    .data.uwTickFreq    stm32f1xx_hal.o
    0x20000059   0x08028cc9   0x00000003   PAD
    0x2000005c   0x08028ccc   0x00000004   Data   RW          464    .data.uwTickPrio    stm32f1xx_hal.o
    0x20000060   0x08028cd0   0x00000001   Data   RW          159    .data.whichSample   main.o
    0x20000061   0x08028cd1   0x00000007   PAD
    0x20000068        -       0x00000054   Zero   RW         2101    .bss                c_w.l(stdio_streams.o)
    0x200000bc        -       0x00000054   Zero   RW         2102    .bss                c_w.l(stdio_streams.o)
    0x20000110        -       0x00000054   Zero   RW         2103    .bss                c_w.l(stdio_streams.o)
    0x20000164        -       0x00000060   Zero   RW         2220    .bss                c_w.l(libspace.o)
    0x200001c4        -       0x00002ee0   Zero   RW          192    .bss.ADC1_Buffer    main.o
    0x200030a4        -       0x00000004   Zero   RW          103    .bss.CounterRefresh  main.o
    0x200030a8        -       0x00000004   Zero   RW          194    .bss.DelatPressure  main.o
    0x200030ac        -       0x00000032   Zero   RW          191    .bss.LCDString      main.o
    0x200030de   0x08028cd1   0x00000002   PAD
    0x200030e0        -       0x00000004   Zero   RW          132    .bss.P_30_10        main.o
    0x200030e4        -       0x00000004   Zero   RW          150    .bss.P_30_10_100mL  main.o
    0x200030e8        -       0x00000004   Zero   RW          133    .bss.P_30_15        main.o
    0x200030ec        -       0x00000004   Zero   RW          151    .bss.P_30_15_100mL  main.o
    0x200030f0        -       0x00000004   Zero   RW          131    .bss.P_30_5         main.o
    0x200030f4        -       0x00000004   Zero   RW          149    .bss.P_30_5_100mL   main.o
    0x200030f8        -       0x00000001   Zero   RW           74    .bss.Pos            main.o
    0x200030f9        -       0x00000001   Zero   RW          166    .bss.PosT100m       main.o
    0x200030fa   0x08028cd1   0x00000002   PAD
    0x200030fc        -       0x00000004   Zero   RW           86    .bss.PreAve         main.o
    0x20003100        -       0x00000004   Zero   RW          101    .bss.PressureAux    main.o
    0x20003104        -       0x00000004   Zero   RW          193    .bss.PressureSave   main.o
    0x20003108        -       0x00000004   Zero   RW          147    .bss.PresurePrimary  main.o
    0x2000310c        -       0x00000078   Zero   RW           90    .bss.RecordedPresure  main.o
    0x20003184        -       0x00000078   Zero   RW           91    .bss.RecordedTemprature  main.o
    0x200031fc        -       0x00000001   Zero   RW           75    .bss.RefreshDisplay  main.o
    0x200031fd   0x08028cd1   0x00000003   PAD
    0x20003200        -       0x00000004   Zero   RW          153    .bss.SDI_10         main.o
    0x20003204        -       0x00000004   Zero   RW          156    .bss.SDI_10_100mL   main.o
    0x20003208        -       0x00000004   Zero   RW          154    .bss.SDI_15         main.o
    0x2000320c        -       0x00000004   Zero   RW          152    .bss.SDI_5          main.o
    0x20003210        -       0x00000004   Zero   RW          155    .bss.SDI_5_100mL    main.o
    0x20003214        -       0x00000004   Zero   RW          102    .bss.TempAux        main.o
    0x20003218        -       0x00000004   Zero   RW          125    .bss.Tf_10          main.o
    0x2000321c        -       0x00000004   Zero   RW          129    .bss.Tf_10_100mL    main.o
    0x20003220        -       0x00000004   Zero   RW          126    .bss.Tf_15          main.o
    0x20003224        -       0x00000004   Zero   RW          130    .bss.Tf_15_100mL    main.o
    0x20003228        -       0x00000004   Zero   RW          124    .bss.Tf_5           main.o
    0x2000322c        -       0x00000004   Zero   RW          128    .bss.Tf_5_100mL     main.o
    0x20003230        -       0x00000004   Zero   RW          123    .bss.Ti             main.o
    0x20003234        -       0x00000004   Zero   RW          127    .bss.Ti_100mL       main.o
    0x20003238        -       0x00000002   Zero   RW           97    .bss.TimeCount      main.o
    0x2000323a        -       0x00000002   Zero   RW           98    .bss.TimeCounter    main.o
    0x2000323c        -       0x00000002   Zero   RW           99    .bss.Time_Minute    main.o
    0x2000323e        -       0x00000002   Zero   RW          198    .bss.Time_Second    main.o
    0x20003240        -       0x00000002   Zero   RW          100    .bss.Time_mSecond   main.o
    0x20003242        -       0x00000001   Zero   RW           89    .bss._100mLLevelPass  main.o
    0x20003243        -       0x00000001   Zero   RW           88    .bss._HighLevelPass  main.o
    0x20003244        -       0x00000001   Zero   RW           87    .bss._LowLevelPass  main.o
    0x20003245   0x08028cd1   0x00000003   PAD
    0x20003248        -       0x00000fa0   Zero   RW         1839    .bss.adcPresure     temp.o
    0x200041e8        -       0x00000004   Zero   RW         1836    .bss.adcPresureAvg  temp.o
    0x200041ec        -       0x00000004   Zero   RW         1835    .bss.adcPresureSum  temp.o
    0x200041f0        -       0x00000fa0   Zero   RW         1840    .bss.adcTemprature  temp.o
    0x20005190        -       0x00000004   Zero   RW         1838    .bss.adcTempratureAvg  temp.o
    0x20005194        -       0x00000004   Zero   RW         1837    .bss.adcTempratureSum  temp.o
    0x20005198        -       0x00000001   Zero   RW           83    .bss.button_pressed  main.o
    0x20005199        -       0x00000004   Zero   RW         1865    .bss.bytes_temp     eeprom.o
    0x2000519d   0x08028cd1   0x00000003   PAD
    0x200051a0        -       0x00000004   Zero   RW           95    .bss.countPRE       main.o
    0x200051a4        -       0x00000004   Zero   RW           94    .bss.countTMP       main.o
    0x200051a8        -       0x00000002   Zero   RW           96    .bss.counter        main.o
    0x200051aa        -       0x00000002   Zero   RW          180    .bss.currentPassword  main.o
    0x200051ac        -       0x00000001   Zero   RW          174    .bss.cursorPressure  main.o
    0x200051ad        -       0x00000001   Zero   RW          176    .bss.cursorTemprature  main.o
    0x200051ae        -       0x00000001   Zero   RW          175    .bss.cursorTiming   main.o
    0x200051af   0x08028cd1   0x00000001   PAD
    0x200051b0        -       0x00000004   Zero   RW          105    .bss.endSysTick     main.o
    0x200051b4        -       0x00000001   Zero   RW          186    .bss.erroeCode      main.o
    0x200051b5        -       0x00000001   Zero   RW          172    .bss.exitPress      main.o
    0x200051b6   0x08028cd1   0x00000002   PAD
    0x200051b8        -       0x00000030   Zero   RW          204    .bss.hadc1          main.o
    0x200051e8        -       0x00000044   Zero   RW          205    .bss.hdma_adc1      main.o
    0x2000522c        -       0x00000054   Zero   RW          206    .bss.hi2c2          main.o
    0x20005280        -       0x00000014   Zero   RW          207    .bss.hrtc           main.o
    0x20005294        -       0x00000058   Zero   RW          208    .bss.hspi1          main.o
    0x200052ec        -       0x00000048   Zero   RW          201    .bss.htim1          main.o
    0x20005334        -       0x00000048   Zero   RW          202    .bss.htim2          main.o
    0x2000537c        -       0x00000048   Zero   RW          203    .bss.htim3          main.o
    0x200053c4        -       0x00000048   Zero   RW          209    .bss.htim7          main.o
    0x2000540c        -       0x00000048   Zero   RW          210    .bss.huart1         main.o
    0x20005454        -       0x00000004   Zero   RW           93    .bss.indexPRE       main.o
    0x20005458        -       0x00000004   Zero   RW           92    .bss.indexTMP       main.o
    0x2000545c        -       0x00000004   Zero   RW          196    .bss.intervalPressure  main.o
    0x20005460        -       0x00000004   Zero   RW          197    .bss.intervalTemprature  main.o
    0x20005464        -       0x00000001   Zero   RW          187    .bss.key            main.o
    0x20005465        -       0x00000001   Zero   RW          163    .bss.keyState       main.o
    0x20005466        -       0x00000001   Zero   RW          181    .bss.levelSwitch    main.o
    0x20005467        -       0x00000001   Zero   RW          184    .bss.menu           main.o
    0x20005468        -       0x00000004   Zero   RW          106    .bss.milliSecond    main.o
    0x2000546c        -       0x00000004   Zero   RW          165    .bss.pressDurationExit  main.o
    0x20005470        -       0x00000004   Zero   RW          164    .bss.pressDurationMenu  main.o
    0x20005474        -       0x00000002   Zero   RW          160    .bss.pressMenuKey   main.o
    0x20005476   0x08028cd1   0x00000002   PAD
    0x20005478        -       0x00000004   Zero   RW          162    .bss.pressStartTime  main.o
    0x2000547c        -       0x00000004   Zero   RW          199    .bss.primPresure    main.o
    0x20005480        -       0x00000004   Zero   RW          200    .bss.primTemprature  main.o
    0x20005484        -       0x0000003c   Zero   RW          190    .bss.saveMenuDataSetting  main.o
    0x200054c0        -       0x00000020   Zero   RW          195    .bss.saveSDI        main.o
    0x200054e0        -       0x00000001   Zero   RW          182    .bss.stageTime      main.o
    0x200054e1   0x08028cd1   0x00000003   PAD
    0x200054e4        -       0x00000004   Zero   RW          104    .bss.startSysTick   main.o
    0x200054e8        -       0x00000001   Zero   RW          188    .bss.stateProcess   main.o
    0x200054e9        -       0x00000001   Zero   RW          185    .bss.sttingMenu     main.o
    0x200054ea   0x08028cd1   0x00000002   PAD
    0x200054ec        -       0x00000004   Zero   RW          117    .bss.timeLevel_000_10  main.o
    0x200054f0        -       0x00000004   Zero   RW          120    .bss.timeLevel_000_15  main.o
    0x200054f4        -       0x00000004   Zero   RW          114    .bss.timeLevel_000_5  main.o
    0x200054f8        -       0x00000004   Zero   RW          107    .bss.timeLevel_000_primary  main.o
    0x200054fc        -       0x00000004   Zero   RW          118    .bss.timeLevel_100_10  main.o
    0x20005500        -       0x00000004   Zero   RW          121    .bss.timeLevel_100_15  main.o
    0x20005504        -       0x00000004   Zero   RW          115    .bss.timeLevel_100_5  main.o
    0x20005508        -       0x00000004   Zero   RW          108    .bss.timeLevel_100_primary  main.o
    0x2000550c        -       0x00000004   Zero   RW          119    .bss.timeLevel_500_10  main.o
    0x20005510        -       0x00000004   Zero   RW          122    .bss.timeLevel_500_15  main.o
    0x20005514        -       0x00000004   Zero   RW          116    .bss.timeLevel_500_5  main.o
    0x20005518        -       0x00000004   Zero   RW          109    .bss.timeLevel_500_primary  main.o
    0x2000551c        -       0x00000004   Zero   RW          262    .bss.timeMS         stm32f1xx_it.o
    0x20005520        -       0x00000004   Zero   RW          263    .bss.timeMS_Total   stm32f1xx_it.o
    0x20005524        -       0x00000004   Zero   RW          264    .bss.timePress      stm32f1xx_it.o
    0x20005528        -       0x00000004   Zero   RW          134    .bss.timeRejecton000Primary  main.o
    0x2000552c        -       0x00000004   Zero   RW          466    .bss.uwTick         stm32f1xx_hal.o
    0x20005530        -       0x00000300   Zero   RW            2    HEAP                startup_stm32f103xe.o
    0x20005830        -       0x00000600   Zero   RW            1    STACK               startup_stm32f103xe.o


==============================================================================

Image component sizes


      Code (inc. data)   RO Data    RW Data    ZI Data      Debug   Object Name

         0          0       2016          0          0       1454   arial10_b.o
         0          0       3160          0          0       1454   arial14_b.o
         0          0       5719          0          0       1454   arial20_b.o
         0          0      15569          0          0       1454   arial36_b.o
         0          0      23793          0          0       1454   arial48_b.o
       818          0          0          0          4       2835   eeprom.o
      2354          4          0          0          0      10461   ili9341.o
         0          0      20008          0          0        579   logo100x100.o
     47016         10       3563         69      13297      39562   main.o
       218          0         42          0          0       2281   mygpio.o
       632          0         46          0          0       2989   retarget_io.o
        64         26        304          0       2304        776   startup_stm32f103xe.o
       254          0          0          5          4       5863   stm32f1xx_hal.o
      2106          0          0          0          0       9383   stm32f1xx_hal_adc.o
       482          0          0          0          0       7849   stm32f1xx_hal_cortex.o
      2194          0          0          0          0       7308   stm32f1xx_hal_dma.o
      1002          0          0          0          0       4235   stm32f1xx_hal_gpio.o
      4510          0          0          0          0      37437   stm32f1xx_hal_i2c.o
      1296          0          0          0          0      13520   stm32f1xx_hal_msp.o
        12          0          0          0          0       3954   stm32f1xx_hal_pwr.o
      2582          0         18          0          0       7398   stm32f1xx_hal_rcc.o
       888         16         18          0          0       3217   stm32f1xx_hal_rcc_ex.o
      1854          0          0          0          0      10973   stm32f1xx_hal_rtc.o
       154          0          0          0          0       5561   stm32f1xx_hal_rtc_ex.o
      1326          0          0          0          0      18923   stm32f1xx_hal_spi.o
      3470         14          0          0          0      35805   stm32f1xx_hal_tim.o
       856          0          0          0          0      15080   stm32f1xx_hal_tim_ex.o
       344          0          0          0          0      20024   stm32f1xx_hal_uart.o
       260          0          0          0         12       2168   stm32f1xx_it.o
         2          0         24          4          0       1540   system_stm32f1xx.o
      1352          0        143          0       8016       2769   temp.o

    ----------------------------------------------------------------------
     76240         70      74464         88      23664     279760   Object Totals
         0          0         32          0          0          0   (incl. Generated)
       194          0          9         10         27          0   (incl. Padding)

    ----------------------------------------------------------------------

      Code (inc. data)   RO Data    RW Data    ZI Data      Debug   Library Member Name

         8          0          0          0          0         68   __main.o
       392          4         17          0          0         92   __printf_flags_ss_wp.o
        14          0          0          0          0         68   __printf_wp.o
         0          0          0          0          0          0   __rtentry.o
        12          0          0          0          0          0   __rtentry2.o
         6          0          0          0          0          0   __rtentry4.o
        94          8          0          0          0          0   __scatter.o
        26          0          0          0          0          0   __scatter_copy.o
        28          0          0          0          0          0   __scatter_zi.o
        72          0          0          0          0         96   _c16rtomb.o
         6          0          0          0          0          0   _printf_a.o
         6          0          0          0          0          0   _printf_c.o
        44          0          0          0          0        108   _printf_char.o
        48          6          0          0          0         96   _printf_char_common.o
        36          4          0          0          0         80   _printf_char_file.o
        40          0          0          0          0         68   _printf_charcount.o
         6          0          0          0          0          0   _printf_d.o
       120         16          0          0          0         92   _printf_dec.o
         6          0          0          0          0          0   _printf_e.o
         6          0          0          0          0          0   _printf_f.o
      1052          0          0          0          0        148   _printf_fp_dec.o
       764          8         38          0          0        100   _printf_fp_hex.o
       128         16          0          0          0         84   _printf_fp_infnan.o
         6          0          0          0          0          0   _printf_g.o
       148          4         40          0          0        160   _printf_hex_int_ll_ptr.o
         6          0          0          0          0          0   _printf_i.o
       178          0          0          0          0         88   _printf_intcommon.o
        10          0          0          0          0          0   _printf_l.o
         6          0          0          0          0          0   _printf_lc.o
        10          0          0          0          0          0   _printf_ll.o
         6          0          0          0          0          0   _printf_lld.o
         6          0          0          0          0          0   _printf_lli.o
         6          0          0          0          0          0   _printf_llo.o
         6          0          0          0          0          0   _printf_llu.o
         6          0          0          0          0          0   _printf_llx.o
       124         16          0          0          0         92   _printf_longlong_dec.o
         6          0          0          0          0          0   _printf_ls.o
         6          0          0          0          0          0   _printf_n.o
         6          0          0          0          0          0   _printf_o.o
       112          8          0          0          0        124   _printf_oct_int_ll.o
         6          0          0          0          0          0   _printf_p.o
        78          0          0          0          0        108   _printf_pad.o
         0          0          0          0          0          0   _printf_percent.o
         4          0          0          0          0          0   _printf_percent_end.o
         6          0          0          0          0          0   _printf_s.o
        82          0          0          0          0         80   _printf_str.o
        36          0          0          0          0         84   _printf_truncate.o
         6          0          0          0          0          0   _printf_u.o
        44          0          0          0          0        108   _printf_wchar.o
       188          6          8          0          0         92   _printf_wctomb.o
         6          0          0          0          0          0   _printf_x.o
        22          0          0          0          0        100   _rserrno.o
        10          0          0          0          0         68   _sputc.o
       228          4        148          0          0         96   bigflt0.o
      1936        128          0          0          0        668   btod.o
        10          0          0          0          0         68   defsig_exit.o
        50          0          0          0          0         88   defsig_general.o
        80         58          0          0          0         76   defsig_rtmem_inner.o
        14          0          0          0          0         80   defsig_rtmem_outer.o
        52         38          0          0          0         76   defsig_rtred_inner.o
        14          0          0          0          0         80   defsig_rtred_outer.o
        18          0          0          0          0         80   exit.o
        76          0          0          0          0         88   fclose.o
         8          0          0          0          0         68   ferror.o
       482          0          0          0          0         92   flsbuf.o
       240          6          0          0          0        128   fopen.o
        28          0          0          0          0         68   fputc.o
       248          6          0          0          0         84   fseek.o
        66          0          0          0          0         76   ftell.o
        94          0          0          0          0         80   h1_alloc.o
        52          0          0          0          0         68   h1_extend.o
        78          0          0          0          0         80   h1_free.o
        12          0          0          0          0         84   h1_init.o
         6          0          0          0          0        152   heapauxi.o
         4          0          0          0          0        136   hguard.o
         0          0          0          0          0          0   indicate_semi.o
       138          0          0          0          0        168   init_alloc.o
       312         46          0          0          0        112   initio.o
        44         10        272          0          0         76   lc_ctype_c.o
        44         10         28          0          0         76   lc_numeric_c.o
         2          0          0          0          0          0   libinit.o
        42          0          0          0          0          0   libinit2.o
         2          0          0          0          0          0   libshutdown.o
         6          0          0          0          0          0   libshutdown2.o
         8          4          0          0         96         68   libspace.o
       138          0          0          0          0         80   lludiv10.o
         0          0          0          0          0          0   maybetermalloc1.o
        24          4          0          0          0         84   printf.o
        16          4          0          0          0         76   rt_ctype_table.o
         8          4          0          0          0         68   rt_errno_addr_intlibspace.o
         8          4          0          0          0         68   rt_heap_descriptor_intlibspace.o
         8          4          0          0          0         68   rt_locale_intlibspace.o
        78          0          0          0          0         80   rt_memclr_w.o
       138          0          0          0          0         68   rt_memcpy_v6.o
       100          0          0          0          0         80   rt_memcpy_w.o
         2          0          0          0          0          0   rtexit.o
        10          0          0          0          0          0   rtexit2.o
        70          0          0          0          0         80   setvbuf.o
        44          6          0          0          0         84   sprintf.o
       264          6          0          0          0        160   stdio.o
         0          0          0         12        252          0   stdio_streams.o
       128          0          0          0          0         68   strcmpv7m.o
        12          4          0          0          0         68   sys_exit.o
        74          0          0          0          0         80   sys_stackheap_outer.o
        14          0          0          0          0         76   sys_wrch.o
         2          0          0          0          0         68   use_no_semi.o
        98          4          0          0          0         92   d2f.o
       834         16          0          0          0        372   daddsub_clz.o
        16          4          0          0          0         68   dcheck1.o
        84          0          0          0          0        196   dcmp.o
        24          0          0          0          0         68   dcmpi.o
       692        140          0          0          0        216   ddiv.o
       120          4          0          0          0         92   deqf.o
        94          4          0          0          0         92   dfix.o
        84          0          0          0          0        136   dflt_clz.o
       120          4          0          0          0         92   dgeqf.o
       120          4          0          0          0         92   dleqf.o
       340         12          0          0          0        104   dmul.o
       156          4          0          0          0         92   dnaninf.o
        12          0          0          0          0         68   dretinf.o
        86          4          0          0          0         84   f2d.o
       430          8          0          0          0        168   faddsub_clz.o
        84          0          0          0          0        196   fcmp.o
        24          0          0          0          0         68   fcmpi.o
       388         76          0          0          0         96   fdiv.o
       104          4          0          0          0         84   feqf.o
        54          4          0          0          0         84   ffix.o
        62          4          0          0          0         84   ffixu.o
        86          0          0          0          0        136   fflt_clz.o
       104          4          0          0          0         84   fgeqf.o
       104          4          0          0          0         84   fleqf.o
       258          4          0          0          0         84   fmul.o
       140          4          0          0          0         84   fnaninf.o
        10          0          0          0          0         68   fretinf.o
         4          0          0          0          0         68   printf1.o
         4          0          0          0          0         68   printf2.o
       100          0          0          0          0         68   retnan.o
        92          0          0          0          0         68   scalbn.o
        48          0          0          0          0         68   trapv.o
         0          0          0          0          0          0   usenofp.o
        34          4          0          0          0        204   dunder.o
        40          0          0          0          0         68   fpclassify.o
       860         52         56          0          0        256   log.o
       170          0          0          0          0         96   poly.o
         0          0          8          0          0          0   qnan.o

    ----------------------------------------------------------------------
     15696        810        624         12        348      10724   Library Totals
        34          0          9          0          0          0   (incl. Padding)

    ----------------------------------------------------------------------

      Code (inc. data)   RO Data    RW Data    ZI Data      Debug   Library Name

      9582        442        551         12        348       6576   c_w.l
      4976        312          0          0          0       3524   fz_ws.l
      1104         56         64          0          0        624   m_ws.l

    ----------------------------------------------------------------------
     15696        810        624         12        348      10724   Library Totals

    ----------------------------------------------------------------------

==============================================================================


      Code (inc. data)   RO Data    RW Data    ZI Data      Debug   

     91936        880      75088        100      24012     284160   Grand Totals
     91936        880      75088        100      24012     284160   ELF Image Totals
     91936        880      75088        100          0          0   ROM Totals

==============================================================================

    Total RO  Size (Code + RO Data)               167024 ( 163.11kB)
    Total RW  Size (RW Data + ZI Data)             24112 (  23.55kB)
    Total ROM Size (Code + RO Data + RW Data)     167124 ( 163.21kB)

==============================================================================

